Archive member included to satisfy reference by file (symbol)

d:/fetel_worksoft/intelfpga_lite/23.1std/nios2eds/bin/gnu/h-x86_64-mingw32/bin/../lib/gcc/nios2-elf/12.3.1/../../../../../H-x86_64-mingw32/nios2-elf/lib/mno-hw-mul\libsmallc.a(libc_a-printf.o)
                              obj/default/hello_world.o (printf)
d:/fetel_worksoft/intelfpga_lite/23.1std/nios2eds/bin/gnu/h-x86_64-mingw32/bin/../lib/gcc/nios2-elf/12.3.1/../../../../../H-x86_64-mingw32/nios2-elf/lib/mno-hw-mul\libsmallc.a(libc_a-puts.o)
                              obj/default/hello_world.o (puts)
d:/fetel_worksoft/intelfpga_lite/23.1std/nios2eds/bin/gnu/h-x86_64-mingw32/bin/../lib/gcc/nios2-elf/12.3.1/../../../../../H-x86_64-mingw32/nios2-elf/lib/mno-hw-mul\libsmallc.a(libc_a-strlen.o)
                              d:/fetel_worksoft/intelfpga_lite/23.1std/nios2eds/bin/gnu/h-x86_64-mingw32/bin/../lib/gcc/nios2-elf/12.3.1/../../../../../H-x86_64-mingw32/nios2-elf/lib/mno-hw-mul\libsmallc.a(libc_a-puts.o) (strlen)
d:/fetel_worksoft/intelfpga_lite/23.1std/nios2eds/bin/gnu/h-x86_64-mingw32/bin/../lib/gcc/nios2-elf/12.3.1/../../../../../H-x86_64-mingw32/nios2-elf/lib/mno-hw-mul\libsmallc.a(libc_a-impure.o)
                              d:/fetel_worksoft/intelfpga_lite/23.1std/nios2eds/bin/gnu/h-x86_64-mingw32/bin/../lib/gcc/nios2-elf/12.3.1/../../../../../H-x86_64-mingw32/nios2-elf/lib/mno-hw-mul\libsmallc.a(libc_a-printf.o) (_impure_ptr)
d:/fetel_worksoft/intelfpga_lite/23.1std/nios2eds/bin/gnu/h-x86_64-mingw32/bin/../lib/gcc/nios2-elf/12.3.1/../../../../../H-x86_64-mingw32/nios2-elf/lib/mno-hw-mul\libsmallc.a(libc_a-vfprintf.o)
                              d:/fetel_worksoft/intelfpga_lite/23.1std/nios2eds/bin/gnu/h-x86_64-mingw32/bin/../lib/gcc/nios2-elf/12.3.1/../../../../../H-x86_64-mingw32/nios2-elf/lib/mno-hw-mul\libsmallc.a(libc_a-printf.o) (___vfprintf_internal_r)
d:/fetel_worksoft/intelfpga_lite/23.1std/nios2eds/bin/gnu/h-x86_64-mingw32/bin/../lib/gcc/nios2-elf/12.3.1/../../../../../H-x86_64-mingw32/nios2-elf/lib/mno-hw-mul\libsmallc.a(libc_a-fvwrite_small_dev.o)
                              d:/fetel_worksoft/intelfpga_lite/23.1std/nios2eds/bin/gnu/h-x86_64-mingw32/bin/../lib/gcc/nios2-elf/12.3.1/../../../../../H-x86_64-mingw32/nios2-elf/lib/mno-hw-mul\libsmallc.a(libc_a-printf.o) (__sfvwrite_small_dev)
d:/fetel_worksoft/intelfpga_lite/23.1std/nios2eds/bin/gnu/h-x86_64-mingw32/bin/../lib/gcc/nios2-elf/12.3.1/../../../../../H-x86_64-mingw32/nios2-elf/lib/mno-hw-mul\libsmallc.a(libc_a-writer.o)
                              d:/fetel_worksoft/intelfpga_lite/23.1std/nios2eds/bin/gnu/h-x86_64-mingw32/bin/../lib/gcc/nios2-elf/12.3.1/../../../../../H-x86_64-mingw32/nios2-elf/lib/mno-hw-mul\libsmallc.a(libc_a-fvwrite_small_dev.o) (_write_r)
d:/fetel_worksoft/intelfpga_lite/23.1std/nios2eds/bin/gnu/h-x86_64-mingw32/bin/../lib/gcc/nios2-elf/12.3.1/../../../../../H-x86_64-mingw32/nios2-elf/lib/mno-hw-mul\libsmallc.a(libc_a-int_errno.o)
                              d:/fetel_worksoft/intelfpga_lite/23.1std/nios2eds/bin/gnu/h-x86_64-mingw32/bin/../lib/gcc/nios2-elf/12.3.1/../../../../../H-x86_64-mingw32/nios2-elf/lib/mno-hw-mul\libsmallc.a(libc_a-writer.o) (errno)
d:/fetel_worksoft/intelfpga_lite/23.1std/nios2eds/bin/gnu/h-x86_64-mingw32/bin/../lib/gcc/nios2-elf/12.3.1/mno-hw-mul\libgcc.a(lib2-divmod.o)
                              d:/fetel_worksoft/intelfpga_lite/23.1std/nios2eds/bin/gnu/h-x86_64-mingw32/bin/../lib/gcc/nios2-elf/12.3.1/../../../../../H-x86_64-mingw32/nios2-elf/lib/mno-hw-mul\libsmallc.a(libc_a-vfprintf.o) (__udivsi3)
d:/fetel_worksoft/intelfpga_lite/23.1std/nios2eds/bin/gnu/h-x86_64-mingw32/bin/../lib/gcc/nios2-elf/12.3.1/mno-hw-mul\libgcc.a(lib2-mul.o)
                              d:/fetel_worksoft/intelfpga_lite/23.1std/nios2eds/bin/gnu/h-x86_64-mingw32/bin/../lib/gcc/nios2-elf/12.3.1/../../../../../H-x86_64-mingw32/nios2-elf/lib/mno-hw-mul\libsmallc.a(libc_a-vfprintf.o) (__mulsi3)
d:/FETEL_WorkDir/Y4S2_DMA_InternReport/software/DMANiosII_bsp/\libhal_bsp.a(alt_load.o)
                              d:/FETEL_WorkDir/Y4S2_DMA_InternReport/software/DMANiosII_bsp//obj/HAL/src/crt0.o (alt_load)
d:/FETEL_WorkDir/Y4S2_DMA_InternReport/software/DMANiosII_bsp/\libhal_bsp.a(alt_main.o)
                              d:/FETEL_WorkDir/Y4S2_DMA_InternReport/software/DMANiosII_bsp//obj/HAL/src/crt0.o (alt_main)
d:/FETEL_WorkDir/Y4S2_DMA_InternReport/software/DMANiosII_bsp/\libhal_bsp.a(alt_write.o)
                              d:/fetel_worksoft/intelfpga_lite/23.1std/nios2eds/bin/gnu/h-x86_64-mingw32/bin/../lib/gcc/nios2-elf/12.3.1/../../../../../H-x86_64-mingw32/nios2-elf/lib/mno-hw-mul\libsmallc.a(libc_a-writer.o) (write)
d:/FETEL_WorkDir/Y4S2_DMA_InternReport/software/DMANiosII_bsp/\libhal_bsp.a(alt_sys_init.o)
                              d:/FETEL_WorkDir/Y4S2_DMA_InternReport/software/DMANiosII_bsp/\libhal_bsp.a(alt_main.o) (alt_irq_init)
[...]
Memory Configuration

Name             Origin             Length             Attributes
reset            0x00000000         0x00000020
onchip_memory2_0 0x00000020         0x0001ffe0
onchip_memory2_1 0x00020000         0x00020000
*default*        0x00000000         0xffffffff

Linker script and memory map

LOAD d:/FETEL_WorkDir/Y4S2_DMA_InternReport/software/DMANiosII_bsp//obj/HAL/src/crt0.o
LOAD obj/default/hello_world.o
LOAD d:/fetel_worksoft/intelfpga_lite/23.1std/nios2eds/bin/gnu/h-x86_64-mingw32/bin/../lib/gcc/nios2-elf/12.3.1/../../../../../H-x86_64-mingw32/nios2-elf/lib/mno-hw-mul\libstdc++.a
LOAD d:/fetel_worksoft/intelfpga_lite/23.1std/nios2eds/bin/gnu/h-x86_64-mingw32/bin/../lib/gcc/nios2-elf/12.3.1/../../../../../H-x86_64-mingw32/nios2-elf/lib/mno-hw-mul\libm.a
LOAD d:/fetel_worksoft/intelfpga_lite/23.1std/nios2eds/bin/gnu/h-x86_64-mingw32/bin/../lib/gcc/nios2-elf/12.3.1/mno-hw-mul\libgcc.a
START GROUP
LOAD d:/fetel_worksoft/intelfpga_lite/23.1std/nios2eds/bin/gnu/h-x86_64-mingw32/bin/../lib/gcc/nios2-elf/12.3.1/../../../../../H-x86_64-mingw32/nios2-elf/lib/mno-hw-mul\libsmallc.a
LOAD d:/fetel_worksoft/intelfpga_lite/23.1std/nios2eds/bin/gnu/h-x86_64-mingw32/bin/../lib/gcc/nios2-elf/12.3.1/mno-hw-mul\libgcc.a
LOAD d:/FETEL_WorkDir/Y4S2_DMA_InternReport/software/DMANiosII_bsp/\libhal_bsp.a
LOAD d:/fetel_worksoft/intelfpga_lite/23.1std/nios2eds/bin/gnu/h-x86_64-mingw32/bin/../lib/gcc/nios2-elf/12.3.1/../../../../../H-x86_64-mingw32/nios2-elf/lib/mno-hw-mul\libm.a
END GROUP
LOAD d:/fetel_worksoft/intelfpga_lite/23.1std/nios2eds/bin/gnu/h-x86_64-mingw32/bin/../lib/gcc/nios2-elf/12.3.1/mno-hw-mul\libgcc.a
                0x00000000                        __alt_mem_onchip_memory2_0 = 0x0
                0x00020000                        __alt_mem_onchip_memory2_1 = 0x20000

.entry          0x00000000       0x20
 *(.entry)
 .entry         0x00000000       0x20 d:/FETEL_WorkDir/Y4S2_DMA_InternReport/software/DMANiosII_bsp//obj/HAL/src/crt0.o
                0x00000000                __reset

.exceptions     0x00000020        0x0
                0x00000020                        PROVIDE (__ram_exceptions_start = ABSOLUTE (.))
                0x00000020                        . = ALIGN (0x20)
 *(.irq)
 *(.exceptions.entry.label)
 *(.exceptions.entry.user)
 *(.exceptions.entry.ecc_fatal)
 *(.exceptions.entry)
 *(.exceptions.irqtest.user)
 *(.exceptions.irqtest)
 *(.exceptions.irqhandler.user)
 *(.exceptions.irqhandler)
 *(.exceptions.irqreturn.user)
 *(.exceptions.irqreturn)
 *(.exceptions.notirq.label)
 *(.exceptions.notirq.user)
 *(.exceptions.notirq)
 *(.exceptions.soft.user)
 *(.exceptions.soft)
 *(.exceptions.unknown.user)
 *(.exceptions.unknown)
 *(.exceptions.exit.label)
 *(.exceptions.exit.user)
 *(.exceptions.exit)
 *(.exceptions)
                0x00000020                        PROVIDE (__ram_exceptions_end = ABSOLUTE (.))
                0x00000020                        PROVIDE (__flash_exceptions_start = LOADADDR (.exceptions))

.text           0x00000020     0x1f50
                [!provide]                        PROVIDE (stext = ABSOLUTE (.))
 *(.interp)
 *(.hash)
 *(.dynsym)
 *(.dynstr)
 *(.gnu.version)
 *(.gnu.version_d)
 *(.gnu.version_r)
 *(.rel.init)
 *(.rela.init)
 *(.rel.text .rel.text.* .rel.gnu.linkonce.t.*)
 *(.rela.text .rela.text.* .rela.gnu.linkonce.t.*)
 *(.rel.fini)
 *(.rela.fini)
 *(.rel.rodata .rel.rodata.* .rel.gnu.linkonce.r.*)
 *(.rela.rodata .rela.rodata.* .rela.gnu.linkonce.r.*)
 *(.rel.data .rel.data.* .rel.gnu.linkonce.d.*)
 *(.rela.data .rela.data.* .rela.gnu.linkonce.d.*)
 *(.rel.tdata .rel.tdata.* .rel.gnu.linkonce.td.*)
 *(.rela.tdata .rela.tdata.* .rela.gnu.linkonce.td.*)
 *(.rel.tbss .rel.tbss.* .rel.gnu.linkonce.tb.*)
 *(.rela.tbss .rela.tbss.* .rela.gnu.linkonce.tb.*)
 *(.rel.ctors)
 *(.rela.ctors)
 *(.rel.dtors)
 *(.rela.dtors)
 *(.rel.got)
 *(.rela.got)
 *(.rel.sdata .rel.sdata.* .rel.gnu.linkonce.s.*)
 *(.rela.sdata .rela.sdata.* .rela.gnu.linkonce.s.*)
 *(.rel.sbss .rel.sbss.* .rel.gnu.linkonce.sb.*)
 *(.rela.sbss .rela.sbss.* .rela.gnu.linkonce.sb.*)
 *(.rel.sdata2 .rel.sdata2.* .rel.gnu.linkonce.s2.*)
 *(.rela.sdata2 .rela.sdata2.* .rela.gnu.linkonce.s2.*)
 *(.rel.sbss2 .rel.sbss2.* .rel.gnu.linkonce.sb2.*)
 *(.rela.sbss2 .rela.sbss2.* .rela.gnu.linkonce.sb2.*)
 *(.rel.bss .rel.bss.* .rel.gnu.linkonce.b.*)
 *(.rela.bss .rela.bss.* .rela.gnu.linkonce.b.*)
 *(.rel.plt)
 *(.rela.plt)
 *(.rel.dyn)
 *(.init)
 *(.plt)
 *(.text .stub .text.* .gnu.linkonce.t.*)
 .text          0x00000020       0x1c d:/FETEL_WorkDir/Y4S2_DMA_InternReport/software/DMANiosII_bsp//obj/HAL/src/crt0.o
                0x00000020                _start
 .text          0x0000003c      0x330 obj/default/hello_world.o
                0x000000b8                start_dma_transfer
                0x0000011c                wait_for_dma_done
                0x00000188                verify_dma_transfer
                0x0000023c                main
 .text          0x0000036c        0x0 d:/fetel_worksoft/intelfpga_lite/23.1std/nios2eds/bin/gnu/h-x86_64-mingw32/bin/../lib/gcc/nios2-elf/12.3.1/../../../../../H-x86_64-mingw32/nios2-elf/lib/mno-hw-mul\libsmallc.a(libc_a-printf.o)
 .text._printf_r
                0x0000036c       0x3c d:/fetel_worksoft/intelfpga_lite/23.1std/nios2eds/bin/gnu/h-x86_64-mingw32/bin/../lib/gcc/nios2-elf/12.3.1/../../../../../H-x86_64-mingw32/nios2-elf/lib/mno-hw-mul\libsmallc.a(libc_a-printf.o)
                0x0000036c                _printf_r
 .text.printf   0x000003a8       0x48 d:/fetel_worksoft/intelfpga_lite/23.1std/nios2eds/bin/gnu/h-x86_64-mingw32/bin/../lib/gcc/nios2-elf/12.3.1/../../../../../H-x86_64-mingw32/nios2-elf/lib/mno-hw-mul\libsmallc.a(libc_a-printf.o)
                0x000003a8                printf
 .text          0x000003f0        0x0 d:/fetel_worksoft/intelfpga_lite/23.1std/nios2eds/bin/gnu/h-x86_64-mingw32/bin/../lib/gcc/nios2-elf/12.3.1/../../../../../H-x86_64-mingw32/nios2-elf/lib/mno-hw-mul\libsmallc.a(libc_a-puts.o)
 .text._puts_r  0x000003f0       0x80 d:/fetel_worksoft/intelfpga_lite/23.1std/nios2eds/bin/gnu/h-x86_64-mingw32/bin/../lib/gcc/nios2-elf/12.3.1/../../../../../H-x86_64-mingw32/nios2-elf/lib/mno-hw-mul\libsmallc.a(libc_a-puts.o)
                0x000003f0                _puts_r
 .text.puts     0x00000470       0x10 d:/fetel_worksoft/intelfpga_lite/23.1std/nios2eds/bin/gnu/h-x86_64-mingw32/bin/../lib/gcc/nios2-elf/12.3.1/../../../../../H-x86_64-mingw32/nios2-elf/lib/mno-hw-mul\libsmallc.a(libc_a-puts.o)
                0x00000470                puts
 .text          0x00000480        0x0 d:/fetel_worksoft/intelfpga_lite/23.1std/nios2eds/bin/gnu/h-x86_64-mingw32/bin/../lib/gcc/nios2-elf/12.3.1/../../../../../H-x86_64-mingw32/nios2-elf/lib/mno-hw-mul\libsmallc.a(libc_a-strlen.o)
 .text.strlen   0x00000480       0x1c d:/fetel_worksoft/intelfpga_lite/23.1std/nios2eds/bin/gnu/h-x86_64-mingw32/bin/../lib/gcc/nios2-elf/12.3.1/../../../../../H-x86_64-mingw32/nios2-elf/lib/mno-hw-mul\libsmallc.a(libc_a-strlen.o)
                0x00000480                strlen
 .text          0x0000049c        0x0 d:/fetel_worksoft/intelfpga_lite/23.1std/nios2eds/bin/gnu/h-x86_64-mingw32/bin/../lib/gcc/nios2-elf/12.3.1/../../../../../H-x86_64-mingw32/nios2-elf/lib/mno-hw-mul\libsmallc.a(libc_a-impure.o)
 .text          0x0000049c        0x0 d:/fetel_worksoft/intelfpga_lite/23.1std/nios2eds/bin/gnu/h-x86_64-mingw32/bin/../lib/gcc/nios2-elf/12.3.1/../../../../../H-x86_64-mingw32/nios2-elf/lib/mno-hw-mul\libsmallc.a(libc_a-vfprintf.o)
 .text.print_repeat
                0x0000049c       0x6c d:/fetel_worksoft/intelfpga_lite/23.1std/nios2eds/bin/gnu/h-x86_64-mingw32/bin/../lib/gcc/nios2-elf/12.3.1/../../../../../H-x86_64-mingw32/nios2-elf/lib/mno-hw-mul\libsmallc.a(libc_a-vfprintf.o)
 .text.___vfprintf_internal_r
                0x00000508      0x51c d:/fetel_worksoft/intelfpga_lite/23.1std/nios2eds/bin/gnu/h-x86_64-mingw32/bin/../lib/gcc/nios2-elf/12.3.1/../../../../../H-x86_64-mingw32/nios2-elf/lib/mno-hw-mul\libsmallc.a(libc_a-vfprintf.o)
                0x00000508                ___vfprintf_internal_r
 .text.__vfprintf_internal
                0x00000a24       0x18 d:/fetel_worksoft/intelfpga_lite/23.1std/nios2eds/bin/gnu/h-x86_64-mingw32/bin/../lib/gcc/nios2-elf/12.3.1/../../../../../H-x86_64-mingw32/nios2-elf/lib/mno-hw-mul\libsmallc.a(libc_a-vfprintf.o)
                0x00000a24                __vfprintf_internal
 .text          0x00000a3c        0x0 d:/fetel_worksoft/intelfpga_lite/23.1std/nios2eds/bin/gnu/h-x86_64-mingw32/bin/../lib/gcc/nios2-elf/12.3.1/../../../../../H-x86_64-mingw32/nios2-elf/lib/mno-hw-mul\libsmallc.a(libc_a-fvwrite_small_dev.o)
 .text.__sfvwrite_small_dev
                0x00000a3c       0xa8 d:/fetel_worksoft/intelfpga_lite/23.1std/nios2eds/bin/gnu/h-x86_64-mingw32/bin/../lib/gcc/nios2-elf/12.3.1/../../../../../H-x86_64-mingw32/nios2-elf/lib/mno-hw-mul\libsmallc.a(libc_a-fvwrite_small_dev.o)
                0x00000a3c                __sfvwrite_small_dev
 .text          0x00000ae4        0x0 d:/fetel_worksoft/intelfpga_lite/23.1std/nios2eds/bin/gnu/h-x86_64-mingw32/bin/../lib/gcc/nios2-elf/12.3.1/../../../../../H-x86_64-mingw32/nios2-elf/lib/mno-hw-mul\libsmallc.a(libc_a-writer.o)
 .text._write_r
                0x00000ae4       0x50 d:/fetel_worksoft/intelfpga_lite/23.1std/nios2eds/bin/gnu/h-x86_64-mingw32/bin/../lib/gcc/nios2-elf/12.3.1/../../../../../H-x86_64-mingw32/nios2-elf/lib/mno-hw-mul\libsmallc.a(libc_a-writer.o)
                0x00000ae4                _write_r
 .text          0x00000b34        0x0 d:/fetel_worksoft/intelfpga_lite/23.1std/nios2eds/bin/gnu/h-x86_64-mingw32/bin/../lib/gcc/nios2-elf/12.3.1/../../../../../H-x86_64-mingw32/nios2-elf/lib/mno-hw-mul\libsmallc.a(libc_a-int_errno.o)
 .text          0x00000b34      0x1b4 d:/fetel_worksoft/intelfpga_lite/23.1std/nios2eds/bin/gnu/h-x86_64-mingw32/bin/../lib/gcc/nios2-elf/12.3.1/mno-hw-mul\libgcc.a(lib2-divmod.o)
                0x00000b34                __divsi3
                0x00000bb4                __modsi3
                0x00000c28                __udivsi3
                0x00000c8c                __umodsi3
 .text          0x00000ce8       0x28 d:/fetel_worksoft/intelfpga_lite/23.1std/nios2eds/bin/gnu/h-x86_64-mingw32/bin/../lib/gcc/nios2-elf/12.3.1/mno-hw-mul\libgcc.a(lib2-mul.o)
                0x00000ce8                __mulsi3
 .text          0x00000d10       0xec d:/FETEL_WorkDir/Y4S2_DMA_InternReport/software/DMANiosII_bsp/\libhal_bsp.a(alt_load.o)
                0x00000d78                alt_load
 .text          0x00000dfc       0x7c d:/FETEL_WorkDir/Y4S2_DMA_InternReport/software/DMANiosII_bsp/\libhal_bsp.a(alt_main.o)
                0x00000dfc                alt_main
 .text          0x00000e78      0x140 d:/FETEL_WorkDir/Y4S2_DMA_InternReport/software/DMANiosII_bsp/\libhal_bsp.a(alt_write.o)
                0x00000eb4                write
 .text          0x00000fb8       0xa4 d:/FETEL_WorkDir/Y4S2_DMA_InternReport/software/DMANiosII_bsp/\libhal_bsp.a(alt_sys_init.o)
                0x00000fec                alt_irq_init
                0x00001028                alt_sys_init
 .text          0x0000105c       0xc0 d:/FETEL_WorkDir/Y4S2_DMA_InternReport/software/DMANiosII_bsp/\libhal_bsp.a(altera_avalon_jtag_uart_fd.o)
                0x0000105c                altera_avalon_jtag_uart_read_fd
                0x000010bc                altera_avalon_jtag_uart_write_fd
 .text          0x0000111c       0xec d:/FETEL_WorkDir/Y4S2_DMA_InternReport/software/DMANiosII_bsp/\libhal_bsp.a(altera_avalon_jtag_uart_read.o)
                0x0000111c                altera_avalon_jtag_uart_read
 .text          0x00001208       0x98 d:/FETEL_WorkDir/Y4S2_DMA_InternReport/software/DMANiosII_bsp/\libhal_bsp.a(altera_avalon_jtag_uart_write.o)
                0x00001208                altera_avalon_jtag_uart_write
 .text          0x000012a0      0x118 d:/FETEL_WorkDir/Y4S2_DMA_InternReport/software/DMANiosII_bsp/\libhal_bsp.a(alt_close.o)
                0x000012dc                close
 .text          0x000013b8       0x20 d:/FETEL_WorkDir/Y4S2_DMA_InternReport/software/DMANiosII_bsp/\libhal_bsp.a(alt_dcache_flush_all.o)
                0x000013b8                alt_dcache_flush_all
 .text          0x000013d8       0x2c d:/FETEL_WorkDir/Y4S2_DMA_InternReport/software/DMANiosII_bsp/\libhal_bsp.a(alt_dev.o)
 .text          0x00001404       0xe4 d:/FETEL_WorkDir/Y4S2_DMA_InternReport/software/DMANiosII_bsp/\libhal_bsp.a(alt_dev_llist_insert.o)
                0x00001440                alt_dev_llist_insert
 .text          0x000014e8       0x64 d:/FETEL_WorkDir/Y4S2_DMA_InternReport/software/DMANiosII_bsp/\libhal_bsp.a(alt_do_ctors.o)
                0x000014e8                _do_ctors
 .text          0x0000154c       0x64 d:/FETEL_WorkDir/Y4S2_DMA_InternReport/software/DMANiosII_bsp/\libhal_bsp.a(alt_do_dtors.o)
                0x0000154c                _do_dtors
 .text          0x000015b0        0x0 d:/FETEL_WorkDir/Y4S2_DMA_InternReport/software/DMANiosII_bsp/\libhal_bsp.a(alt_errno.o)
 .text          0x000015b0       0x20 d:/FETEL_WorkDir/Y4S2_DMA_InternReport/software/DMANiosII_bsp/\libhal_bsp.a(alt_icache_flush_all.o)
                0x000015b0                alt_icache_flush_all
 .text          0x000015d0      0x150 d:/FETEL_WorkDir/Y4S2_DMA_InternReport/software/DMANiosII_bsp/\libhal_bsp.a(alt_io_redirect.o)
                0x000016a4                alt_io_redirect
 .text          0x00001720      0x278 d:/FETEL_WorkDir/Y4S2_DMA_InternReport/software/DMANiosII_bsp/\libhal_bsp.a(alt_open.o)
                0x00001838                open
 .text          0x00001998       0x70 d:/FETEL_WorkDir/Y4S2_DMA_InternReport/software/DMANiosII_bsp/\libhal_bsp.a(alt_release_fd.o)
                0x00001998                alt_release_fd
 .text          0x00001a08       0x24 d:/FETEL_WorkDir/Y4S2_DMA_InternReport/software/DMANiosII_bsp/\libhal_bsp.a(altera_nios2_gen2_irq.o)
                0x00001a08                altera_nios2_gen2_irq_init
 .text          0x00001a2c       0x90 d:/FETEL_WorkDir/Y4S2_DMA_InternReport/software/DMANiosII_bsp/\libhal_bsp.a(alt_find_dev.o)
                0x00001a2c                alt_find_dev
 .text          0x00001abc      0x108 d:/FETEL_WorkDir/Y4S2_DMA_InternReport/software/DMANiosII_bsp/\libhal_bsp.a(alt_find_file.o)
                0x00001abc                alt_find_file
 .text          0x00001bc4       0xb8 d:/FETEL_WorkDir/Y4S2_DMA_InternReport/software/DMANiosII_bsp/\libhal_bsp.a(alt_get_fd.o)
                0x00001bc4                alt_get_fd
 .text          0x00001c7c        0x0 d:/fetel_worksoft/intelfpga_lite/23.1std/nios2eds/bin/gnu/h-x86_64-mingw32/bin/../lib/gcc/nios2-elf/12.3.1/../../../../../H-x86_64-mingw32/nios2-elf/lib/mno-hw-mul\libsmallc.a(libc_a-atexit.o)
 .text.atexit   0x00001c7c       0x14 d:/fetel_worksoft/intelfpga_lite/23.1std/nios2eds/bin/gnu/h-x86_64-mingw32/bin/../lib/gcc/nios2-elf/12.3.1/../../../../../H-x86_64-mingw32/nios2-elf/lib/mno-hw-mul\libsmallc.a(libc_a-atexit.o)
                0x00001c7c                atexit
 .text          0x00001c90        0x0 d:/fetel_worksoft/intelfpga_lite/23.1std/nios2eds/bin/gnu/h-x86_64-mingw32/bin/../lib/gcc/nios2-elf/12.3.1/../../../../../H-x86_64-mingw32/nios2-elf/lib/mno-hw-mul\libsmallc.a(libc_a-exit.o)
 .text.exit     0x00001c90       0x20 d:/fetel_worksoft/intelfpga_lite/23.1std/nios2eds/bin/gnu/h-x86_64-mingw32/bin/../lib/gcc/nios2-elf/12.3.1/../../../../../H-x86_64-mingw32/nios2-elf/lib/mno-hw-mul\libsmallc.a(libc_a-exit.o)
                0x00001c90                exit
 .text          0x00001cb0        0x0 d:/fetel_worksoft/intelfpga_lite/23.1std/nios2eds/bin/gnu/h-x86_64-mingw32/bin/../lib/gcc/nios2-elf/12.3.1/../../../../../H-x86_64-mingw32/nios2-elf/lib/mno-hw-mul\libsmallc.a(libc_a-memcmp.o)
 .text.memcmp   0x00001cb0       0x30 d:/fetel_worksoft/intelfpga_lite/23.1std/nios2eds/bin/gnu/h-x86_64-mingw32/bin/../lib/gcc/nios2-elf/12.3.1/../../../../../H-x86_64-mingw32/nios2-elf/lib/mno-hw-mul\libsmallc.a(libc_a-memcmp.o)
                0x00001cb0                memcmp
 .text          0x00001ce0        0x0 d:/fetel_worksoft/intelfpga_lite/23.1std/nios2eds/bin/gnu/h-x86_64-mingw32/bin/../lib/gcc/nios2-elf/12.3.1/../../../../../H-x86_64-mingw32/nios2-elf/lib/mno-hw-mul\libsmallc.a(libc_a-__atexit.o)
 .text.__register_exitproc
                0x00001ce0      0x128 d:/fetel_worksoft/intelfpga_lite/23.1std/nios2eds/bin/gnu/h-x86_64-mingw32/bin/../lib/gcc/nios2-elf/12.3.1/../../../../../H-x86_64-mingw32/nios2-elf/lib/mno-hw-mul\libsmallc.a(libc_a-__atexit.o)
                0x00001ce0                __register_exitproc
 .text          0x00001e08        0x0 d:/fetel_worksoft/intelfpga_lite/23.1std/nios2eds/bin/gnu/h-x86_64-mingw32/bin/../lib/gcc/nios2-elf/12.3.1/../../../../../H-x86_64-mingw32/nios2-elf/lib/mno-hw-mul\libsmallc.a(libc_a-__call_atexit.o)
 .text.__call_exitprocs
                0x00001e08      0x12c d:/fetel_worksoft/intelfpga_lite/23.1std/nios2eds/bin/gnu/h-x86_64-mingw32/bin/../lib/gcc/nios2-elf/12.3.1/../../../../../H-x86_64-mingw32/nios2-elf/lib/mno-hw-mul\libsmallc.a(libc_a-__call_atexit.o)
                0x00001e08                __call_exitprocs
 .text          0x00001f34       0x3c d:/FETEL_WorkDir/Y4S2_DMA_InternReport/software/DMANiosII_bsp/\libhal_bsp.a(alt_exit.o)
                0x00001f34                _exit
 *(.gnu.warning.*)
 *(.fini)
                [!provide]                        PROVIDE (__etext = ABSOLUTE (.))
                [!provide]                        PROVIDE (_etext = ABSOLUTE (.))
                [!provide]                        PROVIDE (etext = ABSOLUTE (.))
 *(.eh_frame_hdr)
                0x00001f70                        . = ALIGN (0x4)
                [!provide]                        PROVIDE (__preinit_array_start = ABSOLUTE (.))
 *(.preinit_array)
                [!provide]                        PROVIDE (__preinit_array_end = ABSOLUTE (.))
                [!provide]                        PROVIDE (__init_array_start = ABSOLUTE (.))
 *(SORT_BY_INIT_PRIORITY(.init_array.*))
 *(.init_array)
                [!provide]                        PROVIDE (__init_array_end = ABSOLUTE (.))
                [!provide]                        PROVIDE (__fini_array_start = ABSOLUTE (.))
 *(.fini_array)
                [!provide]                        PROVIDE (__fini_array_end = ABSOLUTE (.))
 *(.eh_frame)
 *(.gcc_except_table .gcc_except_table.*)
 *(.dynamic)
                0x00001f70                        PROVIDE (__CTOR_LIST__ = ABSOLUTE (.))
 *(.ctors)
 *(SORT_BY_NAME(.ctors.*))
                0x00001f70                        PROVIDE (__CTOR_END__ = ABSOLUTE (.))
                0x00001f70                        PROVIDE (__DTOR_LIST__ = ABSOLUTE (.))
 *(.dtors)
 *(SORT_BY_NAME(.dtors.*))
                0x00001f70                        PROVIDE (__DTOR_END__ = ABSOLUTE (.))
 *(.jcr)
                0x00001f70                        . = ALIGN (0x4)

.rodata         0x00020000      0x1a4 load address 0x00001f70
                0x00020000                        PROVIDE (__ram_rodata_start = ABSOLUTE (.))
                0x00020000                        . = ALIGN (0x4)
 *(.rodata .rodata.* .gnu.linkonce.r.*)
 .rodata        0x00020000      0x169 obj/default/hello_world.o
 *fill*         0x00020169        0x3 
 .rodata._puts_r.str1.4
                0x0002016c        0x2 d:/fetel_worksoft/intelfpga_lite/23.1std/nios2eds/bin/gnu/h-x86_64-mingw32/bin/../lib/gcc/nios2-elf/12.3.1/../../../../../H-x86_64-mingw32/nios2-elf/lib/mno-hw-mul\libsmallc.a(libc_a-puts.o)
 *fill*         0x0002016e        0x2 
 .rodata        0x00020170       0x11 d:/FETEL_WorkDir/Y4S2_DMA_InternReport/software/DMANiosII_bsp/\libhal_bsp.a(alt_main.o)
 *fill*         0x00020181        0x3 
 .rodata        0x00020184       0x11 d:/FETEL_WorkDir/Y4S2_DMA_InternReport/software/DMANiosII_bsp/\libhal_bsp.a(alt_sys_init.o)
 *fill*         0x00020195        0x3 
 .rodata        0x00020198        0xa d:/FETEL_WorkDir/Y4S2_DMA_InternReport/software/DMANiosII_bsp/\libhal_bsp.a(alt_dev.o)
 *(.rodata1)
                0x000201a4                        . = ALIGN (0x4)
 *fill*         0x000201a2        0x2 
                0x000201a4                        PROVIDE (__ram_rodata_end = ABSOLUTE (.))
                0x00001f70                        PROVIDE (__flash_rodata_start = LOADADDR (.rodata))

.rwdata         0x000201a4      0x2c8 load address 0x00002114
                0x000201a4                        PROVIDE (__ram_rwdata_start = ABSOLUTE (.))
                0x000201a4                        . = ALIGN (0x4)
 *(.got.plt)
 *(.got)
 *(.data1)
 *(.data .data.* .gnu.linkonce.d.*)
 .data          0x000201a4        0x0 d:/FETEL_WorkDir/Y4S2_DMA_InternReport/software/DMANiosII_bsp//obj/HAL/src/crt0.o
 .data          0x000201a4       0x80 obj/default/hello_world.o
                0x000201a4                pdata0
 .data          0x00020224        0x0 d:/fetel_worksoft/intelfpga_lite/23.1std/nios2eds/bin/gnu/h-x86_64-mingw32/bin/../lib/gcc/nios2-elf/12.3.1/../../../../../H-x86_64-mingw32/nios2-elf/lib/mno-hw-mul\libsmallc.a(libc_a-printf.o)
 .data          0x00020224        0x0 d:/fetel_worksoft/intelfpga_lite/23.1std/nios2eds/bin/gnu/h-x86_64-mingw32/bin/../lib/gcc/nios2-elf/12.3.1/../../../../../H-x86_64-mingw32/nios2-elf/lib/mno-hw-mul\libsmallc.a(libc_a-puts.o)
 .data          0x00020224        0x0 d:/fetel_worksoft/intelfpga_lite/23.1std/nios2eds/bin/gnu/h-x86_64-mingw32/bin/../lib/gcc/nios2-elf/12.3.1/../../../../../H-x86_64-mingw32/nios2-elf/lib/mno-hw-mul\libsmallc.a(libc_a-strlen.o)
 .data          0x00020224        0x0 d:/fetel_worksoft/intelfpga_lite/23.1std/nios2eds/bin/gnu/h-x86_64-mingw32/bin/../lib/gcc/nios2-elf/12.3.1/../../../../../H-x86_64-mingw32/nios2-elf/lib/mno-hw-mul\libsmallc.a(libc_a-impure.o)
 .data._impure_data
                0x00020224       0x54 d:/fetel_worksoft/intelfpga_lite/23.1std/nios2eds/bin/gnu/h-x86_64-mingw32/bin/../lib/gcc/nios2-elf/12.3.1/../../../../../H-x86_64-mingw32/nios2-elf/lib/mno-hw-mul\libsmallc.a(libc_a-impure.o)
                0x00020224                _impure_data
 .data          0x00020278        0x0 d:/fetel_worksoft/intelfpga_lite/23.1std/nios2eds/bin/gnu/h-x86_64-mingw32/bin/../lib/gcc/nios2-elf/12.3.1/../../../../../H-x86_64-mingw32/nios2-elf/lib/mno-hw-mul\libsmallc.a(libc_a-vfprintf.o)
 .data          0x00020278        0x0 d:/fetel_worksoft/intelfpga_lite/23.1std/nios2eds/bin/gnu/h-x86_64-mingw32/bin/../lib/gcc/nios2-elf/12.3.1/../../../../../H-x86_64-mingw32/nios2-elf/lib/mno-hw-mul\libsmallc.a(libc_a-fvwrite_small_dev.o)
 .data          0x00020278        0x0 d:/fetel_worksoft/intelfpga_lite/23.1std/nios2eds/bin/gnu/h-x86_64-mingw32/bin/../lib/gcc/nios2-elf/12.3.1/../../../../../H-x86_64-mingw32/nios2-elf/lib/mno-hw-mul\libsmallc.a(libc_a-writer.o)
 .data          0x00020278        0x0 d:/fetel_worksoft/intelfpga_lite/23.1std/nios2eds/bin/gnu/h-x86_64-mingw32/bin/../lib/gcc/nios2-elf/12.3.1/../../../../../H-x86_64-mingw32/nios2-elf/lib/mno-hw-mul\libsmallc.a(libc_a-int_errno.o)
 .data          0x00020278        0x0 d:/fetel_worksoft/intelfpga_lite/23.1std/nios2eds/bin/gnu/h-x86_64-mingw32/bin/../lib/gcc/nios2-elf/12.3.1/mno-hw-mul\libgcc.a(lib2-divmod.o)
 .data          0x00020278        0x0 d:/fetel_worksoft/intelfpga_lite/23.1std/nios2eds/bin/gnu/h-x86_64-mingw32/bin/../lib/gcc/nios2-elf/12.3.1/mno-hw-mul\libgcc.a(lib2-mul.o)
 .data          0x00020278        0x0 d:/FETEL_WorkDir/Y4S2_DMA_InternReport/software/DMANiosII_bsp/\libhal_bsp.a(alt_load.o)
 .data          0x00020278        0x0 d:/FETEL_WorkDir/Y4S2_DMA_InternReport/software/DMANiosII_bsp/\libhal_bsp.a(alt_main.o)
 .data          0x00020278        0x0 d:/FETEL_WorkDir/Y4S2_DMA_InternReport/software/DMANiosII_bsp/\libhal_bsp.a(alt_write.o)
 .data          0x00020278       0x2c d:/FETEL_WorkDir/Y4S2_DMA_InternReport/software/DMANiosII_bsp/\libhal_bsp.a(alt_sys_init.o)
 .data          0x000202a4        0x0 d:/FETEL_WorkDir/Y4S2_DMA_InternReport/software/DMANiosII_bsp/\libhal_bsp.a(altera_avalon_jtag_uart_fd.o)
 .data          0x000202a4        0x0 d:/FETEL_WorkDir/Y4S2_DMA_InternReport/software/DMANiosII_bsp/\libhal_bsp.a(altera_avalon_jtag_uart_read.o)
 .data          0x000202a4        0x0 d:/FETEL_WorkDir/Y4S2_DMA_InternReport/software/DMANiosII_bsp/\libhal_bsp.a(altera_avalon_jtag_uart_write.o)
 .data          0x000202a4        0x0 d:/FETEL_WorkDir/Y4S2_DMA_InternReport/software/DMANiosII_bsp/\libhal_bsp.a(alt_close.o)
 .data          0x000202a4        0x0 d:/FETEL_WorkDir/Y4S2_DMA_InternReport/software/DMANiosII_bsp/\libhal_bsp.a(alt_dcache_flush_all.o)
 .data          0x000202a4      0x1a8 d:/FETEL_WorkDir/Y4S2_DMA_InternReport/software/DMANiosII_bsp/\libhal_bsp.a(alt_dev.o)
                0x000202a4                alt_dev_null
                0x000202cc                alt_fd_list
 .data          0x0002044c        0x0 d:/FETEL_WorkDir/Y4S2_DMA_InternReport/software/DMANiosII_bsp/\libhal_bsp.a(alt_dev_llist_insert.o)
 .data          0x0002044c        0x0 d:/FETEL_WorkDir/Y4S2_DMA_InternReport/software/DMANiosII_bsp/\libhal_bsp.a(alt_do_ctors.o)
 .data          0x0002044c        0x0 d:/FETEL_WorkDir/Y4S2_DMA_InternReport/software/DMANiosII_bsp/\libhal_bsp.a(alt_do_dtors.o)
 .data          0x0002044c        0x0 d:/FETEL_WorkDir/Y4S2_DMA_InternReport/software/DMANiosII_bsp/\libhal_bsp.a(alt_errno.o)
 .data          0x0002044c        0x0 d:/FETEL_WorkDir/Y4S2_DMA_InternReport/software/DMANiosII_bsp/\libhal_bsp.a(alt_icache_flush_all.o)
 .data          0x0002044c        0x0 d:/FETEL_WorkDir/Y4S2_DMA_InternReport/software/DMANiosII_bsp/\libhal_bsp.a(alt_io_redirect.o)
 .data          0x0002044c        0x0 d:/FETEL_WorkDir/Y4S2_DMA_InternReport/software/DMANiosII_bsp/\libhal_bsp.a(alt_open.o)
 .data          0x0002044c        0x0 d:/FETEL_WorkDir/Y4S2_DMA_InternReport/software/DMANiosII_bsp/\libhal_bsp.a(alt_release_fd.o)
 .data          0x0002044c        0x0 d:/FETEL_WorkDir/Y4S2_DMA_InternReport/software/DMANiosII_bsp/\libhal_bsp.a(altera_nios2_gen2_irq.o)
 .data          0x0002044c        0x0 d:/FETEL_WorkDir/Y4S2_DMA_InternReport/software/DMANiosII_bsp/\libhal_bsp.a(alt_find_dev.o)
 .data          0x0002044c        0x0 d:/FETEL_WorkDir/Y4S2_DMA_InternReport/software/DMANiosII_bsp/\libhal_bsp.a(alt_find_file.o)
 .data          0x0002044c        0x0 d:/FETEL_WorkDir/Y4S2_DMA_InternReport/software/DMANiosII_bsp/\libhal_bsp.a(alt_get_fd.o)
 .data          0x0002044c        0x0 d:/fetel_worksoft/intelfpga_lite/23.1std/nios2eds/bin/gnu/h-x86_64-mingw32/bin/../lib/gcc/nios2-elf/12.3.1/../../../../../H-x86_64-mingw32/nios2-elf/lib/mno-hw-mul\libsmallc.a(libc_a-atexit.o)
 .data          0x0002044c        0x0 d:/fetel_worksoft/intelfpga_lite/23.1std/nios2eds/bin/gnu/h-x86_64-mingw32/bin/../lib/gcc/nios2-elf/12.3.1/../../../../../H-x86_64-mingw32/nios2-elf/lib/mno-hw-mul\libsmallc.a(libc_a-exit.o)
 .data          0x0002044c        0x0 d:/fetel_worksoft/intelfpga_lite/23.1std/nios2eds/bin/gnu/h-x86_64-mingw32/bin/../lib/gcc/nios2-elf/12.3.1/../../../../../H-x86_64-mingw32/nios2-elf/lib/mno-hw-mul\libsmallc.a(libc_a-memcmp.o)
 .data          0x0002044c        0x0 d:/fetel_worksoft/intelfpga_lite/23.1std/nios2eds/bin/gnu/h-x86_64-mingw32/bin/../lib/gcc/nios2-elf/12.3.1/../../../../../H-x86_64-mingw32/nios2-elf/lib/mno-hw-mul\libsmallc.a(libc_a-__atexit.o)
 .data          0x0002044c        0x0 d:/fetel_worksoft/intelfpga_lite/23.1std/nios2eds/bin/gnu/h-x86_64-mingw32/bin/../lib/gcc/nios2-elf/12.3.1/../../../../../H-x86_64-mingw32/nios2-elf/lib/mno-hw-mul\libsmallc.a(libc_a-__call_atexit.o)
 .data          0x0002044c        0x0 d:/FETEL_WorkDir/Y4S2_DMA_InternReport/software/DMANiosII_bsp/\libhal_bsp.a(alt_exit.o)
                0x0002844c                        _gp = ABSOLUTE ((. + 0x8000))
                [!provide]                        PROVIDE (gp = _gp)
 *(.rwdata .rwdata.*)
 *(.sdata .sdata.* .gnu.linkonce.s.*)
 .sdata         0x0002044c        0x4 obj/default/hello_world.o
                0x0002044c                pdata1
 .sdata._impure_ptr
                0x00020450        0x4 d:/fetel_worksoft/intelfpga_lite/23.1std/nios2eds/bin/gnu/h-x86_64-mingw32/bin/../lib/gcc/nios2-elf/12.3.1/../../../../../H-x86_64-mingw32/nios2-elf/lib/mno-hw-mul\libsmallc.a(libc_a-impure.o)
                0x00020450                _impure_ptr
 .sdata         0x00020454       0x14 d:/FETEL_WorkDir/Y4S2_DMA_InternReport/software/DMANiosII_bsp/\libhal_bsp.a(alt_dev.o)
                0x00020454                alt_fs_list
                0x0002045c                alt_dev_list
                0x00020464                alt_max_fd
 .sdata         0x00020468        0x4 d:/FETEL_WorkDir/Y4S2_DMA_InternReport/software/DMANiosII_bsp/\libhal_bsp.a(alt_errno.o)
                0x00020468                alt_errno
 *(.sdata2 .sdata2.* .gnu.linkonce.s2.*)
                0x0002046c                        . = ALIGN (0x4)
                0x0002046c                        _edata = ABSOLUTE (.)
                [!provide]                        PROVIDE (edata = ABSOLUTE (.))
                0x0002046c                        PROVIDE (__ram_rwdata_end = ABSOLUTE (.))
                0x00002114                        PROVIDE (__flash_rwdata_start = LOADADDR (.rwdata))

.bss            0x0002046c       0xa4 load address 0x000023dc
                0x0002046c                        __bss_start = ABSOLUTE (.)
                [!provide]                        PROVIDE (__sbss_start = ABSOLUTE (.))
                [!provide]                        PROVIDE (___sbss_start = ABSOLUTE (.))
 *(.dynsbss)
 *(.sbss .sbss.* .gnu.linkonce.sb.*)
 .sbss.errno    0x0002046c        0x4 d:/fetel_worksoft/intelfpga_lite/23.1std/nios2eds/bin/gnu/h-x86_64-mingw32/bin/../lib/gcc/nios2-elf/12.3.1/../../../../../H-x86_64-mingw32/nios2-elf/lib/mno-hw-mul\libsmallc.a(libc_a-int_errno.o)
                0x0002046c                errno
 .sbss          0x00020470        0xc d:/FETEL_WorkDir/Y4S2_DMA_InternReport/software/DMANiosII_bsp/\libhal_bsp.a(alt_main.o)
                0x00020470                alt_argc
                0x00020474                alt_argv
                0x00020478                alt_envp
 .sbss.__stdio_exit_handler
                0x0002047c        0x4 d:/fetel_worksoft/intelfpga_lite/23.1std/nios2eds/bin/gnu/h-x86_64-mingw32/bin/../lib/gcc/nios2-elf/12.3.1/../../../../../H-x86_64-mingw32/nios2-elf/lib/mno-hw-mul\libsmallc.a(libc_a-exit.o)
                0x0002047c                __stdio_exit_handler
 .sbss.__atexit
                0x00020480        0x4 d:/fetel_worksoft/intelfpga_lite/23.1std/nios2eds/bin/gnu/h-x86_64-mingw32/bin/../lib/gcc/nios2-elf/12.3.1/../../../../../H-x86_64-mingw32/nios2-elf/lib/mno-hw-mul\libsmallc.a(libc_a-__call_atexit.o)
                0x00020480                __atexit
 *(.sbss2 .sbss2.* .gnu.linkonce.sb2.*)
 *(.scommon)
                [!provide]                        PROVIDE (__sbss_end = ABSOLUTE (.))
                [!provide]                        PROVIDE (___sbss_end = ABSOLUTE (.))
 *(.dynbss)
 *(.bss .bss.* .gnu.linkonce.b.*)
 .bss           0x00020484        0x0 d:/FETEL_WorkDir/Y4S2_DMA_InternReport/software/DMANiosII_bsp//obj/HAL/src/crt0.o
 .bss           0x00020484        0x0 obj/default/hello_world.o
 .bss           0x00020484        0x0 d:/fetel_worksoft/intelfpga_lite/23.1std/nios2eds/bin/gnu/h-x86_64-mingw32/bin/../lib/gcc/nios2-elf/12.3.1/../../../../../H-x86_64-mingw32/nios2-elf/lib/mno-hw-mul\libsmallc.a(libc_a-printf.o)
 .bss           0x00020484        0x0 d:/fetel_worksoft/intelfpga_lite/23.1std/nios2eds/bin/gnu/h-x86_64-mingw32/bin/../lib/gcc/nios2-elf/12.3.1/../../../../../H-x86_64-mingw32/nios2-elf/lib/mno-hw-mul\libsmallc.a(libc_a-puts.o)
 .bss           0x00020484        0x0 d:/fetel_worksoft/intelfpga_lite/23.1std/nios2eds/bin/gnu/h-x86_64-mingw32/bin/../lib/gcc/nios2-elf/12.3.1/../../../../../H-x86_64-mingw32/nios2-elf/lib/mno-hw-mul\libsmallc.a(libc_a-strlen.o)
 .bss           0x00020484        0x0 d:/fetel_worksoft/intelfpga_lite/23.1std/nios2eds/bin/gnu/h-x86_64-mingw32/bin/../lib/gcc/nios2-elf/12.3.1/../../../../../H-x86_64-mingw32/nios2-elf/lib/mno-hw-mul\libsmallc.a(libc_a-impure.o)
 .bss           0x00020484        0x0 d:/fetel_worksoft/intelfpga_lite/23.1std/nios2eds/bin/gnu/h-x86_64-mingw32/bin/../lib/gcc/nios2-elf/12.3.1/../../../../../H-x86_64-mingw32/nios2-elf/lib/mno-hw-mul\libsmallc.a(libc_a-vfprintf.o)
 .bss           0x00020484        0x0 d:/fetel_worksoft/intelfpga_lite/23.1std/nios2eds/bin/gnu/h-x86_64-mingw32/bin/../lib/gcc/nios2-elf/12.3.1/../../../../../H-x86_64-mingw32/nios2-elf/lib/mno-hw-mul\libsmallc.a(libc_a-fvwrite_small_dev.o)
 .bss           0x00020484        0x0 d:/fetel_worksoft/intelfpga_lite/23.1std/nios2eds/bin/gnu/h-x86_64-mingw32/bin/../lib/gcc/nios2-elf/12.3.1/../../../../../H-x86_64-mingw32/nios2-elf/lib/mno-hw-mul\libsmallc.a(libc_a-writer.o)
 .bss           0x00020484        0x0 d:/fetel_worksoft/intelfpga_lite/23.1std/nios2eds/bin/gnu/h-x86_64-mingw32/bin/../lib/gcc/nios2-elf/12.3.1/../../../../../H-x86_64-mingw32/nios2-elf/lib/mno-hw-mul\libsmallc.a(libc_a-int_errno.o)
 .bss           0x00020484        0x0 d:/fetel_worksoft/intelfpga_lite/23.1std/nios2eds/bin/gnu/h-x86_64-mingw32/bin/../lib/gcc/nios2-elf/12.3.1/mno-hw-mul\libgcc.a(lib2-divmod.o)
 .bss           0x00020484        0x0 d:/fetel_worksoft/intelfpga_lite/23.1std/nios2eds/bin/gnu/h-x86_64-mingw32/bin/../lib/gcc/nios2-elf/12.3.1/mno-hw-mul\libgcc.a(lib2-mul.o)
 .bss           0x00020484        0x0 d:/FETEL_WorkDir/Y4S2_DMA_InternReport/software/DMANiosII_bsp/\libhal_bsp.a(alt_load.o)
 .bss           0x00020484        0x0 d:/FETEL_WorkDir/Y4S2_DMA_InternReport/software/DMANiosII_bsp/\libhal_bsp.a(alt_main.o)
 .bss           0x00020484        0x0 d:/FETEL_WorkDir/Y4S2_DMA_InternReport/software/DMANiosII_bsp/\libhal_bsp.a(alt_write.o)
 .bss           0x00020484        0x0 d:/FETEL_WorkDir/Y4S2_DMA_InternReport/software/DMANiosII_bsp/\libhal_bsp.a(alt_sys_init.o)
 .bss           0x00020484        0x0 d:/FETEL_WorkDir/Y4S2_DMA_InternReport/software/DMANiosII_bsp/\libhal_bsp.a(altera_avalon_jtag_uart_fd.o)
 .bss           0x00020484        0x0 d:/FETEL_WorkDir/Y4S2_DMA_InternReport/software/DMANiosII_bsp/\libhal_bsp.a(altera_avalon_jtag_uart_read.o)
 .bss           0x00020484        0x0 d:/FETEL_WorkDir/Y4S2_DMA_InternReport/software/DMANiosII_bsp/\libhal_bsp.a(altera_avalon_jtag_uart_write.o)
 .bss           0x00020484        0x0 d:/FETEL_WorkDir/Y4S2_DMA_InternReport/software/DMANiosII_bsp/\libhal_bsp.a(alt_close.o)
 .bss           0x00020484        0x0 d:/FETEL_WorkDir/Y4S2_DMA_InternReport/software/DMANiosII_bsp/\libhal_bsp.a(alt_dcache_flush_all.o)
 .bss           0x00020484        0x0 d:/FETEL_WorkDir/Y4S2_DMA_InternReport/software/DMANiosII_bsp/\libhal_bsp.a(alt_dev.o)
 .bss           0x00020484        0x0 d:/FETEL_WorkDir/Y4S2_DMA_InternReport/software/DMANiosII_bsp/\libhal_bsp.a(alt_dev_llist_insert.o)
 .bss           0x00020484        0x0 d:/FETEL_WorkDir/Y4S2_DMA_InternReport/software/DMANiosII_bsp/\libhal_bsp.a(alt_do_ctors.o)
 .bss           0x00020484        0x0 d:/FETEL_WorkDir/Y4S2_DMA_InternReport/software/DMANiosII_bsp/\libhal_bsp.a(alt_do_dtors.o)
 .bss           0x00020484        0x0 d:/FETEL_WorkDir/Y4S2_DMA_InternReport/software/DMANiosII_bsp/\libhal_bsp.a(alt_errno.o)
 .bss           0x00020484        0x0 d:/FETEL_WorkDir/Y4S2_DMA_InternReport/software/DMANiosII_bsp/\libhal_bsp.a(alt_icache_flush_all.o)
 .bss           0x00020484        0x0 d:/FETEL_WorkDir/Y4S2_DMA_InternReport/software/DMANiosII_bsp/\libhal_bsp.a(alt_io_redirect.o)
 .bss           0x00020484        0x0 d:/FETEL_WorkDir/Y4S2_DMA_InternReport/software/DMANiosII_bsp/\libhal_bsp.a(alt_open.o)
 .bss           0x00020484        0x0 d:/FETEL_WorkDir/Y4S2_DMA_InternReport/software/DMANiosII_bsp/\libhal_bsp.a(alt_release_fd.o)
 .bss           0x00020484        0x0 d:/FETEL_WorkDir/Y4S2_DMA_InternReport/software/DMANiosII_bsp/\libhal_bsp.a(altera_nios2_gen2_irq.o)
 .bss           0x00020484        0x0 d:/FETEL_WorkDir/Y4S2_DMA_InternReport/software/DMANiosII_bsp/\libhal_bsp.a(alt_find_dev.o)
 .bss           0x00020484        0x0 d:/FETEL_WorkDir/Y4S2_DMA_InternReport/software/DMANiosII_bsp/\libhal_bsp.a(alt_find_file.o)
 .bss           0x00020484        0x0 d:/FETEL_WorkDir/Y4S2_DMA_InternReport/software/DMANiosII_bsp/\libhal_bsp.a(alt_get_fd.o)
 .bss           0x00020484        0x0 d:/fetel_worksoft/intelfpga_lite/23.1std/nios2eds/bin/gnu/h-x86_64-mingw32/bin/../lib/gcc/nios2-elf/12.3.1/../../../../../H-x86_64-mingw32/nios2-elf/lib/mno-hw-mul\libsmallc.a(libc_a-atexit.o)
 .bss           0x00020484        0x0 d:/fetel_worksoft/intelfpga_lite/23.1std/nios2eds/bin/gnu/h-x86_64-mingw32/bin/../lib/gcc/nios2-elf/12.3.1/../../../../../H-x86_64-mingw32/nios2-elf/lib/mno-hw-mul\libsmallc.a(libc_a-exit.o)
 .bss           0x00020484        0x0 d:/fetel_worksoft/intelfpga_lite/23.1std/nios2eds/bin/gnu/h-x86_64-mingw32/bin/../lib/gcc/nios2-elf/12.3.1/../../../../../H-x86_64-mingw32/nios2-elf/lib/mno-hw-mul\libsmallc.a(libc_a-memcmp.o)
 .bss           0x00020484        0x0 d:/fetel_worksoft/intelfpga_lite/23.1std/nios2eds/bin/gnu/h-x86_64-mingw32/bin/../lib/gcc/nios2-elf/12.3.1/../../../../../H-x86_64-mingw32/nios2-elf/lib/mno-hw-mul\libsmallc.a(libc_a-__atexit.o)
 .bss.__atexit0
                0x00020484       0x8c d:/fetel_worksoft/intelfpga_lite/23.1std/nios2eds/bin/gnu/h-x86_64-mingw32/bin/../lib/gcc/nios2-elf/12.3.1/../../../../../H-x86_64-mingw32/nios2-elf/lib/mno-hw-mul\libsmallc.a(libc_a-__atexit.o)
                0x00020484                __atexit0
 .bss           0x00020510        0x0 d:/fetel_worksoft/intelfpga_lite/23.1std/nios2eds/bin/gnu/h-x86_64-mingw32/bin/../lib/gcc/nios2-elf/12.3.1/../../../../../H-x86_64-mingw32/nios2-elf/lib/mno-hw-mul\libsmallc.a(libc_a-__call_atexit.o)
 .bss           0x00020510        0x0 d:/FETEL_WorkDir/Y4S2_DMA_InternReport/software/DMANiosII_bsp/\libhal_bsp.a(alt_exit.o)
 *(COMMON)
                0x00020510                        . = ALIGN (0x4)
                0x00020510                        __bss_end = ABSOLUTE (.)

.onchip_memory2_0
                0x000023dc        0x0
                [!provide]                        PROVIDE (_alt_partition_onchip_memory2_0_start = ABSOLUTE (.))
 *(.onchip_memory2_0 .onchip_memory2_0. onchip_memory2_0.*)
                0x000023dc                        . = ALIGN (0x4)
                [!provide]                        PROVIDE (_alt_partition_onchip_memory2_0_end = ABSOLUTE (.))
                [!provide]                        PROVIDE (_alt_partition_onchip_memory2_0_load_addr = LOADADDR (.onchip_memory2_0))

.onchip_memory2_1
                0x00020510        0x0 load address 0x000023dc
                [!provide]                        PROVIDE (_alt_partition_onchip_memory2_1_start = ABSOLUTE (.))
 *(.onchip_memory2_1 .onchip_memory2_1. onchip_memory2_1.*)
                0x00020510                        . = ALIGN (0x4)
                [!provide]                        PROVIDE (_alt_partition_onchip_memory2_1_end = ABSOLUTE (.))
                0x00020510                        _end = ABSOLUTE (.)
                0x00020510                        end = ABSOLUTE (.)
                0x00020510                        __alt_stack_base = ABSOLUTE (.)
                [!provide]                        PROVIDE (_alt_partition_onchip_memory2_1_load_addr = LOADADDR (.onchip_memory2_1))

.stab
 *(.stab)

.stabstr
 *(.stabstr)

.stab.excl
 *(.stab.excl)

.stab.exclstr
 *(.stab.exclstr)

.stab.index
 *(.stab.index)

.stab.indexstr
 *(.stab.indexstr)

.comment        0x00000000       0x2d
 *(.comment)
 .comment       0x00000000       0x2d obj/default/hello_world.o
                                 0x2e (size before relaxing)
 .comment       0x0000002d       0x2e d:/fetel_worksoft/intelfpga_lite/23.1std/nios2eds/bin/gnu/h-x86_64-mingw32/bin/../lib/gcc/nios2-elf/12.3.1/../../../../../H-x86_64-mingw32/nios2-elf/lib/mno-hw-mul\libsmallc.a(libc_a-printf.o)
 .comment       0x0000002d       0x2e d:/fetel_worksoft/intelfpga_lite/23.1std/nios2eds/bin/gnu/h-x86_64-mingw32/bin/../lib/gcc/nios2-elf/12.3.1/../../../../../H-x86_64-mingw32/nios2-elf/lib/mno-hw-mul\libsmallc.a(libc_a-puts.o)
 .comment       0x0000002d       0x2e d:/fetel_worksoft/intelfpga_lite/23.1std/nios2eds/bin/gnu/h-x86_64-mingw32/bin/../lib/gcc/nios2-elf/12.3.1/../../../../../H-x86_64-mingw32/nios2-elf/lib/mno-hw-mul\libsmallc.a(libc_a-strlen.o)
 .comment       0x0000002d       0x2e d:/fetel_worksoft/intelfpga_lite/23.1std/nios2eds/bin/gnu/h-x86_64-mingw32/bin/../lib/gcc/nios2-elf/12.3.1/../../../../../H-x86_64-mingw32/nios2-elf/lib/mno-hw-mul\libsmallc.a(libc_a-impure.o)
 .comment       0x0000002d       0x2e d:/fetel_worksoft/intelfpga_lite/23.1std/nios2eds/bin/gnu/h-x86_64-mingw32/bin/../lib/gcc/nios2-elf/12.3.1/../../../../../H-x86_64-mingw32/nios2-elf/lib/mno-hw-mul\libsmallc.a(libc_a-vfprintf.o)
 .comment       0x0000002d       0x2e d:/fetel_worksoft/intelfpga_lite/23.1std/nios2eds/bin/gnu/h-x86_64-mingw32/bin/../lib/gcc/nios2-elf/12.3.1/../../../../../H-x86_64-mingw32/nios2-elf/lib/mno-hw-mul\libsmallc.a(libc_a-fvwrite_small_dev.o)
 .comment       0x0000002d       0x2e d:/fetel_worksoft/intelfpga_lite/23.1std/nios2eds/bin/gnu/h-x86_64-mingw32/bin/../lib/gcc/nios2-elf/12.3.1/../../../../../H-x86_64-mingw32/nios2-elf/lib/mno-hw-mul\libsmallc.a(libc_a-writer.o)
 .comment       0x0000002d       0x2e d:/fetel_worksoft/intelfpga_lite/23.1std/nios2eds/bin/gnu/h-x86_64-mingw32/bin/../lib/gcc/nios2-elf/12.3.1/../../../../../H-x86_64-mingw32/nios2-elf/lib/mno-hw-mul\libsmallc.a(libc_a-int_errno.o)
 .comment       0x0000002d       0x2e d:/fetel_worksoft/intelfpga_lite/23.1std/nios2eds/bin/gnu/h-x86_64-mingw32/bin/../lib/gcc/nios2-elf/12.3.1/mno-hw-mul\libgcc.a(lib2-divmod.o)
 .comment       0x0000002d       0x2e d:/fetel_worksoft/intelfpga_lite/23.1std/nios2eds/bin/gnu/h-x86_64-mingw32/bin/../lib/gcc/nios2-elf/12.3.1/mno-hw-mul\libgcc.a(lib2-mul.o)
 .comment       0x0000002d       0x2e d:/FETEL_WorkDir/Y4S2_DMA_InternReport/software/DMANiosII_bsp/\libhal_bsp.a(alt_load.o)
 .comment       0x0000002d       0x2e d:/FETEL_WorkDir/Y4S2_DMA_InternReport/software/DMANiosII_bsp/\libhal_bsp.a(alt_main.o)
 .comment       0x0000002d       0x2e d:/FETEL_WorkDir/Y4S2_DMA_InternReport/software/DMANiosII_bsp/\libhal_bsp.a(alt_write.o)
 .comment       0x0000002d       0x2e d:/FETEL_WorkDir/Y4S2_DMA_InternReport/software/DMANiosII_bsp/\libhal_bsp.a(alt_sys_init.o)
 .comment       0x0000002d       0x2e d:/FETEL_WorkDir/Y4S2_DMA_InternReport/software/DMANiosII_bsp/\libhal_bsp.a(altera_avalon_jtag_uart_fd.o)
 .comment       0x0000002d       0x2e d:/FETEL_WorkDir/Y4S2_DMA_InternReport/software/DMANiosII_bsp/\libhal_bsp.a(altera_avalon_jtag_uart_read.o)
 .comment       0x0000002d       0x2e d:/FETEL_WorkDir/Y4S2_DMA_InternReport/software/DMANiosII_bsp/\libhal_bsp.a(altera_avalon_jtag_uart_write.o)
 .comment       0x0000002d       0x2e d:/FETEL_WorkDir/Y4S2_DMA_InternReport/software/DMANiosII_bsp/\libhal_bsp.a(alt_close.o)
 .comment       0x0000002d       0x2e d:/FETEL_WorkDir/Y4S2_DMA_InternReport/software/DMANiosII_bsp/\libhal_bsp.a(alt_dcache_flush_all.o)
 .comment       0x0000002d       0x2e d:/FETEL_WorkDir/Y4S2_DMA_InternReport/software/DMANiosII_bsp/\libhal_bsp.a(alt_dev.o)
 .comment       0x0000002d       0x2e d:/FETEL_WorkDir/Y4S2_DMA_InternReport/software/DMANiosII_bsp/\libhal_bsp.a(alt_dev_llist_insert.o)
 .comment       0x0000002d       0x2e d:/FETEL_WorkDir/Y4S2_DMA_InternReport/software/DMANiosII_bsp/\libhal_bsp.a(alt_do_ctors.o)
 .comment       0x0000002d       0x2e d:/FETEL_WorkDir/Y4S2_DMA_InternReport/software/DMANiosII_bsp/\libhal_bsp.a(alt_do_dtors.o)
 .comment       0x0000002d       0x2e d:/FETEL_WorkDir/Y4S2_DMA_InternReport/software/DMANiosII_bsp/\libhal_bsp.a(alt_errno.o)
 .comment       0x0000002d       0x2e d:/FETEL_WorkDir/Y4S2_DMA_InternReport/software/DMANiosII_bsp/\libhal_bsp.a(alt_icache_flush_all.o)
 .comment       0x0000002d       0x2e d:/FETEL_WorkDir/Y4S2_DMA_InternReport/software/DMANiosII_bsp/\libhal_bsp.a(alt_io_redirect.o)
 .comment       0x0000002d       0x2e d:/FETEL_WorkDir/Y4S2_DMA_InternReport/software/DMANiosII_bsp/\libhal_bsp.a(alt_open.o)
 .comment       0x0000002d       0x2e d:/FETEL_WorkDir/Y4S2_DMA_InternReport/software/DMANiosII_bsp/\libhal_bsp.a(alt_release_fd.o)
 .comment       0x0000002d       0x2e d:/FETEL_WorkDir/Y4S2_DMA_InternReport/software/DMANiosII_bsp/\libhal_bsp.a(altera_nios2_gen2_irq.o)
 .comment       0x0000002d       0x2e d:/FETEL_WorkDir/Y4S2_DMA_InternReport/software/DMANiosII_bsp/\libhal_bsp.a(alt_find_dev.o)
 .comment       0x0000002d       0x2e d:/FETEL_WorkDir/Y4S2_DMA_InternReport/software/DMANiosII_bsp/\libhal_bsp.a(alt_find_file.o)
 .comment       0x0000002d       0x2e d:/FETEL_WorkDir/Y4S2_DMA_InternReport/software/DMANiosII_bsp/\libhal_bsp.a(alt_get_fd.o)
 .comment       0x0000002d       0x2e d:/fetel_worksoft/intelfpga_lite/23.1std/nios2eds/bin/gnu/h-x86_64-mingw32/bin/../lib/gcc/nios2-elf/12.3.1/../../../../../H-x86_64-mingw32/nios2-elf/lib/mno-hw-mul\libsmallc.a(libc_a-atexit.o)
 .comment       0x0000002d       0x2e d:/fetel_worksoft/intelfpga_lite/23.1std/nios2eds/bin/gnu/h-x86_64-mingw32/bin/../lib/gcc/nios2-elf/12.3.1/../../../../../H-x86_64-mingw32/nios2-elf/lib/mno-hw-mul\libsmallc.a(libc_a-exit.o)
 .comment       0x0000002d       0x2e d:/fetel_worksoft/intelfpga_lite/23.1std/nios2eds/bin/gnu/h-x86_64-mingw32/bin/../lib/gcc/nios2-elf/12.3.1/../../../../../H-x86_64-mingw32/nios2-elf/lib/mno-hw-mul\libsmallc.a(libc_a-memcmp.o)
 .comment       0x0000002d       0x2e d:/fetel_worksoft/intelfpga_lite/23.1std/nios2eds/bin/gnu/h-x86_64-mingw32/bin/../lib/gcc/nios2-elf/12.3.1/../../../../../H-x86_64-mingw32/nios2-elf/lib/mno-hw-mul\libsmallc.a(libc_a-__atexit.o)
 .comment       0x0000002d       0x2e d:/fetel_worksoft/intelfpga_lite/23.1std/nios2eds/bin/gnu/h-x86_64-mingw32/bin/../lib/gcc/nios2-elf/12.3.1/../../../../../H-x86_64-mingw32/nios2-elf/lib/mno-hw-mul\libsmallc.a(libc_a-__call_atexit.o)
 .comment       0x0000002d       0x2e d:/FETEL_WorkDir/Y4S2_DMA_InternReport/software/DMANiosII_bsp/\libhal_bsp.a(alt_exit.o)

.debug
 *(.debug)

.line
 *(.line)

.debug_srcinfo
 *(.debug_srcinfo)

.debug_sfnames
 *(.debug_sfnames)

.debug_aranges  0x00000000      0x510
 *(.debug_aranges)
 .debug_aranges
                0x00000000       0x28 d:/FETEL_WorkDir/Y4S2_DMA_InternReport/software/DMANiosII_bsp//obj/HAL/src/crt0.o
 .debug_aranges
                0x00000028       0x20 obj/default/hello_world.o
 .debug_aranges
                0x00000048       0x28 d:/fetel_worksoft/intelfpga_lite/23.1std/nios2eds/bin/gnu/h-x86_64-mingw32/bin/../lib/gcc/nios2-elf/12.3.1/../../../../../H-x86_64-mingw32/nios2-elf/lib/mno-hw-mul\libsmallc.a(libc_a-printf.o)
 .debug_aranges
                0x00000070       0x28 d:/fetel_worksoft/intelfpga_lite/23.1std/nios2eds/bin/gnu/h-x86_64-mingw32/bin/../lib/gcc/nios2-elf/12.3.1/../../../../../H-x86_64-mingw32/nios2-elf/lib/mno-hw-mul\libsmallc.a(libc_a-puts.o)
 .debug_aranges
                0x00000098       0x20 d:/fetel_worksoft/intelfpga_lite/23.1std/nios2eds/bin/gnu/h-x86_64-mingw32/bin/../lib/gcc/nios2-elf/12.3.1/../../../../../H-x86_64-mingw32/nios2-elf/lib/mno-hw-mul\libsmallc.a(libc_a-strlen.o)
 .debug_aranges
                0x000000b8       0x18 d:/fetel_worksoft/intelfpga_lite/23.1std/nios2eds/bin/gnu/h-x86_64-mingw32/bin/../lib/gcc/nios2-elf/12.3.1/../../../../../H-x86_64-mingw32/nios2-elf/lib/mno-hw-mul\libsmallc.a(libc_a-impure.o)
 .debug_aranges
                0x000000d0       0x30 d:/fetel_worksoft/intelfpga_lite/23.1std/nios2eds/bin/gnu/h-x86_64-mingw32/bin/../lib/gcc/nios2-elf/12.3.1/../../../../../H-x86_64-mingw32/nios2-elf/lib/mno-hw-mul\libsmallc.a(libc_a-vfprintf.o)
 .debug_aranges
                0x00000100       0x20 d:/fetel_worksoft/intelfpga_lite/23.1std/nios2eds/bin/gnu/h-x86_64-mingw32/bin/../lib/gcc/nios2-elf/12.3.1/../../../../../H-x86_64-mingw32/nios2-elf/lib/mno-hw-mul\libsmallc.a(libc_a-fvwrite_small_dev.o)
 .debug_aranges
                0x00000120       0x20 d:/fetel_worksoft/intelfpga_lite/23.1std/nios2eds/bin/gnu/h-x86_64-mingw32/bin/../lib/gcc/nios2-elf/12.3.1/../../../../../H-x86_64-mingw32/nios2-elf/lib/mno-hw-mul\libsmallc.a(libc_a-writer.o)
 .debug_aranges
                0x00000140       0x18 d:/fetel_worksoft/intelfpga_lite/23.1std/nios2eds/bin/gnu/h-x86_64-mingw32/bin/../lib/gcc/nios2-elf/12.3.1/../../../../../H-x86_64-mingw32/nios2-elf/lib/mno-hw-mul\libsmallc.a(libc_a-int_errno.o)
 .debug_aranges
                0x00000158       0x20 d:/fetel_worksoft/intelfpga_lite/23.1std/nios2eds/bin/gnu/h-x86_64-mingw32/bin/../lib/gcc/nios2-elf/12.3.1/mno-hw-mul\libgcc.a(lib2-divmod.o)
 .debug_aranges
                0x00000178       0x20 d:/fetel_worksoft/intelfpga_lite/23.1std/nios2eds/bin/gnu/h-x86_64-mingw32/bin/../lib/gcc/nios2-elf/12.3.1/mno-hw-mul\libgcc.a(lib2-mul.o)
 .debug_aranges
                0x00000198       0x20 d:/FETEL_WorkDir/Y4S2_DMA_InternReport/software/DMANiosII_bsp/\libhal_bsp.a(alt_load.o)
 .debug_aranges
                0x000001b8       0x20 d:/FETEL_WorkDir/Y4S2_DMA_InternReport/software/DMANiosII_bsp/\libhal_bsp.a(alt_main.o)
 .debug_aranges
                0x000001d8       0x20 d:/FETEL_WorkDir/Y4S2_DMA_InternReport/software/DMANiosII_bsp/\libhal_bsp.a(alt_write.o)
 .debug_aranges
                0x000001f8       0x20 d:/FETEL_WorkDir/Y4S2_DMA_InternReport/software/DMANiosII_bsp/\libhal_bsp.a(alt_sys_init.o)
 .debug_aranges
                0x00000218       0x20 d:/FETEL_WorkDir/Y4S2_DMA_InternReport/software/DMANiosII_bsp/\libhal_bsp.a(altera_avalon_jtag_uart_fd.o)
 .debug_aranges
                0x00000238       0x20 d:/FETEL_WorkDir/Y4S2_DMA_InternReport/software/DMANiosII_bsp/\libhal_bsp.a(altera_avalon_jtag_uart_read.o)
 .debug_aranges
                0x00000258       0x20 d:/FETEL_WorkDir/Y4S2_DMA_InternReport/software/DMANiosII_bsp/\libhal_bsp.a(altera_avalon_jtag_uart_write.o)
 .debug_aranges
                0x00000278       0x20 d:/FETEL_WorkDir/Y4S2_DMA_InternReport/software/DMANiosII_bsp/\libhal_bsp.a(alt_close.o)
 .debug_aranges
                0x00000298       0x20 d:/FETEL_WorkDir/Y4S2_DMA_InternReport/software/DMANiosII_bsp/\libhal_bsp.a(alt_dcache_flush_all.o)
 .debug_aranges
                0x000002b8       0x20 d:/FETEL_WorkDir/Y4S2_DMA_InternReport/software/DMANiosII_bsp/\libhal_bsp.a(alt_dev.o)
 .debug_aranges
                0x000002d8       0x20 d:/FETEL_WorkDir/Y4S2_DMA_InternReport/software/DMANiosII_bsp/\libhal_bsp.a(alt_dev_llist_insert.o)
 .debug_aranges
                0x000002f8       0x20 d:/FETEL_WorkDir/Y4S2_DMA_InternReport/software/DMANiosII_bsp/\libhal_bsp.a(alt_do_ctors.o)
 .debug_aranges
                0x00000318       0x20 d:/FETEL_WorkDir/Y4S2_DMA_InternReport/software/DMANiosII_bsp/\libhal_bsp.a(alt_do_dtors.o)
 .debug_aranges
                0x00000338       0x18 d:/FETEL_WorkDir/Y4S2_DMA_InternReport/software/DMANiosII_bsp/\libhal_bsp.a(alt_errno.o)
 .debug_aranges
                0x00000350       0x20 d:/FETEL_WorkDir/Y4S2_DMA_InternReport/software/DMANiosII_bsp/\libhal_bsp.a(alt_icache_flush_all.o)
 .debug_aranges
                0x00000370       0x20 d:/FETEL_WorkDir/Y4S2_DMA_InternReport/software/DMANiosII_bsp/\libhal_bsp.a(alt_io_redirect.o)
 .debug_aranges
                0x00000390       0x20 d:/FETEL_WorkDir/Y4S2_DMA_InternReport/software/DMANiosII_bsp/\libhal_bsp.a(alt_open.o)
 .debug_aranges
                0x000003b0       0x20 d:/FETEL_WorkDir/Y4S2_DMA_InternReport/software/DMANiosII_bsp/\libhal_bsp.a(alt_release_fd.o)
 .debug_aranges
                0x000003d0       0x20 d:/FETEL_WorkDir/Y4S2_DMA_InternReport/software/DMANiosII_bsp/\libhal_bsp.a(altera_nios2_gen2_irq.o)
 .debug_aranges
                0x000003f0       0x20 d:/FETEL_WorkDir/Y4S2_DMA_InternReport/software/DMANiosII_bsp/\libhal_bsp.a(alt_find_dev.o)
 .debug_aranges
                0x00000410       0x20 d:/FETEL_WorkDir/Y4S2_DMA_InternReport/software/DMANiosII_bsp/\libhal_bsp.a(alt_find_file.o)
 .debug_aranges
                0x00000430       0x20 d:/FETEL_WorkDir/Y4S2_DMA_InternReport/software/DMANiosII_bsp/\libhal_bsp.a(alt_get_fd.o)
 .debug_aranges
                0x00000450       0x20 d:/fetel_worksoft/intelfpga_lite/23.1std/nios2eds/bin/gnu/h-x86_64-mingw32/bin/../lib/gcc/nios2-elf/12.3.1/../../../../../H-x86_64-mingw32/nios2-elf/lib/mno-hw-mul\libsmallc.a(libc_a-atexit.o)
 .debug_aranges
                0x00000470       0x20 d:/fetel_worksoft/intelfpga_lite/23.1std/nios2eds/bin/gnu/h-x86_64-mingw32/bin/../lib/gcc/nios2-elf/12.3.1/../../../../../H-x86_64-mingw32/nios2-elf/lib/mno-hw-mul\libsmallc.a(libc_a-exit.o)
 .debug_aranges
                0x00000490       0x20 d:/fetel_worksoft/intelfpga_lite/23.1std/nios2eds/bin/gnu/h-x86_64-mingw32/bin/../lib/gcc/nios2-elf/12.3.1/../../../../../H-x86_64-mingw32/nios2-elf/lib/mno-hw-mul\libsmallc.a(libc_a-memcmp.o)
 .debug_aranges
                0x000004b0       0x20 d:/fetel_worksoft/intelfpga_lite/23.1std/nios2eds/bin/gnu/h-x86_64-mingw32/bin/../lib/gcc/nios2-elf/12.3.1/../../../../../H-x86_64-mingw32/nios2-elf/lib/mno-hw-mul\libsmallc.a(libc_a-__atexit.o)
 .debug_aranges
                0x000004d0       0x20 d:/fetel_worksoft/intelfpga_lite/23.1std/nios2eds/bin/gnu/h-x86_64-mingw32/bin/../lib/gcc/nios2-elf/12.3.1/../../../../../H-x86_64-mingw32/nios2-elf/lib/mno-hw-mul\libsmallc.a(libc_a-__call_atexit.o)
 .debug_aranges
                0x000004f0       0x20 d:/FETEL_WorkDir/Y4S2_DMA_InternReport/software/DMANiosII_bsp/\libhal_bsp.a(alt_exit.o)

.debug_pubnames
 *(.debug_pubnames)

.debug_info     0x00000000     0x7036
 *(.debug_info .gnu.linkonce.wi.*)
 .debug_info    0x00000000       0x3f d:/FETEL_WorkDir/Y4S2_DMA_InternReport/software/DMANiosII_bsp//obj/HAL/src/crt0.o
 .debug_info    0x0000003f      0x26a obj/default/hello_world.o
 .debug_info    0x000002a9      0x666 d:/fetel_worksoft/intelfpga_lite/23.1std/nios2eds/bin/gnu/h-x86_64-mingw32/bin/../lib/gcc/nios2-elf/12.3.1/../../../../../H-x86_64-mingw32/nios2-elf/lib/mno-hw-mul\libsmallc.a(libc_a-printf.o)
 .debug_info    0x0000090f      0x5ec d:/fetel_worksoft/intelfpga_lite/23.1std/nios2eds/bin/gnu/h-x86_64-mingw32/bin/../lib/gcc/nios2-elf/12.3.1/../../../../../H-x86_64-mingw32/nios2-elf/lib/mno-hw-mul\libsmallc.a(libc_a-puts.o)
 .debug_info    0x00000efb       0xd1 d:/fetel_worksoft/intelfpga_lite/23.1std/nios2eds/bin/gnu/h-x86_64-mingw32/bin/../lib/gcc/nios2-elf/12.3.1/../../../../../H-x86_64-mingw32/nios2-elf/lib/mno-hw-mul\libsmallc.a(libc_a-strlen.o)
 .debug_info    0x00000fcc      0x4eb d:/fetel_worksoft/intelfpga_lite/23.1std/nios2eds/bin/gnu/h-x86_64-mingw32/bin/../lib/gcc/nios2-elf/12.3.1/../../../../../H-x86_64-mingw32/nios2-elf/lib/mno-hw-mul\libsmallc.a(libc_a-impure.o)
 .debug_info    0x000014b7      0xd7f d:/fetel_worksoft/intelfpga_lite/23.1std/nios2eds/bin/gnu/h-x86_64-mingw32/bin/../lib/gcc/nios2-elf/12.3.1/../../../../../H-x86_64-mingw32/nios2-elf/lib/mno-hw-mul\libsmallc.a(libc_a-vfprintf.o)
 .debug_info    0x00002236      0x5c4 d:/fetel_worksoft/intelfpga_lite/23.1std/nios2eds/bin/gnu/h-x86_64-mingw32/bin/../lib/gcc/nios2-elf/12.3.1/../../../../../H-x86_64-mingw32/nios2-elf/lib/mno-hw-mul\libsmallc.a(libc_a-fvwrite_small_dev.o)
 .debug_info    0x000027fa      0x5a4 d:/fetel_worksoft/intelfpga_lite/23.1std/nios2eds/bin/gnu/h-x86_64-mingw32/bin/../lib/gcc/nios2-elf/12.3.1/../../../../../H-x86_64-mingw32/nios2-elf/lib/mno-hw-mul\libsmallc.a(libc_a-writer.o)
 .debug_info    0x00002d9e       0x85 d:/fetel_worksoft/intelfpga_lite/23.1std/nios2eds/bin/gnu/h-x86_64-mingw32/bin/../lib/gcc/nios2-elf/12.3.1/../../../../../H-x86_64-mingw32/nios2-elf/lib/mno-hw-mul\libsmallc.a(libc_a-int_errno.o)
 .debug_info    0x00002e23      0x347 d:/fetel_worksoft/intelfpga_lite/23.1std/nios2eds/bin/gnu/h-x86_64-mingw32/bin/../lib/gcc/nios2-elf/12.3.1/mno-hw-mul\libgcc.a(lib2-divmod.o)
 .debug_info    0x0000316a       0xc4 d:/fetel_worksoft/intelfpga_lite/23.1std/nios2eds/bin/gnu/h-x86_64-mingw32/bin/../lib/gcc/nios2-elf/12.3.1/mno-hw-mul\libgcc.a(lib2-mul.o)
 .debug_info    0x0000322e      0x144 d:/FETEL_WorkDir/Y4S2_DMA_InternReport/software/DMANiosII_bsp/\libhal_bsp.a(alt_load.o)
 .debug_info    0x00003372      0x19d d:/FETEL_WorkDir/Y4S2_DMA_InternReport/software/DMANiosII_bsp/\libhal_bsp.a(alt_main.o)
 .debug_info    0x0000350f      0x54a d:/FETEL_WorkDir/Y4S2_DMA_InternReport/software/DMANiosII_bsp/\libhal_bsp.a(alt_write.o)
 .debug_info    0x00003a59      0x40f d:/FETEL_WorkDir/Y4S2_DMA_InternReport/software/DMANiosII_bsp/\libhal_bsp.a(alt_sys_init.o)
 .debug_info    0x00003e68      0x3c9 d:/FETEL_WorkDir/Y4S2_DMA_InternReport/software/DMANiosII_bsp/\libhal_bsp.a(altera_avalon_jtag_uart_fd.o)
 .debug_info    0x00004231      0x144 d:/FETEL_WorkDir/Y4S2_DMA_InternReport/software/DMANiosII_bsp/\libhal_bsp.a(altera_avalon_jtag_uart_read.o)
 .debug_info    0x00004375      0x12b d:/FETEL_WorkDir/Y4S2_DMA_InternReport/software/DMANiosII_bsp/\libhal_bsp.a(altera_avalon_jtag_uart_write.o)
 .debug_info    0x000044a0      0x32f d:/FETEL_WorkDir/Y4S2_DMA_InternReport/software/DMANiosII_bsp/\libhal_bsp.a(alt_close.o)
 .debug_info    0x000047cf       0x8d d:/FETEL_WorkDir/Y4S2_DMA_InternReport/software/DMANiosII_bsp/\libhal_bsp.a(alt_dcache_flush_all.o)
 .debug_info    0x0000485c      0x567 d:/FETEL_WorkDir/Y4S2_DMA_InternReport/software/DMANiosII_bsp/\libhal_bsp.a(alt_dev.o)
 .debug_info    0x00004dc3      0x1a8 d:/FETEL_WorkDir/Y4S2_DMA_InternReport/software/DMANiosII_bsp/\libhal_bsp.a(alt_dev_llist_insert.o)
 .debug_info    0x00004f6b       0x83 d:/FETEL_WorkDir/Y4S2_DMA_InternReport/software/DMANiosII_bsp/\libhal_bsp.a(alt_do_ctors.o)
 .debug_info    0x00004fee       0x83 d:/FETEL_WorkDir/Y4S2_DMA_InternReport/software/DMANiosII_bsp/\libhal_bsp.a(alt_do_dtors.o)
 .debug_info    0x00005071       0xa8 d:/FETEL_WorkDir/Y4S2_DMA_InternReport/software/DMANiosII_bsp/\libhal_bsp.a(alt_errno.o)
 .debug_info    0x00005119       0x8d d:/FETEL_WorkDir/Y4S2_DMA_InternReport/software/DMANiosII_bsp/\libhal_bsp.a(alt_icache_flush_all.o)
 .debug_info    0x000051a6      0x561 d:/FETEL_WorkDir/Y4S2_DMA_InternReport/software/DMANiosII_bsp/\libhal_bsp.a(alt_io_redirect.o)
 .debug_info    0x00005707      0x415 d:/FETEL_WorkDir/Y4S2_DMA_InternReport/software/DMANiosII_bsp/\libhal_bsp.a(alt_open.o)
 .debug_info    0x00005b1c      0x2ac d:/FETEL_WorkDir/Y4S2_DMA_InternReport/software/DMANiosII_bsp/\libhal_bsp.a(alt_release_fd.o)
 .debug_info    0x00005dc8       0x8d d:/FETEL_WorkDir/Y4S2_DMA_InternReport/software/DMANiosII_bsp/\libhal_bsp.a(altera_nios2_gen2_irq.o)
 .debug_info    0x00005e55      0x323 d:/FETEL_WorkDir/Y4S2_DMA_InternReport/software/DMANiosII_bsp/\libhal_bsp.a(alt_find_dev.o)
 .debug_info    0x00006178      0x324 d:/FETEL_WorkDir/Y4S2_DMA_InternReport/software/DMANiosII_bsp/\libhal_bsp.a(alt_find_file.o)
 .debug_info    0x0000649c      0x309 d:/FETEL_WorkDir/Y4S2_DMA_InternReport/software/DMANiosII_bsp/\libhal_bsp.a(alt_get_fd.o)
 .debug_info    0x000067a5      0x118 d:/fetel_worksoft/intelfpga_lite/23.1std/nios2eds/bin/gnu/h-x86_64-mingw32/bin/../lib/gcc/nios2-elf/12.3.1/../../../../../H-x86_64-mingw32/nios2-elf/lib/mno-hw-mul\libsmallc.a(libc_a-atexit.o)
 .debug_info    0x000068bd      0x115 d:/fetel_worksoft/intelfpga_lite/23.1std/nios2eds/bin/gnu/h-x86_64-mingw32/bin/../lib/gcc/nios2-elf/12.3.1/../../../../../H-x86_64-mingw32/nios2-elf/lib/mno-hw-mul\libsmallc.a(libc_a-exit.o)
 .debug_info    0x000069d2       0xf9 d:/fetel_worksoft/intelfpga_lite/23.1std/nios2eds/bin/gnu/h-x86_64-mingw32/bin/../lib/gcc/nios2-elf/12.3.1/../../../../../H-x86_64-mingw32/nios2-elf/lib/mno-hw-mul\libsmallc.a(libc_a-memcmp.o)
 .debug_info    0x00006acb      0x255 d:/fetel_worksoft/intelfpga_lite/23.1std/nios2eds/bin/gnu/h-x86_64-mingw32/bin/../lib/gcc/nios2-elf/12.3.1/../../../../../H-x86_64-mingw32/nios2-elf/lib/mno-hw-mul\libsmallc.a(libc_a-__atexit.o)
 .debug_info    0x00006d20      0x234 d:/fetel_worksoft/intelfpga_lite/23.1std/nios2eds/bin/gnu/h-x86_64-mingw32/bin/../lib/gcc/nios2-elf/12.3.1/../../../../../H-x86_64-mingw32/nios2-elf/lib/mno-hw-mul\libsmallc.a(libc_a-__call_atexit.o)
 .debug_info    0x00006f54       0xe2 d:/FETEL_WorkDir/Y4S2_DMA_InternReport/software/DMANiosII_bsp/\libhal_bsp.a(alt_exit.o)

.debug_abbrev   0x00000000     0x297e
 *(.debug_abbrev)
 .debug_abbrev  0x00000000       0x1f d:/FETEL_WorkDir/Y4S2_DMA_InternReport/software/DMANiosII_bsp//obj/HAL/src/crt0.o
 .debug_abbrev  0x0000001f      0x159 obj/default/hello_world.o
 .debug_abbrev  0x00000178      0x1ec d:/fetel_worksoft/intelfpga_lite/23.1std/nios2eds/bin/gnu/h-x86_64-mingw32/bin/../lib/gcc/nios2-elf/12.3.1/../../../../../H-x86_64-mingw32/nios2-elf/lib/mno-hw-mul\libsmallc.a(libc_a-printf.o)
 .debug_abbrev  0x00000364      0x1db d:/fetel_worksoft/intelfpga_lite/23.1std/nios2eds/bin/gnu/h-x86_64-mingw32/bin/../lib/gcc/nios2-elf/12.3.1/../../../../../H-x86_64-mingw32/nios2-elf/lib/mno-hw-mul\libsmallc.a(libc_a-puts.o)
 .debug_abbrev  0x0000053f       0x8c d:/fetel_worksoft/intelfpga_lite/23.1std/nios2eds/bin/gnu/h-x86_64-mingw32/bin/../lib/gcc/nios2-elf/12.3.1/../../../../../H-x86_64-mingw32/nios2-elf/lib/mno-hw-mul\libsmallc.a(libc_a-strlen.o)
 .debug_abbrev  0x000005cb      0x142 d:/fetel_worksoft/intelfpga_lite/23.1std/nios2eds/bin/gnu/h-x86_64-mingw32/bin/../lib/gcc/nios2-elf/12.3.1/../../../../../H-x86_64-mingw32/nios2-elf/lib/mno-hw-mul\libsmallc.a(libc_a-impure.o)
 .debug_abbrev  0x0000070d      0x2d9 d:/fetel_worksoft/intelfpga_lite/23.1std/nios2eds/bin/gnu/h-x86_64-mingw32/bin/../lib/gcc/nios2-elf/12.3.1/../../../../../H-x86_64-mingw32/nios2-elf/lib/mno-hw-mul\libsmallc.a(libc_a-vfprintf.o)
 .debug_abbrev  0x000009e6      0x1c9 d:/fetel_worksoft/intelfpga_lite/23.1std/nios2eds/bin/gnu/h-x86_64-mingw32/bin/../lib/gcc/nios2-elf/12.3.1/../../../../../H-x86_64-mingw32/nios2-elf/lib/mno-hw-mul\libsmallc.a(libc_a-fvwrite_small_dev.o)
 .debug_abbrev  0x00000baf      0x1ae d:/fetel_worksoft/intelfpga_lite/23.1std/nios2eds/bin/gnu/h-x86_64-mingw32/bin/../lib/gcc/nios2-elf/12.3.1/../../../../../H-x86_64-mingw32/nios2-elf/lib/mno-hw-mul\libsmallc.a(libc_a-writer.o)
 .debug_abbrev  0x00000d5d       0x39 d:/fetel_worksoft/intelfpga_lite/23.1std/nios2eds/bin/gnu/h-x86_64-mingw32/bin/../lib/gcc/nios2-elf/12.3.1/../../../../../H-x86_64-mingw32/nios2-elf/lib/mno-hw-mul\libsmallc.a(libc_a-int_errno.o)
 .debug_abbrev  0x00000d96      0x10c d:/fetel_worksoft/intelfpga_lite/23.1std/nios2eds/bin/gnu/h-x86_64-mingw32/bin/../lib/gcc/nios2-elf/12.3.1/mno-hw-mul\libgcc.a(lib2-divmod.o)
 .debug_abbrev  0x00000ea2       0x80 d:/fetel_worksoft/intelfpga_lite/23.1std/nios2eds/bin/gnu/h-x86_64-mingw32/bin/../lib/gcc/nios2-elf/12.3.1/mno-hw-mul\libgcc.a(lib2-mul.o)
 .debug_abbrev  0x00000f22       0xc2 d:/FETEL_WorkDir/Y4S2_DMA_InternReport/software/DMANiosII_bsp/\libhal_bsp.a(alt_load.o)
 .debug_abbrev  0x00000fe4       0xfb d:/FETEL_WorkDir/Y4S2_DMA_InternReport/software/DMANiosII_bsp/\libhal_bsp.a(alt_main.o)
 .debug_abbrev  0x000010df      0x149 d:/FETEL_WorkDir/Y4S2_DMA_InternReport/software/DMANiosII_bsp/\libhal_bsp.a(alt_write.o)
 .debug_abbrev  0x00001228      0x196 d:/FETEL_WorkDir/Y4S2_DMA_InternReport/software/DMANiosII_bsp/\libhal_bsp.a(alt_sys_init.o)
 .debug_abbrev  0x000013be      0x128 d:/FETEL_WorkDir/Y4S2_DMA_InternReport/software/DMANiosII_bsp/\libhal_bsp.a(altera_avalon_jtag_uart_fd.o)
 .debug_abbrev  0x000014e6       0xd2 d:/FETEL_WorkDir/Y4S2_DMA_InternReport/software/DMANiosII_bsp/\libhal_bsp.a(altera_avalon_jtag_uart_read.o)
 .debug_abbrev  0x000015b8       0xd0 d:/FETEL_WorkDir/Y4S2_DMA_InternReport/software/DMANiosII_bsp/\libhal_bsp.a(altera_avalon_jtag_uart_write.o)
 .debug_abbrev  0x00001688      0x147 d:/FETEL_WorkDir/Y4S2_DMA_InternReport/software/DMANiosII_bsp/\libhal_bsp.a(alt_close.o)
 .debug_abbrev  0x000017cf       0x43 d:/FETEL_WorkDir/Y4S2_DMA_InternReport/software/DMANiosII_bsp/\libhal_bsp.a(alt_dcache_flush_all.o)
 .debug_abbrev  0x00001812      0x11b d:/FETEL_WorkDir/Y4S2_DMA_InternReport/software/DMANiosII_bsp/\libhal_bsp.a(alt_dev.o)
 .debug_abbrev  0x0000192d      0x12b d:/FETEL_WorkDir/Y4S2_DMA_InternReport/software/DMANiosII_bsp/\libhal_bsp.a(alt_dev_llist_insert.o)
 .debug_abbrev  0x00001a58       0x83 d:/FETEL_WorkDir/Y4S2_DMA_InternReport/software/DMANiosII_bsp/\libhal_bsp.a(alt_do_ctors.o)
 .debug_abbrev  0x00001adb       0x83 d:/FETEL_WorkDir/Y4S2_DMA_InternReport/software/DMANiosII_bsp/\libhal_bsp.a(alt_do_dtors.o)
 .debug_abbrev  0x00001b5e       0x70 d:/FETEL_WorkDir/Y4S2_DMA_InternReport/software/DMANiosII_bsp/\libhal_bsp.a(alt_errno.o)
 .debug_abbrev  0x00001bce       0x43 d:/FETEL_WorkDir/Y4S2_DMA_InternReport/software/DMANiosII_bsp/\libhal_bsp.a(alt_icache_flush_all.o)
 .debug_abbrev  0x00001c11      0x157 d:/FETEL_WorkDir/Y4S2_DMA_InternReport/software/DMANiosII_bsp/\libhal_bsp.a(alt_io_redirect.o)
 .debug_abbrev  0x00001d68      0x191 d:/FETEL_WorkDir/Y4S2_DMA_InternReport/software/DMANiosII_bsp/\libhal_bsp.a(alt_open.o)
 .debug_abbrev  0x00001ef9       0xea d:/FETEL_WorkDir/Y4S2_DMA_InternReport/software/DMANiosII_bsp/\libhal_bsp.a(alt_release_fd.o)
 .debug_abbrev  0x00001fe3       0x43 d:/FETEL_WorkDir/Y4S2_DMA_InternReport/software/DMANiosII_bsp/\libhal_bsp.a(altera_nios2_gen2_irq.o)
 .debug_abbrev  0x00002026      0x10c d:/FETEL_WorkDir/Y4S2_DMA_InternReport/software/DMANiosII_bsp/\libhal_bsp.a(alt_find_dev.o)
 .debug_abbrev  0x00002132      0x11d d:/FETEL_WorkDir/Y4S2_DMA_InternReport/software/DMANiosII_bsp/\libhal_bsp.a(alt_find_file.o)
 .debug_abbrev  0x0000224f      0x124 d:/FETEL_WorkDir/Y4S2_DMA_InternReport/software/DMANiosII_bsp/\libhal_bsp.a(alt_get_fd.o)
 .debug_abbrev  0x00002373       0xc1 d:/fetel_worksoft/intelfpga_lite/23.1std/nios2eds/bin/gnu/h-x86_64-mingw32/bin/../lib/gcc/nios2-elf/12.3.1/../../../../../H-x86_64-mingw32/nios2-elf/lib/mno-hw-mul\libsmallc.a(libc_a-atexit.o)
 .debug_abbrev  0x00002434       0xde d:/fetel_worksoft/intelfpga_lite/23.1std/nios2eds/bin/gnu/h-x86_64-mingw32/bin/../lib/gcc/nios2-elf/12.3.1/../../../../../H-x86_64-mingw32/nios2-elf/lib/mno-hw-mul\libsmallc.a(libc_a-exit.o)
 .debug_abbrev  0x00002512       0xa1 d:/fetel_worksoft/intelfpga_lite/23.1std/nios2eds/bin/gnu/h-x86_64-mingw32/bin/../lib/gcc/nios2-elf/12.3.1/../../../../../H-x86_64-mingw32/nios2-elf/lib/mno-hw-mul\libsmallc.a(libc_a-memcmp.o)
 .debug_abbrev  0x000025b3      0x1a7 d:/fetel_worksoft/intelfpga_lite/23.1std/nios2eds/bin/gnu/h-x86_64-mingw32/bin/../lib/gcc/nios2-elf/12.3.1/../../../../../H-x86_64-mingw32/nios2-elf/lib/mno-hw-mul\libsmallc.a(libc_a-__atexit.o)
 .debug_abbrev  0x0000275a      0x179 d:/fetel_worksoft/intelfpga_lite/23.1std/nios2eds/bin/gnu/h-x86_64-mingw32/bin/../lib/gcc/nios2-elf/12.3.1/../../../../../H-x86_64-mingw32/nios2-elf/lib/mno-hw-mul\libsmallc.a(libc_a-__call_atexit.o)
 .debug_abbrev  0x000028d3       0xab d:/FETEL_WorkDir/Y4S2_DMA_InternReport/software/DMANiosII_bsp/\libhal_bsp.a(alt_exit.o)

.debug_line     0x00000000     0x215c
 *(.debug_line)
 .debug_line    0x00000000       0x5c d:/FETEL_WorkDir/Y4S2_DMA_InternReport/software/DMANiosII_bsp//obj/HAL/src/crt0.o
 .debug_line    0x0000005c      0x13f obj/default/hello_world.o
 .debug_line    0x0000019b       0xd4 d:/fetel_worksoft/intelfpga_lite/23.1std/nios2eds/bin/gnu/h-x86_64-mingw32/bin/../lib/gcc/nios2-elf/12.3.1/../../../../../H-x86_64-mingw32/nios2-elf/lib/mno-hw-mul\libsmallc.a(libc_a-printf.o)
 .debug_line    0x0000026f       0xc2 d:/fetel_worksoft/intelfpga_lite/23.1std/nios2eds/bin/gnu/h-x86_64-mingw32/bin/../lib/gcc/nios2-elf/12.3.1/../../../../../H-x86_64-mingw32/nios2-elf/lib/mno-hw-mul\libsmallc.a(libc_a-puts.o)
 .debug_line    0x00000331       0x7c d:/fetel_worksoft/intelfpga_lite/23.1std/nios2eds/bin/gnu/h-x86_64-mingw32/bin/../lib/gcc/nios2-elf/12.3.1/../../../../../H-x86_64-mingw32/nios2-elf/lib/mno-hw-mul\libsmallc.a(libc_a-strlen.o)
 .debug_line    0x000003ad       0x4c d:/fetel_worksoft/intelfpga_lite/23.1std/nios2eds/bin/gnu/h-x86_64-mingw32/bin/../lib/gcc/nios2-elf/12.3.1/../../../../../H-x86_64-mingw32/nios2-elf/lib/mno-hw-mul\libsmallc.a(libc_a-impure.o)
 .debug_line    0x000003f9      0x581 d:/fetel_worksoft/intelfpga_lite/23.1std/nios2eds/bin/gnu/h-x86_64-mingw32/bin/../lib/gcc/nios2-elf/12.3.1/../../../../../H-x86_64-mingw32/nios2-elf/lib/mno-hw-mul\libsmallc.a(libc_a-vfprintf.o)
 .debug_line    0x0000097a       0xd7 d:/fetel_worksoft/intelfpga_lite/23.1std/nios2eds/bin/gnu/h-x86_64-mingw32/bin/../lib/gcc/nios2-elf/12.3.1/../../../../../H-x86_64-mingw32/nios2-elf/lib/mno-hw-mul\libsmallc.a(libc_a-fvwrite_small_dev.o)
 .debug_line    0x00000a51       0xae d:/fetel_worksoft/intelfpga_lite/23.1std/nios2eds/bin/gnu/h-x86_64-mingw32/bin/../lib/gcc/nios2-elf/12.3.1/../../../../../H-x86_64-mingw32/nios2-elf/lib/mno-hw-mul\libsmallc.a(libc_a-writer.o)
 .debug_line    0x00000aff       0x3a d:/fetel_worksoft/intelfpga_lite/23.1std/nios2eds/bin/gnu/h-x86_64-mingw32/bin/../lib/gcc/nios2-elf/12.3.1/../../../../../H-x86_64-mingw32/nios2-elf/lib/mno-hw-mul\libsmallc.a(libc_a-int_errno.o)
 .debug_line    0x00000b39      0x2e3 d:/fetel_worksoft/intelfpga_lite/23.1std/nios2eds/bin/gnu/h-x86_64-mingw32/bin/../lib/gcc/nios2-elf/12.3.1/mno-hw-mul\libgcc.a(lib2-divmod.o)
 .debug_line    0x00000e1c       0x88 d:/fetel_worksoft/intelfpga_lite/23.1std/nios2eds/bin/gnu/h-x86_64-mingw32/bin/../lib/gcc/nios2-elf/12.3.1/mno-hw-mul\libgcc.a(lib2-mul.o)
 .debug_line    0x00000ea4       0x8f d:/FETEL_WorkDir/Y4S2_DMA_InternReport/software/DMANiosII_bsp/\libhal_bsp.a(alt_load.o)
 .debug_line    0x00000f33       0x99 d:/FETEL_WorkDir/Y4S2_DMA_InternReport/software/DMANiosII_bsp/\libhal_bsp.a(alt_main.o)
 .debug_line    0x00000fcc      0x139 d:/FETEL_WorkDir/Y4S2_DMA_InternReport/software/DMANiosII_bsp/\libhal_bsp.a(alt_write.o)
 .debug_line    0x00001105       0xa8 d:/FETEL_WorkDir/Y4S2_DMA_InternReport/software/DMANiosII_bsp/\libhal_bsp.a(alt_sys_init.o)
 .debug_line    0x000011ad       0x8a d:/FETEL_WorkDir/Y4S2_DMA_InternReport/software/DMANiosII_bsp/\libhal_bsp.a(altera_avalon_jtag_uart_fd.o)
 .debug_line    0x00001237       0xa4 d:/FETEL_WorkDir/Y4S2_DMA_InternReport/software/DMANiosII_bsp/\libhal_bsp.a(altera_avalon_jtag_uart_read.o)
 .debug_line    0x000012db       0x7e d:/FETEL_WorkDir/Y4S2_DMA_InternReport/software/DMANiosII_bsp/\libhal_bsp.a(altera_avalon_jtag_uart_write.o)
 .debug_line    0x00001359      0x117 d:/FETEL_WorkDir/Y4S2_DMA_InternReport/software/DMANiosII_bsp/\libhal_bsp.a(alt_close.o)
 .debug_line    0x00001470       0x4e d:/FETEL_WorkDir/Y4S2_DMA_InternReport/software/DMANiosII_bsp/\libhal_bsp.a(alt_dcache_flush_all.o)
 .debug_line    0x000014be       0xa2 d:/FETEL_WorkDir/Y4S2_DMA_InternReport/software/DMANiosII_bsp/\libhal_bsp.a(alt_dev.o)
 .debug_line    0x00001560       0xca d:/FETEL_WorkDir/Y4S2_DMA_InternReport/software/DMANiosII_bsp/\libhal_bsp.a(alt_dev_llist_insert.o)
 .debug_line    0x0000162a       0x69 d:/FETEL_WorkDir/Y4S2_DMA_InternReport/software/DMANiosII_bsp/\libhal_bsp.a(alt_do_ctors.o)
 .debug_line    0x00001693       0x69 d:/FETEL_WorkDir/Y4S2_DMA_InternReport/software/DMANiosII_bsp/\libhal_bsp.a(alt_do_dtors.o)
 .debug_line    0x000016fc       0x4c d:/FETEL_WorkDir/Y4S2_DMA_InternReport/software/DMANiosII_bsp/\libhal_bsp.a(alt_errno.o)
 .debug_line    0x00001748       0x4c d:/FETEL_WorkDir/Y4S2_DMA_InternReport/software/DMANiosII_bsp/\libhal_bsp.a(alt_icache_flush_all.o)
 .debug_line    0x00001794       0xd2 d:/FETEL_WorkDir/Y4S2_DMA_InternReport/software/DMANiosII_bsp/\libhal_bsp.a(alt_io_redirect.o)
 .debug_line    0x00001866      0x159 d:/FETEL_WorkDir/Y4S2_DMA_InternReport/software/DMANiosII_bsp/\libhal_bsp.a(alt_open.o)
 .debug_line    0x000019bf       0x77 d:/FETEL_WorkDir/Y4S2_DMA_InternReport/software/DMANiosII_bsp/\libhal_bsp.a(alt_release_fd.o)
 .debug_line    0x00001a36       0x51 d:/FETEL_WorkDir/Y4S2_DMA_InternReport/software/DMANiosII_bsp/\libhal_bsp.a(altera_nios2_gen2_irq.o)
 .debug_line    0x00001a87       0xa1 d:/FETEL_WorkDir/Y4S2_DMA_InternReport/software/DMANiosII_bsp/\libhal_bsp.a(alt_find_dev.o)
 .debug_line    0x00001b28       0xd7 d:/FETEL_WorkDir/Y4S2_DMA_InternReport/software/DMANiosII_bsp/\libhal_bsp.a(alt_find_file.o)
 .debug_line    0x00001bff       0xb3 d:/FETEL_WorkDir/Y4S2_DMA_InternReport/software/DMANiosII_bsp/\libhal_bsp.a(alt_get_fd.o)
 .debug_line    0x00001cb2       0x65 d:/fetel_worksoft/intelfpga_lite/23.1std/nios2eds/bin/gnu/h-x86_64-mingw32/bin/../lib/gcc/nios2-elf/12.3.1/../../../../../H-x86_64-mingw32/nios2-elf/lib/mno-hw-mul\libsmallc.a(libc_a-atexit.o)
 .debug_line    0x00001d17       0x80 d:/fetel_worksoft/intelfpga_lite/23.1std/nios2eds/bin/gnu/h-x86_64-mingw32/bin/../lib/gcc/nios2-elf/12.3.1/../../../../../H-x86_64-mingw32/nios2-elf/lib/mno-hw-mul\libsmallc.a(libc_a-exit.o)
 .debug_line    0x00001d97       0x8f d:/fetel_worksoft/intelfpga_lite/23.1std/nios2eds/bin/gnu/h-x86_64-mingw32/bin/../lib/gcc/nios2-elf/12.3.1/../../../../../H-x86_64-mingw32/nios2-elf/lib/mno-hw-mul\libsmallc.a(libc_a-memcmp.o)
 .debug_line    0x00001e26      0x163 d:/fetel_worksoft/intelfpga_lite/23.1std/nios2eds/bin/gnu/h-x86_64-mingw32/bin/../lib/gcc/nios2-elf/12.3.1/../../../../../H-x86_64-mingw32/nios2-elf/lib/mno-hw-mul\libsmallc.a(libc_a-__atexit.o)
 .debug_line    0x00001f89      0x159 d:/fetel_worksoft/intelfpga_lite/23.1std/nios2eds/bin/gnu/h-x86_64-mingw32/bin/../lib/gcc/nios2-elf/12.3.1/../../../../../H-x86_64-mingw32/nios2-elf/lib/mno-hw-mul\libsmallc.a(libc_a-__call_atexit.o)
 .debug_line    0x000020e2       0x7a d:/FETEL_WorkDir/Y4S2_DMA_InternReport/software/DMANiosII_bsp/\libhal_bsp.a(alt_exit.o)

.debug_frame    0x00000000      0xa34
 *(.debug_frame)
 .debug_frame   0x00000000       0xf8 obj/default/hello_world.o
 .debug_frame   0x000000f8       0x48 d:/fetel_worksoft/intelfpga_lite/23.1std/nios2eds/bin/gnu/h-x86_64-mingw32/bin/../lib/gcc/nios2-elf/12.3.1/../../../../../H-x86_64-mingw32/nios2-elf/lib/mno-hw-mul\libsmallc.a(libc_a-printf.o)
 .debug_frame   0x00000140       0x48 d:/fetel_worksoft/intelfpga_lite/23.1std/nios2eds/bin/gnu/h-x86_64-mingw32/bin/../lib/gcc/nios2-elf/12.3.1/../../../../../H-x86_64-mingw32/nios2-elf/lib/mno-hw-mul\libsmallc.a(libc_a-puts.o)
 .debug_frame   0x00000188       0x20 d:/fetel_worksoft/intelfpga_lite/23.1std/nios2eds/bin/gnu/h-x86_64-mingw32/bin/../lib/gcc/nios2-elf/12.3.1/../../../../../H-x86_64-mingw32/nios2-elf/lib/mno-hw-mul\libsmallc.a(libc_a-strlen.o)
 .debug_frame   0x000001a8       0x90 d:/fetel_worksoft/intelfpga_lite/23.1std/nios2eds/bin/gnu/h-x86_64-mingw32/bin/../lib/gcc/nios2-elf/12.3.1/../../../../../H-x86_64-mingw32/nios2-elf/lib/mno-hw-mul\libsmallc.a(libc_a-vfprintf.o)
 .debug_frame   0x00000238       0x3c d:/fetel_worksoft/intelfpga_lite/23.1std/nios2eds/bin/gnu/h-x86_64-mingw32/bin/../lib/gcc/nios2-elf/12.3.1/../../../../../H-x86_64-mingw32/nios2-elf/lib/mno-hw-mul\libsmallc.a(libc_a-fvwrite_small_dev.o)
 .debug_frame   0x00000274       0x30 d:/fetel_worksoft/intelfpga_lite/23.1std/nios2eds/bin/gnu/h-x86_64-mingw32/bin/../lib/gcc/nios2-elf/12.3.1/../../../../../H-x86_64-mingw32/nios2-elf/lib/mno-hw-mul\libsmallc.a(libc_a-writer.o)
 .debug_frame   0x000002a4       0x50 d:/fetel_worksoft/intelfpga_lite/23.1std/nios2eds/bin/gnu/h-x86_64-mingw32/bin/../lib/gcc/nios2-elf/12.3.1/mno-hw-mul\libgcc.a(lib2-divmod.o)
 .debug_frame   0x000002f4       0x20 d:/fetel_worksoft/intelfpga_lite/23.1std/nios2eds/bin/gnu/h-x86_64-mingw32/bin/../lib/gcc/nios2-elf/12.3.1/mno-hw-mul\libgcc.a(lib2-mul.o)
 .debug_frame   0x00000314       0x5c d:/FETEL_WorkDir/Y4S2_DMA_InternReport/software/DMANiosII_bsp/\libhal_bsp.a(alt_load.o)
 .debug_frame   0x00000370       0x2c d:/FETEL_WorkDir/Y4S2_DMA_InternReport/software/DMANiosII_bsp/\libhal_bsp.a(alt_main.o)
 .debug_frame   0x0000039c       0x60 d:/FETEL_WorkDir/Y4S2_DMA_InternReport/software/DMANiosII_bsp/\libhal_bsp.a(alt_write.o)
 .debug_frame   0x000003fc       0x88 d:/FETEL_WorkDir/Y4S2_DMA_InternReport/software/DMANiosII_bsp/\libhal_bsp.a(alt_sys_init.o)
 .debug_frame   0x00000484       0x60 d:/FETEL_WorkDir/Y4S2_DMA_InternReport/software/DMANiosII_bsp/\libhal_bsp.a(altera_avalon_jtag_uart_fd.o)
 .debug_frame   0x000004e4       0x34 d:/FETEL_WorkDir/Y4S2_DMA_InternReport/software/DMANiosII_bsp/\libhal_bsp.a(altera_avalon_jtag_uart_read.o)
 .debug_frame   0x00000518       0x34 d:/FETEL_WorkDir/Y4S2_DMA_InternReport/software/DMANiosII_bsp/\libhal_bsp.a(altera_avalon_jtag_uart_write.o)
 .debug_frame   0x0000054c       0x60 d:/FETEL_WorkDir/Y4S2_DMA_InternReport/software/DMANiosII_bsp/\libhal_bsp.a(alt_close.o)
 .debug_frame   0x000005ac       0x34 d:/FETEL_WorkDir/Y4S2_DMA_InternReport/software/DMANiosII_bsp/\libhal_bsp.a(alt_dcache_flush_all.o)
 .debug_frame   0x000005e0       0x34 d:/FETEL_WorkDir/Y4S2_DMA_InternReport/software/DMANiosII_bsp/\libhal_bsp.a(alt_dev.o)
 .debug_frame   0x00000614       0x60 d:/FETEL_WorkDir/Y4S2_DMA_InternReport/software/DMANiosII_bsp/\libhal_bsp.a(alt_dev_llist_insert.o)
 .debug_frame   0x00000674       0x38 d:/FETEL_WorkDir/Y4S2_DMA_InternReport/software/DMANiosII_bsp/\libhal_bsp.a(alt_do_ctors.o)
 .debug_frame   0x000006ac       0x38 d:/FETEL_WorkDir/Y4S2_DMA_InternReport/software/DMANiosII_bsp/\libhal_bsp.a(alt_do_dtors.o)
 .debug_frame   0x000006e4       0x34 d:/FETEL_WorkDir/Y4S2_DMA_InternReport/software/DMANiosII_bsp/\libhal_bsp.a(alt_icache_flush_all.o)
 .debug_frame   0x00000718       0x60 d:/FETEL_WorkDir/Y4S2_DMA_InternReport/software/DMANiosII_bsp/\libhal_bsp.a(alt_io_redirect.o)
 .debug_frame   0x00000778       0x84 d:/FETEL_WorkDir/Y4S2_DMA_InternReport/software/DMANiosII_bsp/\libhal_bsp.a(alt_open.o)
 .debug_frame   0x000007fc       0x34 d:/FETEL_WorkDir/Y4S2_DMA_InternReport/software/DMANiosII_bsp/\libhal_bsp.a(alt_release_fd.o)
 .debug_frame   0x00000830       0x34 d:/FETEL_WorkDir/Y4S2_DMA_InternReport/software/DMANiosII_bsp/\libhal_bsp.a(altera_nios2_gen2_irq.o)
 .debug_frame   0x00000864       0x38 d:/FETEL_WorkDir/Y4S2_DMA_InternReport/software/DMANiosII_bsp/\libhal_bsp.a(alt_find_dev.o)
 .debug_frame   0x0000089c       0x38 d:/FETEL_WorkDir/Y4S2_DMA_InternReport/software/DMANiosII_bsp/\libhal_bsp.a(alt_find_file.o)
 .debug_frame   0x000008d4       0x34 d:/FETEL_WorkDir/Y4S2_DMA_InternReport/software/DMANiosII_bsp/\libhal_bsp.a(alt_get_fd.o)
 .debug_frame   0x00000908       0x20 d:/fetel_worksoft/intelfpga_lite/23.1std/nios2eds/bin/gnu/h-x86_64-mingw32/bin/../lib/gcc/nios2-elf/12.3.1/../../../../../H-x86_64-mingw32/nios2-elf/lib/mno-hw-mul\libsmallc.a(libc_a-atexit.o)
 .debug_frame   0x00000928       0x28 d:/fetel_worksoft/intelfpga_lite/23.1std/nios2eds/bin/gnu/h-x86_64-mingw32/bin/../lib/gcc/nios2-elf/12.3.1/../../../../../H-x86_64-mingw32/nios2-elf/lib/mno-hw-mul\libsmallc.a(libc_a-exit.o)
 .debug_frame   0x00000950       0x20 d:/fetel_worksoft/intelfpga_lite/23.1std/nios2eds/bin/gnu/h-x86_64-mingw32/bin/../lib/gcc/nios2-elf/12.3.1/../../../../../H-x86_64-mingw32/nios2-elf/lib/mno-hw-mul\libsmallc.a(libc_a-memcmp.o)
 .debug_frame   0x00000970       0x44 d:/fetel_worksoft/intelfpga_lite/23.1std/nios2eds/bin/gnu/h-x86_64-mingw32/bin/../lib/gcc/nios2-elf/12.3.1/../../../../../H-x86_64-mingw32/nios2-elf/lib/mno-hw-mul\libsmallc.a(libc_a-__atexit.o)
 .debug_frame   0x000009b4       0x54 d:/fetel_worksoft/intelfpga_lite/23.1std/nios2eds/bin/gnu/h-x86_64-mingw32/bin/../lib/gcc/nios2-elf/12.3.1/../../../../../H-x86_64-mingw32/nios2-elf/lib/mno-hw-mul\libsmallc.a(libc_a-__call_atexit.o)
 .debug_frame   0x00000a08       0x2c d:/FETEL_WorkDir/Y4S2_DMA_InternReport/software/DMANiosII_bsp/\libhal_bsp.a(alt_exit.o)

.debug_str      0x00000000      0xfaa
 *(.debug_str)
 .debug_str     0x00000000       0x64 d:/FETEL_WorkDir/Y4S2_DMA_InternReport/software/DMANiosII_bsp//obj/HAL/src/crt0.o
                                 0x6b (size before relaxing)
 .debug_str     0x00000064      0x17d obj/default/hello_world.o
                                0x1ca (size before relaxing)
 .debug_str     0x000001e1      0x332 d:/fetel_worksoft/intelfpga_lite/23.1std/nios2eds/bin/gnu/h-x86_64-mingw32/bin/../lib/gcc/nios2-elf/12.3.1/../../../../../H-x86_64-mingw32/nios2-elf/lib/mno-hw-mul\libsmallc.a(libc_a-printf.o)
                                0x402 (size before relaxing)
 .debug_str     0x00000513       0x14 d:/fetel_worksoft/intelfpga_lite/23.1std/nios2eds/bin/gnu/h-x86_64-mingw32/bin/../lib/gcc/nios2-elf/12.3.1/../../../../../H-x86_64-mingw32/nios2-elf/lib/mno-hw-mul\libsmallc.a(libc_a-puts.o)
                                0x3b3 (size before relaxing)
 .debug_str     0x00000527       0x14 d:/fetel_worksoft/intelfpga_lite/23.1std/nios2eds/bin/gnu/h-x86_64-mingw32/bin/../lib/gcc/nios2-elf/12.3.1/../../../../../H-x86_64-mingw32/nios2-elf/lib/mno-hw-mul\libsmallc.a(libc_a-strlen.o)
                                0x114 (size before relaxing)
 .debug_str     0x00000527        0xd d:/fetel_worksoft/intelfpga_lite/23.1std/nios2eds/bin/gnu/h-x86_64-mingw32/bin/../lib/gcc/nios2-elf/12.3.1/../../../../../H-x86_64-mingw32/nios2-elf/lib/mno-hw-mul\libsmallc.a(libc_a-impure.o)
                                0x390 (size before relaxing)
 .debug_str     0x00000534      0x2a1 d:/fetel_worksoft/intelfpga_lite/23.1std/nios2eds/bin/gnu/h-x86_64-mingw32/bin/../lib/gcc/nios2-elf/12.3.1/../../../../../H-x86_64-mingw32/nios2-elf/lib/mno-hw-mul\libsmallc.a(libc_a-vfprintf.o)
                                0x749 (size before relaxing)
 .debug_str     0x000007d5       0x25 d:/fetel_worksoft/intelfpga_lite/23.1std/nios2eds/bin/gnu/h-x86_64-mingw32/bin/../lib/gcc/nios2-elf/12.3.1/../../../../../H-x86_64-mingw32/nios2-elf/lib/mno-hw-mul\libsmallc.a(libc_a-fvwrite_small_dev.o)
                                0x3bd (size before relaxing)
 .debug_str     0x000007fa       0x25 d:/fetel_worksoft/intelfpga_lite/23.1std/nios2eds/bin/gnu/h-x86_64-mingw32/bin/../lib/gcc/nios2-elf/12.3.1/../../../../../H-x86_64-mingw32/nios2-elf/lib/mno-hw-mul\libsmallc.a(libc_a-writer.o)
                                0x39c (size before relaxing)
 .debug_str     0x000007fa      0x106 d:/fetel_worksoft/intelfpga_lite/23.1std/nios2eds/bin/gnu/h-x86_64-mingw32/bin/../lib/gcc/nios2-elf/12.3.1/../../../../../H-x86_64-mingw32/nios2-elf/lib/mno-hw-mul\libsmallc.a(libc_a-int_errno.o)
 .debug_str     0x000007fa       0xcd d:/fetel_worksoft/intelfpga_lite/23.1std/nios2eds/bin/gnu/h-x86_64-mingw32/bin/../lib/gcc/nios2-elf/12.3.1/mno-hw-mul\libgcc.a(lib2-divmod.o)
                                0x122 (size before relaxing)
 .debug_str     0x000008c7       0xe6 d:/fetel_worksoft/intelfpga_lite/23.1std/nios2eds/bin/gnu/h-x86_64-mingw32/bin/../lib/gcc/nios2-elf/12.3.1/mno-hw-mul\libgcc.a(lib2-mul.o)
 .debug_str     0x000008c7      0x108 d:/FETEL_WorkDir/Y4S2_DMA_InternReport/software/DMANiosII_bsp/\libhal_bsp.a(alt_load.o)
                                0x1f0 (size before relaxing)
 .debug_str     0x000009cf       0x75 d:/FETEL_WorkDir/Y4S2_DMA_InternReport/software/DMANiosII_bsp/\libhal_bsp.a(alt_main.o)
                                0x175 (size before relaxing)
 .debug_str     0x00000a44      0x189 d:/FETEL_WorkDir/Y4S2_DMA_InternReport/software/DMANiosII_bsp/\libhal_bsp.a(alt_write.o)
                                0x2fd (size before relaxing)
 .debug_str     0x00000bcd      0x13f d:/FETEL_WorkDir/Y4S2_DMA_InternReport/software/DMANiosII_bsp/\libhal_bsp.a(alt_sys_init.o)
                                0x2da (size before relaxing)
 .debug_str     0x00000d0c       0x42 d:/FETEL_WorkDir/Y4S2_DMA_InternReport/software/DMANiosII_bsp/\libhal_bsp.a(altera_avalon_jtag_uart_fd.o)
                                0x287 (size before relaxing)
 .debug_str     0x00000d4e       0x42 d:/FETEL_WorkDir/Y4S2_DMA_InternReport/software/DMANiosII_bsp/\libhal_bsp.a(altera_avalon_jtag_uart_read.o)
                                0x167 (size before relaxing)
 .debug_str     0x00000d4e      0x15c d:/FETEL_WorkDir/Y4S2_DMA_InternReport/software/DMANiosII_bsp/\libhal_bsp.a(altera_avalon_jtag_uart_write.o)
 .debug_str     0x00000d4e       0x16 d:/FETEL_WorkDir/Y4S2_DMA_InternReport/software/DMANiosII_bsp/\libhal_bsp.a(alt_close.o)
                                0x1c0 (size before relaxing)
 .debug_str     0x00000d64       0xfd d:/FETEL_WorkDir/Y4S2_DMA_InternReport/software/DMANiosII_bsp/\libhal_bsp.a(alt_dcache_flush_all.o)
 .debug_str     0x00000d64       0x3e d:/FETEL_WorkDir/Y4S2_DMA_InternReport/software/DMANiosII_bsp/\libhal_bsp.a(alt_dev.o)
                                0x319 (size before relaxing)
 .debug_str     0x00000da2       0x17 d:/FETEL_WorkDir/Y4S2_DMA_InternReport/software/DMANiosII_bsp/\libhal_bsp.a(alt_dev_llist_insert.o)
                                0x174 (size before relaxing)
 .debug_str     0x00000db9       0x27 d:/FETEL_WorkDir/Y4S2_DMA_InternReport/software/DMANiosII_bsp/\libhal_bsp.a(alt_do_ctors.o)
                                 0x89 (size before relaxing)
 .debug_str     0x00000de0       0x2b d:/FETEL_WorkDir/Y4S2_DMA_InternReport/software/DMANiosII_bsp/\libhal_bsp.a(alt_do_dtors.o)
                                 0x88 (size before relaxing)
 .debug_str     0x00000e0b        0x8 d:/FETEL_WorkDir/Y4S2_DMA_InternReport/software/DMANiosII_bsp/\libhal_bsp.a(alt_errno.o)
                                 0xfa (size before relaxing)
 .debug_str     0x00000e13       0xfd d:/FETEL_WorkDir/Y4S2_DMA_InternReport/software/DMANiosII_bsp/\libhal_bsp.a(alt_icache_flush_all.o)
 .debug_str     0x00000e13       0x2c d:/FETEL_WorkDir/Y4S2_DMA_InternReport/software/DMANiosII_bsp/\libhal_bsp.a(alt_io_redirect.o)
                                0x324 (size before relaxing)
 .debug_str     0x00000e3f       0x42 d:/FETEL_WorkDir/Y4S2_DMA_InternReport/software/DMANiosII_bsp/\libhal_bsp.a(alt_open.o)
                                0x234 (size before relaxing)
 .debug_str     0x00000e81      0x17d d:/FETEL_WorkDir/Y4S2_DMA_InternReport/software/DMANiosII_bsp/\libhal_bsp.a(alt_release_fd.o)
 .debug_str     0x00000e81      0x103 d:/FETEL_WorkDir/Y4S2_DMA_InternReport/software/DMANiosII_bsp/\libhal_bsp.a(altera_nios2_gen2_irq.o)
 .debug_str     0x00000e81        0x7 d:/FETEL_WorkDir/Y4S2_DMA_InternReport/software/DMANiosII_bsp/\libhal_bsp.a(alt_find_dev.o)
                                0x1a4 (size before relaxing)
 .debug_str     0x00000e88      0x1b1 d:/FETEL_WorkDir/Y4S2_DMA_InternReport/software/DMANiosII_bsp/\libhal_bsp.a(alt_find_file.o)
 .debug_str     0x00000e88       0x10 d:/FETEL_WorkDir/Y4S2_DMA_InternReport/software/DMANiosII_bsp/\libhal_bsp.a(alt_get_fd.o)
                                0x1c1 (size before relaxing)
 .debug_str     0x00000e98       0x44 d:/fetel_worksoft/intelfpga_lite/23.1std/nios2eds/bin/gnu/h-x86_64-mingw32/bin/../lib/gcc/nios2-elf/12.3.1/../../../../../H-x86_64-mingw32/nios2-elf/lib/mno-hw-mul\libsmallc.a(libc_a-atexit.o)
                                0x14b (size before relaxing)
 .debug_str     0x00000edc       0x26 d:/fetel_worksoft/intelfpga_lite/23.1std/nios2eds/bin/gnu/h-x86_64-mingw32/bin/../lib/gcc/nios2-elf/12.3.1/../../../../../H-x86_64-mingw32/nios2-elf/lib/mno-hw-mul\libsmallc.a(libc_a-exit.o)
                                0x136 (size before relaxing)
 .debug_str     0x00000f02      0x10e d:/fetel_worksoft/intelfpga_lite/23.1std/nios2eds/bin/gnu/h-x86_64-mingw32/bin/../lib/gcc/nios2-elf/12.3.1/../../../../../H-x86_64-mingw32/nios2-elf/lib/mno-hw-mul\libsmallc.a(libc_a-memcmp.o)
 .debug_str     0x00000f02       0x6a d:/fetel_worksoft/intelfpga_lite/23.1std/nios2eds/bin/gnu/h-x86_64-mingw32/bin/../lib/gcc/nios2-elf/12.3.1/../../../../../H-x86_64-mingw32/nios2-elf/lib/mno-hw-mul\libsmallc.a(libc_a-__atexit.o)
                                0x1e3 (size before relaxing)
 .debug_str     0x00000f6c       0x27 d:/fetel_worksoft/intelfpga_lite/23.1std/nios2eds/bin/gnu/h-x86_64-mingw32/bin/../lib/gcc/nios2-elf/12.3.1/../../../../../H-x86_64-mingw32/nios2-elf/lib/mno-hw-mul\libsmallc.a(libc_a-__call_atexit.o)
                                0x1b0 (size before relaxing)
 .debug_str     0x00000f93       0x17 d:/FETEL_WorkDir/Y4S2_DMA_InternReport/software/DMANiosII_bsp/\libhal_bsp.a(alt_exit.o)
                                0x105 (size before relaxing)

.debug_loc
 *(.debug_loc)

.debug_macinfo
 *(.debug_macinfo)

.debug_weaknames
 *(.debug_weaknames)

.debug_funcnames
 *(.debug_funcnames)

.debug_typenames
 *(.debug_typenames)

.debug_varnames
 *(.debug_varnames)

.debug_alt_sim_info
 *(.debug_alt_sim_info)
                0x00040000                        __alt_data_end = 0x40000
                0x00040000                        PROVIDE (__alt_stack_pointer = __alt_data_end)
                [!provide]                        PROVIDE (__alt_stack_limit = __alt_stack_base)
                [!provide]                        PROVIDE (__alt_heap_start = end)
                [!provide]                        PROVIDE (__alt_heap_limit = 0x40000)
OUTPUT(RUN_ON_HDL_SIMULATOR_ONLY_DMANiosII.elf elf32-littlenios2)
LOAD linker stubs

.debug_ranges   0x00000000       0x20
 .debug_ranges  0x00000000       0x20 d:/FETEL_WorkDir/Y4S2_DMA_InternReport/software/DMANiosII_bsp//obj/HAL/src/crt0.o

.debug_line_str
                0x00000000      0xd4f
 .debug_line_str
                0x00000000      0x1e0 obj/default/hello_world.o
                                0x236 (size before relaxing)
 .debug_line_str
                0x000001e0      0x23c d:/fetel_worksoft/intelfpga_lite/23.1std/nios2eds/bin/gnu/h-x86_64-mingw32/bin/../lib/gcc/nios2-elf/12.3.1/../../../../../H-x86_64-mingw32/nios2-elf/lib/mno-hw-mul\libsmallc.a(libc_a-printf.o)
                                0x2e1 (size before relaxing)
 .debug_line_str
                0x0000041c       0x3f d:/fetel_worksoft/intelfpga_lite/23.1std/nios2eds/bin/gnu/h-x86_64-mingw32/bin/../lib/gcc/nios2-elf/12.3.1/../../../../../H-x86_64-mingw32/nios2-elf/lib/mno-hw-mul\libsmallc.a(libc_a-puts.o)
                                0x2d3 (size before relaxing)
 .debug_line_str
                0x0000045b       0x69 d:/fetel_worksoft/intelfpga_lite/23.1std/nios2eds/bin/gnu/h-x86_64-mingw32/bin/../lib/gcc/nios2-elf/12.3.1/../../../../../H-x86_64-mingw32/nios2-elf/lib/mno-hw-mul\libsmallc.a(libc_a-strlen.o)
                                0x259 (size before relaxing)
 .debug_line_str
                0x000004c4       0x67 d:/fetel_worksoft/intelfpga_lite/23.1std/nios2eds/bin/gnu/h-x86_64-mingw32/bin/../lib/gcc/nios2-elf/12.3.1/../../../../../H-x86_64-mingw32/nios2-elf/lib/mno-hw-mul\libsmallc.a(libc_a-impure.o)
                                0x25a (size before relaxing)
 .debug_line_str
                0x0000052b       0x91 d:/fetel_worksoft/intelfpga_lite/23.1std/nios2eds/bin/gnu/h-x86_64-mingw32/bin/../lib/gcc/nios2-elf/12.3.1/../../../../../H-x86_64-mingw32/nios2-elf/lib/mno-hw-mul\libsmallc.a(libc_a-vfprintf.o)
                                0x33e (size before relaxing)
 .debug_line_str
                0x000005bc       0x43 d:/fetel_worksoft/intelfpga_lite/23.1std/nios2eds/bin/gnu/h-x86_64-mingw32/bin/../lib/gcc/nios2-elf/12.3.1/../../../../../H-x86_64-mingw32/nios2-elf/lib/mno-hw-mul\libsmallc.a(libc_a-fvwrite_small_dev.o)
                                0x2e7 (size before relaxing)
 .debug_line_str
                0x000005ff       0x41 d:/fetel_worksoft/intelfpga_lite/23.1std/nios2eds/bin/gnu/h-x86_64-mingw32/bin/../lib/gcc/nios2-elf/12.3.1/../../../../../H-x86_64-mingw32/nios2-elf/lib/mno-hw-mul\libsmallc.a(libc_a-writer.o)
                                0x2cf (size before relaxing)
 .debug_line_str
                0x00000640       0x3b d:/fetel_worksoft/intelfpga_lite/23.1std/nios2eds/bin/gnu/h-x86_64-mingw32/bin/../lib/gcc/nios2-elf/12.3.1/../../../../../H-x86_64-mingw32/nios2-elf/lib/mno-hw-mul\libsmallc.a(libc_a-int_errno.o)
                                0x186 (size before relaxing)
 .debug_line_str
                0x0000067b       0xf2 d:/fetel_worksoft/intelfpga_lite/23.1std/nios2eds/bin/gnu/h-x86_64-mingw32/bin/../lib/gcc/nios2-elf/12.3.1/mno-hw-mul\libgcc.a(lib2-divmod.o)
                                0x187 (size before relaxing)
 .debug_line_str
                0x0000076d       0x3a d:/fetel_worksoft/intelfpga_lite/23.1std/nios2eds/bin/gnu/h-x86_64-mingw32/bin/../lib/gcc/nios2-elf/12.3.1/mno-hw-mul\libgcc.a(lib2-mul.o)
                                0x17e (size before relaxing)
 .debug_line_str
                0x000007a7       0x88 d:/FETEL_WorkDir/Y4S2_DMA_InternReport/software/DMANiosII_bsp/\libhal_bsp.a(alt_load.o)
                                 0xe8 (size before relaxing)
 .debug_line_str
                0x0000082f       0x5e d:/FETEL_WorkDir/Y4S2_DMA_InternReport/software/DMANiosII_bsp/\libhal_bsp.a(alt_main.o)
                                0x1cd (size before relaxing)
 .debug_line_str
                0x0000088d       0xc0 d:/FETEL_WorkDir/Y4S2_DMA_InternReport/software/DMANiosII_bsp/\libhal_bsp.a(alt_write.o)
                                0x294 (size before relaxing)
 .debug_line_str
                0x0000094d       0x7c d:/FETEL_WorkDir/Y4S2_DMA_InternReport/software/DMANiosII_bsp/\libhal_bsp.a(alt_sys_init.o)
                                0x169 (size before relaxing)
 .debug_line_str
                0x000009c9       0x35 d:/FETEL_WorkDir/Y4S2_DMA_InternReport/software/DMANiosII_bsp/\libhal_bsp.a(altera_avalon_jtag_uart_fd.o)
                                0x16a (size before relaxing)
 .debug_line_str
                0x000009fe       0x2b d:/FETEL_WorkDir/Y4S2_DMA_InternReport/software/DMANiosII_bsp/\libhal_bsp.a(altera_avalon_jtag_uart_read.o)
                                0x12f (size before relaxing)
 .debug_line_str
                0x00000a29       0x2c d:/FETEL_WorkDir/Y4S2_DMA_InternReport/software/DMANiosII_bsp/\libhal_bsp.a(altera_avalon_jtag_uart_write.o)
                                0x132 (size before relaxing)
 .debug_line_str
                0x00000a55       0x14 d:/FETEL_WorkDir/Y4S2_DMA_InternReport/software/DMANiosII_bsp/\libhal_bsp.a(alt_close.o)
                                0x17a (size before relaxing)
 .debug_line_str
                0x00000a69       0x1f d:/FETEL_WorkDir/Y4S2_DMA_InternReport/software/DMANiosII_bsp/\libhal_bsp.a(alt_dcache_flush_all.o)
                                 0xd1 (size before relaxing)
 .debug_line_str
                0x00000a88       0x12 d:/FETEL_WorkDir/Y4S2_DMA_InternReport/software/DMANiosII_bsp/\libhal_bsp.a(alt_dev.o)
                                0x269 (size before relaxing)
 .debug_line_str
                0x00000a9a       0x1f d:/FETEL_WorkDir/Y4S2_DMA_InternReport/software/DMANiosII_bsp/\libhal_bsp.a(alt_dev_llist_insert.o)
                                0x116 (size before relaxing)
 .debug_line_str
                0x00000ab9       0x17 d:/FETEL_WorkDir/Y4S2_DMA_InternReport/software/DMANiosII_bsp/\libhal_bsp.a(alt_do_ctors.o)
                                 0xb9 (size before relaxing)
 .debug_line_str