Archive member included to satisfy reference by file (symbol)

d:/fetel_worksoft/intelfpga_lite/23.1std/nios2eds/bin/gnu/h-x86_64-mingw32/bin/../lib/gcc/nios2-elf/12.3.1/../../../../../H-x86_64-mingw32/nios2-elf/lib/mno-hw-mul\libsmallc.a(libc_a-printf.o)
                              obj/default/hello_world.o (printf)
d:/fetel_worksoft/intelfpga_lite/23.1std/nios2eds/bin/gnu/h-x86_64-mingw32/bin/../lib/gcc/nios2-elf/12.3.1/../../../../../H-x86_64-mingw32/nios2-elf/lib/mno-hw-mul\libsmallc.a(libc_a-puts.o)
                              obj/default/hello_world.o (puts)
d:/fetel_worksoft/intelfpga_lite/23.1std/nios2eds/bin/gnu/h-x86_64-mingw32/bin/../lib/gcc/nios2-elf/12.3.1/../../../../../H-x86_64-mingw32/nios2-elf/lib/mno-hw-mul\libsmallc.a(libc_a-strlen.o)
                              d:/fetel_worksoft/intelfpga_lite/23.1std/nios2eds/bin/gnu/h-x86_64-mingw32/bin/../lib/gcc/nios2-elf/12.3.1/../../../../../H-x86_64-mingw32/nios2-elf/lib/mno-hw-mul\libsmallc.a(libc_a-puts.o) (strlen)
d:/fetel_worksoft/intelfpga_lite/23.1std/nios2eds/bin/gnu/h-x86_64-mingw32/bin/../lib/gcc/nios2-elf/12.3.1/../../../../../H-x86_64-mingw32/nios2-elf/lib/mno-hw-mul\libsmallc.a(libc_a-impure.o)
                              d:/fetel_worksoft/intelfpga_lite/23.1std/nios2eds/bin/gnu/h-x86_64-mingw32/bin/../lib/gcc/nios2-elf/12.3.1/../../../../../H-x86_64-mingw32/nios2-elf/lib/mno-hw-mul\libsmallc.a(libc_a-printf.o) (_impure_ptr)
d:/fetel_worksoft/intelfpga_lite/23.1std/nios2eds/bin/gnu/h-x86_64-mingw32/bin/../lib/gcc/nios2-elf/12.3.1/../../../../../H-x86_64-mingw32/nios2-elf/lib/mno-hw-mul\libsmallc.a(libc_a-vfprintf.o)
                              d:/fetel_worksoft/intelfpga_lite/23.1std/nios2eds/bin/gnu/h-x86_64-mingw32/bin/../lib/gcc/nios2-elf/12.3.1/../../../../../H-x86_64-mingw32/nios2-elf/lib/mno-hw-mul\libsmallc.a(libc_a-printf.o) (___vfprintf_internal_r)
d:/fetel_worksoft/intelfpga_lite/23.1std/nios2eds/bin/gnu/h-x86_64-mingw32/bin/../lib/gcc/nios2-elf/12.3.1/../../../../../H-x86_64-mingw32/nios2-elf/lib/mno-hw-mul\libsmallc.a(libc_a-fvwrite_small_dev.o)
                              d:/fetel_worksoft/intelfpga_lite/23.1std/nios2eds/bin/gnu/h-x86_64-mingw32/bin/../lib/gcc/nios2-elf/12.3.1/../../../../../H-x86_64-mingw32/nios2-elf/lib/mno-hw-mul\libsmallc.a(libc_a-printf.o) (__sfvwrite_small_dev)
d:/fetel_worksoft/intelfpga_lite/23.1std/nios2eds/bin/gnu/h-x86_64-mingw32/bin/../lib/gcc/nios2-elf/12.3.1/../../../../../H-x86_64-mingw32/nios2-elf/lib/mno-hw-mul\libsmallc.a(libc_a-writer.o)
                              d:/fetel_worksoft/intelfpga_lite/23.1std/nios2eds/bin/gnu/h-x86_64-mingw32/bin/../lib/gcc/nios2-elf/12.3.1/../../../../../H-x86_64-mingw32/nios2-elf/lib/mno-hw-mul\libsmallc.a(libc_a-fvwrite_small_dev.o) (_write_r)
d:/fetel_worksoft/intelfpga_lite/23.1std/nios2eds/bin/gnu/h-x86_64-mingw32/bin/../lib/gcc/nios2-elf/12.3.1/../../../../../H-x86_64-mingw32/nios2-elf/lib/mno-hw-mul\libsmallc.a(libc_a-int_errno.o)
                              d:/fetel_worksoft/intelfpga_lite/23.1std/nios2eds/bin/gnu/h-x86_64-mingw32/bin/../lib/gcc/nios2-elf/12.3.1/../../../../../H-x86_64-mingw32/nios2-elf/lib/mno-hw-mul\libsmallc.a(libc_a-writer.o) (errno)
d:/fetel_worksoft/intelfpga_lite/23.1std/nios2eds/bin/gnu/h-x86_64-mingw32/bin/../lib/gcc/nios2-elf/12.3.1/mno-hw-mul\libgcc.a(lib2-divmod.o)
                              d:/fetel_worksoft/intelfpga_lite/23.1std/nios2eds/bin/gnu/h-x86_64-mingw32/bin/../lib/gcc/nios2-elf/12.3.1/../../../../../H-x86_64-mingw32/nios2-elf/lib/mno-hw-mul\libsmallc.a(libc_a-vfprintf.o) (__udivsi3)
d:/fetel_worksoft/intelfpga_lite/23.1std/nios2eds/bin/gnu/h-x86_64-mingw32/bin/../lib/gcc/nios2-elf/12.3.1/mno-hw-mul\libgcc.a(lib2-mul.o)
                              d:/fetel_worksoft/intelfpga_lite/23.1std/nios2eds/bin/gnu/h-x86_64-mingw32/bin/../lib/gcc/nios2-elf/12.3.1/../../../../../H-x86_64-mingw32/nios2-elf/lib/mno-hw-mul\libsmallc.a(libc_a-vfprintf.o) (__mulsi3)
d:/FETEL_WorkDir/Y4S2_DMA_InternReport/software/DMA_NiosII_bsp/\libhal_bsp.a(alt_dcache_flush.o)
                              obj/default/hello_world.o (alt_dcache_flush)
d:/FETEL_WorkDir/Y4S2_DMA_InternReport/software/DMA_NiosII_bsp/\libhal_bsp.a(alt_load.o)
                              d:/FETEL_WorkDir/Y4S2_DMA_InternReport/software/DMA_NiosII_bsp//obj/HAL/src/crt0.o (alt_load)
d:/FETEL_WorkDir/Y4S2_DMA_InternReport/software/DMA_NiosII_bsp/\libhal_bsp.a(alt_main.o)
                              d:/FETEL_WorkDir/Y4S2_DMA_InternReport/software/DMA_NiosII_bsp//obj/HAL/src/crt0.o (alt_main)
d:/FETEL_WorkDir/Y4S2_DMA_InternReport/software/DMA_NiosII_bsp/\libhal_bsp.a(alt_write.o)
                              d:/fetel_worksoft/intelfpga_lite/23.1std/nios2eds/bin/gnu/h-x86_64-mingw32/bin/../lib/gcc/nios2-elf/12.3.1/../../../../../H-x86_64-mingw32/nios2-elf/lib/mno-hw-mul\libsmallc.a(libc_a-writer.o) (write)
d:/FETEL_WorkDir/Y4S2_DMA_InternReport/software/DMA_NiosII_bsp/\libhal_bsp.a(alt_sys_init.o)
[...]
Memory Configuration

Name             Origin             Length             Attributes
reset            0x00000000         0x00000020
onchip_memory2_0 0x00000020         0x0001ffe0
onchip_memory2_1 0x00020000         0x00020000
*default*        0x00000000         0xffffffff

Linker script and memory map

LOAD d:/FETEL_WorkDir/Y4S2_DMA_InternReport/software/DMA_NiosII_bsp//obj/HAL/src/crt0.o
LOAD obj/default/hello_world.o
LOAD d:/fetel_worksoft/intelfpga_lite/23.1std/nios2eds/bin/gnu/h-x86_64-mingw32/bin/../lib/gcc/nios2-elf/12.3.1/../../../../../H-x86_64-mingw32/nios2-elf/lib/mno-hw-mul\libstdc++.a
LOAD d:/fetel_worksoft/intelfpga_lite/23.1std/nios2eds/bin/gnu/h-x86_64-mingw32/bin/../lib/gcc/nios2-elf/12.3.1/../../../../../H-x86_64-mingw32/nios2-elf/lib/mno-hw-mul\libm.a
LOAD d:/fetel_worksoft/intelfpga_lite/23.1std/nios2eds/bin/gnu/h-x86_64-mingw32/bin/../lib/gcc/nios2-elf/12.3.1/mno-hw-mul\libgcc.a
START GROUP
LOAD d:/fetel_worksoft/intelfpga_lite/23.1std/nios2eds/bin/gnu/h-x86_64-mingw32/bin/../lib/gcc/nios2-elf/12.3.1/../../../../../H-x86_64-mingw32/nios2-elf/lib/mno-hw-mul\libsmallc.a
LOAD d:/fetel_worksoft/intelfpga_lite/23.1std/nios2eds/bin/gnu/h-x86_64-mingw32/bin/../lib/gcc/nios2-elf/12.3.1/mno-hw-mul\libgcc.a
LOAD d:/FETEL_WorkDir/Y4S2_DMA_InternReport/software/DMA_NiosII_bsp/\libhal_bsp.a
LOAD d:/fetel_worksoft/intelfpga_lite/23.1std/nios2eds/bin/gnu/h-x86_64-mingw32/bin/../lib/gcc/nios2-elf/12.3.1/../../../../../H-x86_64-mingw32/nios2-elf/lib/mno-hw-mul\libm.a
END GROUP
LOAD d:/fetel_worksoft/intelfpga_lite/23.1std/nios2eds/bin/gnu/h-x86_64-mingw32/bin/../lib/gcc/nios2-elf/12.3.1/mno-hw-mul\libgcc.a
                0x00000000                        __alt_mem_onchip_memory2_0 = 0x0
                0x00020000                        __alt_mem_onchip_memory2_1 = 0x20000

.entry          0x00000000       0x20
 *(.entry)
 .entry         0x00000000       0x20 d:/FETEL_WorkDir/Y4S2_DMA_InternReport/software/DMA_NiosII_bsp//obj/HAL/src/crt0.o
                0x00000000                __reset

.exceptions     0x00000020        0x0
                0x00000020                        PROVIDE (__ram_exceptions_start = ABSOLUTE (.))
                0x00000020                        . = ALIGN (0x20)
 *(.irq)
 *(.exceptions.entry.label)
 *(.exceptions.entry.user)
 *(.exceptions.entry.ecc_fatal)
 *(.exceptions.entry)
 *(.exceptions.irqtest.user)
 *(.exceptions.irqtest)
 *(.exceptions.irqhandler.user)
 *(.exceptions.irqhandler)
 *(.exceptions.irqreturn.user)
 *(.exceptions.irqreturn)
 *(.exceptions.notirq.label)
 *(.exceptions.notirq.user)
 *(.exceptions.notirq)
 *(.exceptions.soft.user)
 *(.exceptions.soft)
 *(.exceptions.unknown.user)
 *(.exceptions.unknown)
 *(.exceptions.exit.label)
 *(.exceptions.exit.user)
 *(.exceptions.exit)
 *(.exceptions)
                0x00000020                        PROVIDE (__ram_exceptions_end = ABSOLUTE (.))
                0x00000020                        PROVIDE (__flash_exceptions_start = LOADADDR (.exceptions))

.text           0x00000020     0x2130
                [!provide]                        PROVIDE (stext = ABSOLUTE (.))
 *(.interp)
 *(.hash)
 *(.dynsym)
 *(.dynstr)
 *(.gnu.version)
 *(.gnu.version_d)
 *(.gnu.version_r)
 *(.rel.init)
 *(.rela.init)
 *(.rel.text .rel.text.* .rel.gnu.linkonce.t.*)
 *(.rela.text .rela.text.* .rela.gnu.linkonce.t.*)
 *(.rel.fini)
 *(.rela.fini)
 *(.rel.rodata .rel.rodata.* .rel.gnu.linkonce.r.*)
 *(.rela.rodata .rela.rodata.* .rela.gnu.linkonce.r.*)
 *(.rel.data .rel.data.* .rel.gnu.linkonce.d.*)
 *(.rela.data .rela.data.* .rela.gnu.linkonce.d.*)
 *(.rel.tdata .rel.tdata.* .rel.gnu.linkonce.td.*)
 *(.rela.tdata .rela.tdata.* .rela.gnu.linkonce.td.*)
 *(.rel.tbss .rel.tbss.* .rel.gnu.linkonce.tb.*)
 *(.rela.tbss .rela.tbss.* .rela.gnu.linkonce.tb.*)
 *(.rel.ctors)
 *(.rela.ctors)
 *(.rel.dtors)
 *(.rela.dtors)
 *(.rel.got)
 *(.rela.got)
 *(.rel.sdata .rel.sdata.* .rel.gnu.linkonce.s.*)
 *(.rela.sdata .rela.sdata.* .rela.gnu.linkonce.s.*)
 *(.rel.sbss .rel.sbss.* .rel.gnu.linkonce.sb.*)
 *(.rela.sbss .rela.sbss.* .rela.gnu.linkonce.sb.*)
 *(.rel.sdata2 .rel.sdata2.* .rel.gnu.linkonce.s2.*)
 *(.rela.sdata2 .rela.sdata2.* .rela.gnu.linkonce.s2.*)
 *(.rel.sbss2 .rel.sbss2.* .rel.gnu.linkonce.sb2.*)
 *(.rela.sbss2 .rela.sbss2.* .rela.gnu.linkonce.sb2.*)
 *(.rel.bss .rel.bss.* .rel.gnu.linkonce.b.*)
 *(.rela.bss .rela.bss.* .rela.gnu.linkonce.b.*)
 *(.rel.plt)
 *(.rela.plt)
 *(.rel.dyn)
 *(.init)
 *(.plt)
 *(.text .stub .text.* .gnu.linkonce.t.*)
 .text          0x00000020       0x3c d:/FETEL_WorkDir/Y4S2_DMA_InternReport/software/DMA_NiosII_bsp//obj/HAL/src/crt0.o
                0x00000020                _start
 .text          0x0000005c      0x4c8 obj/default/hello_world.o
                0x000000d8                reset_dma
                0x00000204                start_dma_transfer
                0x000002d0                wait_for_dma_done
                0x00000368                verify_dma_transfer
                0x0000043c                main
 .text          0x00000524        0x0 d:/fetel_worksoft/intelfpga_lite/23.1std/nios2eds/bin/gnu/h-x86_64-mingw32/bin/../lib/gcc/nios2-elf/12.3.1/../../../../../H-x86_64-mingw32/nios2-elf/lib/mno-hw-mul\libsmallc.a(libc_a-printf.o)
 .text._printf_r
                0x00000524       0x3c d:/fetel_worksoft/intelfpga_lite/23.1std/nios2eds/bin/gnu/h-x86_64-mingw32/bin/../lib/gcc/nios2-elf/12.3.1/../../../../../H-x86_64-mingw32/nios2-elf/lib/mno-hw-mul\libsmallc.a(libc_a-printf.o)
                0x00000524                _printf_r
 .text.printf   0x00000560       0x48 d:/fetel_worksoft/intelfpga_lite/23.1std/nios2eds/bin/gnu/h-x86_64-mingw32/bin/../lib/gcc/nios2-elf/12.3.1/../../../../../H-x86_64-mingw32/nios2-elf/lib/mno-hw-mul\libsmallc.a(libc_a-printf.o)
                0x00000560                printf
 .text          0x000005a8        0x0 d:/fetel_worksoft/intelfpga_lite/23.1std/nios2eds/bin/gnu/h-x86_64-mingw32/bin/../lib/gcc/nios2-elf/12.3.1/../../../../../H-x86_64-mingw32/nios2-elf/lib/mno-hw-mul\libsmallc.a(libc_a-puts.o)
 .text._puts_r  0x000005a8       0x80 d:/fetel_worksoft/intelfpga_lite/23.1std/nios2eds/bin/gnu/h-x86_64-mingw32/bin/../lib/gcc/nios2-elf/12.3.1/../../../../../H-x86_64-mingw32/nios2-elf/lib/mno-hw-mul\libsmallc.a(libc_a-puts.o)
                0x000005a8                _puts_r
 .text.puts     0x00000628       0x10 d:/fetel_worksoft/intelfpga_lite/23.1std/nios2eds/bin/gnu/h-x86_64-mingw32/bin/../lib/gcc/nios2-elf/12.3.1/../../../../../H-x86_64-mingw32/nios2-elf/lib/mno-hw-mul\libsmallc.a(libc_a-puts.o)
                0x00000628                puts
 .text          0x00000638        0x0 d:/fetel_worksoft/intelfpga_lite/23.1std/nios2eds/bin/gnu/h-x86_64-mingw32/bin/../lib/gcc/nios2-elf/12.3.1/../../../../../H-x86_64-mingw32/nios2-elf/lib/mno-hw-mul\libsmallc.a(libc_a-strlen.o)
 .text.strlen   0x00000638       0x1c d:/fetel_worksoft/intelfpga_lite/23.1std/nios2eds/bin/gnu/h-x86_64-mingw32/bin/../lib/gcc/nios2-elf/12.3.1/../../../../../H-x86_64-mingw32/nios2-elf/lib/mno-hw-mul\libsmallc.a(libc_a-strlen.o)
                0x00000638                strlen
 .text          0x00000654        0x0 d:/fetel_worksoft/intelfpga_lite/23.1std/nios2eds/bin/gnu/h-x86_64-mingw32/bin/../lib/gcc/nios2-elf/12.3.1/../../../../../H-x86_64-mingw32/nios2-elf/lib/mno-hw-mul\libsmallc.a(libc_a-impure.o)
 .text          0x00000654        0x0 d:/fetel_worksoft/intelfpga_lite/23.1std/nios2eds/bin/gnu/h-x86_64-mingw32/bin/../lib/gcc/nios2-elf/12.3.1/../../../../../H-x86_64-mingw32/nios2-elf/lib/mno-hw-mul\libsmallc.a(libc_a-vfprintf.o)
 .text.print_repeat
                0x00000654       0x6c d:/fetel_worksoft/intelfpga_lite/23.1std/nios2eds/bin/gnu/h-x86_64-mingw32/bin/../lib/gcc/nios2-elf/12.3.1/../../../../../H-x86_64-mingw32/nios2-elf/lib/mno-hw-mul\libsmallc.a(libc_a-vfprintf.o)
 .text.___vfprintf_internal_r
                0x000006c0      0x51c d:/fetel_worksoft/intelfpga_lite/23.1std/nios2eds/bin/gnu/h-x86_64-mingw32/bin/../lib/gcc/nios2-elf/12.3.1/../../../../../H-x86_64-mingw32/nios2-elf/lib/mno-hw-mul\libsmallc.a(libc_a-vfprintf.o)
                0x000006c0                ___vfprintf_internal_r
 .text.__vfprintf_internal
                0x00000bdc       0x18 d:/fetel_worksoft/intelfpga_lite/23.1std/nios2eds/bin/gnu/h-x86_64-mingw32/bin/../lib/gcc/nios2-elf/12.3.1/../../../../../H-x86_64-mingw32/nios2-elf/lib/mno-hw-mul\libsmallc.a(libc_a-vfprintf.o)
                0x00000bdc                __vfprintf_internal
 .text          0x00000bf4        0x0 d:/fetel_worksoft/intelfpga_lite/23.1std/nios2eds/bin/gnu/h-x86_64-mingw32/bin/../lib/gcc/nios2-elf/12.3.1/../../../../../H-x86_64-mingw32/nios2-elf/lib/mno-hw-mul\libsmallc.a(libc_a-fvwrite_small_dev.o)
 .text.__sfvwrite_small_dev
                0x00000bf4       0xa8 d:/fetel_worksoft/intelfpga_lite/23.1std/nios2eds/bin/gnu/h-x86_64-mingw32/bin/../lib/gcc/nios2-elf/12.3.1/../../../../../H-x86_64-mingw32/nios2-elf/lib/mno-hw-mul\libsmallc.a(libc_a-fvwrite_small_dev.o)
                0x00000bf4                __sfvwrite_small_dev
 .text          0x00000c9c        0x0 d:/fetel_worksoft/intelfpga_lite/23.1std/nios2eds/bin/gnu/h-x86_64-mingw32/bin/../lib/gcc/nios2-elf/12.3.1/../../../../../H-x86_64-mingw32/nios2-elf/lib/mno-hw-mul\libsmallc.a(libc_a-writer.o)
 .text._write_r
                0x00000c9c       0x50 d:/fetel_worksoft/intelfpga_lite/23.1std/nios2eds/bin/gnu/h-x86_64-mingw32/bin/../lib/gcc/nios2-elf/12.3.1/../../../../../H-x86_64-mingw32/nios2-elf/lib/mno-hw-mul\libsmallc.a(libc_a-writer.o)
                0x00000c9c                _write_r
 .text          0x00000cec        0x0 d:/fetel_worksoft/intelfpga_lite/23.1std/nios2eds/bin/gnu/h-x86_64-mingw32/bin/../lib/gcc/nios2-elf/12.3.1/../../../../../H-x86_64-mingw32/nios2-elf/lib/mno-hw-mul\libsmallc.a(libc_a-int_errno.o)
 .text          0x00000cec      0x1b4 d:/fetel_worksoft/intelfpga_lite/23.1std/nios2eds/bin/gnu/h-x86_64-mingw32/bin/../lib/gcc/nios2-elf/12.3.1/mno-hw-mul\libgcc.a(lib2-divmod.o)
                0x00000cec                __divsi3
                0x00000d6c                __modsi3
                0x00000de0                __udivsi3
                0x00000e44                __umodsi3
 .text          0x00000ea0       0x28 d:/fetel_worksoft/intelfpga_lite/23.1std/nios2eds/bin/gnu/h-x86_64-mingw32/bin/../lib/gcc/nios2-elf/12.3.1/mno-hw-mul\libgcc.a(lib2-mul.o)
                0x00000ea0                __mulsi3
 .text          0x00000ec8       0x28 d:/FETEL_WorkDir/Y4S2_DMA_InternReport/software/DMA_NiosII_bsp/\libhal_bsp.a(alt_dcache_flush.o)
                0x00000ec8                alt_dcache_flush
 .text          0x00000ef0       0xec d:/FETEL_WorkDir/Y4S2_DMA_InternReport/software/DMA_NiosII_bsp/\libhal_bsp.a(alt_load.o)
                0x00000f58                alt_load
 .text          0x00000fdc       0x7c d:/FETEL_WorkDir/Y4S2_DMA_InternReport/software/DMA_NiosII_bsp/\libhal_bsp.a(alt_main.o)
                0x00000fdc                alt_main
 .text          0x00001058      0x140 d:/FETEL_WorkDir/Y4S2_DMA_InternReport/software/DMA_NiosII_bsp/\libhal_bsp.a(alt_write.o)
                0x00001094                write
 .text          0x00001198       0xa4 d:/FETEL_WorkDir/Y4S2_DMA_InternReport/software/DMA_NiosII_bsp/\libhal_bsp.a(alt_sys_init.o)
                0x000011cc                alt_irq_init
                0x00001208                alt_sys_init
 .text          0x0000123c       0xc0 d:/FETEL_WorkDir/Y4S2_DMA_InternReport/software/DMA_NiosII_bsp/\libhal_bsp.a(altera_avalon_jtag_uart_fd.o)
                0x0000123c                altera_avalon_jtag_uart_read_fd
                0x0000129c                altera_avalon_jtag_uart_write_fd
 .text          0x000012fc       0xec d:/FETEL_WorkDir/Y4S2_DMA_InternReport/software/DMA_NiosII_bsp/\libhal_bsp.a(altera_avalon_jtag_uart_read.o)
                0x000012fc                altera_avalon_jtag_uart_read
 .text          0x000013e8       0x98 d:/FETEL_WorkDir/Y4S2_DMA_InternReport/software/DMA_NiosII_bsp/\libhal_bsp.a(altera_avalon_jtag_uart_write.o)
                0x000013e8                altera_avalon_jtag_uart_write
 .text          0x00001480      0x118 d:/FETEL_WorkDir/Y4S2_DMA_InternReport/software/DMA_NiosII_bsp/\libhal_bsp.a(alt_close.o)
                0x000014bc                close
 .text          0x00001598       0x20 d:/FETEL_WorkDir/Y4S2_DMA_InternReport/software/DMA_NiosII_bsp/\libhal_bsp.a(alt_dcache_flush_all.o)
                0x00001598                alt_dcache_flush_all
 .text          0x000015b8       0x2c d:/FETEL_WorkDir/Y4S2_DMA_InternReport/software/DMA_NiosII_bsp/\libhal_bsp.a(alt_dev.o)
 .text          0x000015e4       0xe4 d:/FETEL_WorkDir/Y4S2_DMA_InternReport/software/DMA_NiosII_bsp/\libhal_bsp.a(alt_dev_llist_insert.o)
                0x00001620                alt_dev_llist_insert
 .text          0x000016c8       0x64 d:/FETEL_WorkDir/Y4S2_DMA_InternReport/software/DMA_NiosII_bsp/\libhal_bsp.a(alt_do_ctors.o)
                0x000016c8                _do_ctors
 .text          0x0000172c       0x64 d:/FETEL_WorkDir/Y4S2_DMA_InternReport/software/DMA_NiosII_bsp/\libhal_bsp.a(alt_do_dtors.o)
                0x0000172c                _do_dtors
 .text          0x00001790        0x0 d:/FETEL_WorkDir/Y4S2_DMA_InternReport/software/DMA_NiosII_bsp/\libhal_bsp.a(alt_errno.o)
 .text          0x00001790       0x20 d:/FETEL_WorkDir/Y4S2_DMA_InternReport/software/DMA_NiosII_bsp/\libhal_bsp.a(alt_icache_flush_all.o)
                0x00001790                alt_icache_flush_all
 .text          0x000017b0      0x150 d:/FETEL_WorkDir/Y4S2_DMA_InternReport/software/DMA_NiosII_bsp/\libhal_bsp.a(alt_io_redirect.o)
                0x00001884                alt_io_redirect
 .text          0x00001900      0x278 d:/FETEL_WorkDir/Y4S2_DMA_InternReport/software/DMA_NiosII_bsp/\libhal_bsp.a(alt_open.o)
                0x00001a18                open
 .text          0x00001b78       0x70 d:/FETEL_WorkDir/Y4S2_DMA_InternReport/software/DMA_NiosII_bsp/\libhal_bsp.a(alt_release_fd.o)
                0x00001b78                alt_release_fd
 .text          0x00001be8       0x24 d:/FETEL_WorkDir/Y4S2_DMA_InternReport/software/DMA_NiosII_bsp/\libhal_bsp.a(altera_nios2_gen2_irq.o)
                0x00001be8                altera_nios2_gen2_irq_init
 .text          0x00001c0c       0x90 d:/FETEL_WorkDir/Y4S2_DMA_InternReport/software/DMA_NiosII_bsp/\libhal_bsp.a(alt_find_dev.o)
                0x00001c0c                alt_find_dev
 .text          0x00001c9c      0x108 d:/FETEL_WorkDir/Y4S2_DMA_InternReport/software/DMA_NiosII_bsp/\libhal_bsp.a(alt_find_file.o)
                0x00001c9c                alt_find_file
 .text          0x00001da4       0xb8 d:/FETEL_WorkDir/Y4S2_DMA_InternReport/software/DMA_NiosII_bsp/\libhal_bsp.a(alt_get_fd.o)
                0x00001da4                alt_get_fd
 .text          0x00001e5c        0x0 d:/fetel_worksoft/intelfpga_lite/23.1std/nios2eds/bin/gnu/h-x86_64-mingw32/bin/../lib/gcc/nios2-elf/12.3.1/../../../../../H-x86_64-mingw32/nios2-elf/lib/mno-hw-mul\libsmallc.a(libc_a-atexit.o)
 .text.atexit   0x00001e5c       0x14 d:/fetel_worksoft/intelfpga_lite/23.1std/nios2eds/bin/gnu/h-x86_64-mingw32/bin/../lib/gcc/nios2-elf/12.3.1/../../../../../H-x86_64-mingw32/nios2-elf/lib/mno-hw-mul\libsmallc.a(libc_a-atexit.o)
                0x00001e5c                atexit
 .text          0x00001e70        0x0 d:/fetel_worksoft/intelfpga_lite/23.1std/nios2eds/bin/gnu/h-x86_64-mingw32/bin/../lib/gcc/nios2-elf/12.3.1/../../../../../H-x86_64-mingw32/nios2-elf/lib/mno-hw-mul\libsmallc.a(libc_a-exit.o)
 .text.exit     0x00001e70       0x20 d:/fetel_worksoft/intelfpga_lite/23.1std/nios2eds/bin/gnu/h-x86_64-mingw32/bin/../lib/gcc/nios2-elf/12.3.1/../../../../../H-x86_64-mingw32/nios2-elf/lib/mno-hw-mul\libsmallc.a(libc_a-exit.o)
                0x00001e70                exit
 .text          0x00001e90        0x0 d:/fetel_worksoft/intelfpga_lite/23.1std/nios2eds/bin/gnu/h-x86_64-mingw32/bin/../lib/gcc/nios2-elf/12.3.1/../../../../../H-x86_64-mingw32/nios2-elf/lib/mno-hw-mul\libsmallc.a(libc_a-memcmp.o)
 .text.memcmp   0x00001e90       0x30 d:/fetel_worksoft/intelfpga_lite/23.1std/nios2eds/bin/gnu/h-x86_64-mingw32/bin/../lib/gcc/nios2-elf/12.3.1/../../../../../H-x86_64-mingw32/nios2-elf/lib/mno-hw-mul\libsmallc.a(libc_a-memcmp.o)
                0x00001e90                memcmp
 .text          0x00001ec0        0x0 d:/fetel_worksoft/intelfpga_lite/23.1std/nios2eds/bin/gnu/h-x86_64-mingw32/bin/../lib/gcc/nios2-elf/12.3.1/../../../../../H-x86_64-mingw32/nios2-elf/lib/mno-hw-mul\libsmallc.a(libc_a-__atexit.o)
 .text.__register_exitproc
                0x00001ec0      0x128 d:/fetel_worksoft/intelfpga_lite/23.1std/nios2eds/bin/gnu/h-x86_64-mingw32/bin/../lib/gcc/nios2-elf/12.3.1/../../../../../H-x86_64-mingw32/nios2-elf/lib/mno-hw-mul\libsmallc.a(libc_a-__atexit.o)
                0x00001ec0                __register_exitproc
 .text          0x00001fe8        0x0 d:/fetel_worksoft/intelfpga_lite/23.1std/nios2eds/bin/gnu/h-x86_64-mingw32/bin/../lib/gcc/nios2-elf/12.3.1/../../../../../H-x86_64-mingw32/nios2-elf/lib/mno-hw-mul\libsmallc.a(libc_a-__call_atexit.o)
 .text.__call_exitprocs
                0x00001fe8      0x12c d:/fetel_worksoft/intelfpga_lite/23.1std/nios2eds/bin/gnu/h-x86_64-mingw32/bin/../lib/gcc/nios2-elf/12.3.1/../../../../../H-x86_64-mingw32/nios2-elf/lib/mno-hw-mul\libsmallc.a(libc_a-__call_atexit.o)
                0x00001fe8                __call_exitprocs
 .text          0x00002114       0x3c d:/FETEL_WorkDir/Y4S2_DMA_InternReport/software/DMA_NiosII_bsp/\libhal_bsp.a(alt_exit.o)
                0x00002114                _exit
 *(.gnu.warning.*)
 *(.fini)
                [!provide]                        PROVIDE (__etext = ABSOLUTE (.))
                [!provide]                        PROVIDE (_etext = ABSOLUTE (.))
                [!provide]                        PROVIDE (etext = ABSOLUTE (.))
 *(.eh_frame_hdr)
                0x00002150                        . = ALIGN (0x4)
                [!provide]                        PROVIDE (__preinit_array_start = ABSOLUTE (.))
 *(.preinit_array)
                [!provide]                        PROVIDE (__preinit_array_end = ABSOLUTE (.))
                [!provide]                        PROVIDE (__init_array_start = ABSOLUTE (.))
 *(SORT_BY_INIT_PRIORITY(.init_array.*))
 *(.init_array)
                [!provide]                        PROVIDE (__init_array_end = ABSOLUTE (.))
                [!provide]                        PROVIDE (__fini_array_start = ABSOLUTE (.))
 *(.fini_array)
                [!provide]                        PROVIDE (__fini_array_end = ABSOLUTE (.))
 *(.eh_frame)
 *(.gcc_except_table .gcc_except_table.*)
 *(.dynamic)
                0x00002150                        PROVIDE (__CTOR_LIST__ = ABSOLUTE (.))
 *(.ctors)
 *(SORT_BY_NAME(.ctors.*))
                0x00002150                        PROVIDE (__CTOR_END__ = ABSOLUTE (.))
                0x00002150                        PROVIDE (__DTOR_LIST__ = ABSOLUTE (.))
 *(.dtors)
 *(SORT_BY_NAME(.dtors.*))
                0x00002150                        PROVIDE (__DTOR_END__ = ABSOLUTE (.))
 *(.jcr)
                0x00002150                        . = ALIGN (0x4)

.rodata         0x00020000      0x3a0 load address 0x00002150
                0x00020000                        PROVIDE (__ram_rodata_start = ABSOLUTE (.))
                0x00020000                        . = ALIGN (0x4)
 *(.rodata .rodata.* .gnu.linkonce.r.*)
 .rodata        0x00020000      0x366 obj/default/hello_world.o
 *fill*         0x00020366        0x2 
 .rodata._puts_r.str1.4
                0x00020368        0x2 d:/fetel_worksoft/intelfpga_lite/23.1std/nios2eds/bin/gnu/h-x86_64-mingw32/bin/../lib/gcc/nios2-elf/12.3.1/../../../../../H-x86_64-mingw32/nios2-elf/lib/mno-hw-mul\libsmallc.a(libc_a-puts.o)
 *fill*         0x0002036a        0x2 
 .rodata        0x0002036c       0x11 d:/FETEL_WorkDir/Y4S2_DMA_InternReport/software/DMA_NiosII_bsp/\libhal_bsp.a(alt_main.o)
 *fill*         0x0002037d        0x3 
 .rodata        0x00020380       0x11 d:/FETEL_WorkDir/Y4S2_DMA_InternReport/software/DMA_NiosII_bsp/\libhal_bsp.a(alt_sys_init.o)
 *fill*         0x00020391        0x3 
 .rodata        0x00020394        0xa d:/FETEL_WorkDir/Y4S2_DMA_InternReport/software/DMA_NiosII_bsp/\libhal_bsp.a(alt_dev.o)
 *(.rodata1)
                0x000203a0                        . = ALIGN (0x4)
 *fill*         0x0002039e        0x2 
                0x000203a0                        PROVIDE (__ram_rodata_end = ABSOLUTE (.))
                0x00002150                        PROVIDE (__flash_rodata_start = LOADADDR (.rodata))

.rwdata         0x000203a0      0x2c8 load address 0x000024f0
                0x000203a0                        PROVIDE (__ram_rwdata_start = ABSOLUTE (.))
                0x000203a0                        . = ALIGN (0x4)
 *(.got.plt)
 *(.got)
 *(.data1)
 *(.data .data.* .gnu.linkonce.d.*)
 .data          0x000203a0        0x0 d:/FETEL_WorkDir/Y4S2_DMA_InternReport/software/DMA_NiosII_bsp//obj/HAL/src/crt0.o
 .data          0x000203a0       0x80 obj/default/hello_world.o
                0x000203a0                pdata0
 .data          0x00020420        0x0 d:/fetel_worksoft/intelfpga_lite/23.1std/nios2eds/bin/gnu/h-x86_64-mingw32/bin/../lib/gcc/nios2-elf/12.3.1/../../../../../H-x86_64-mingw32/nios2-elf/lib/mno-hw-mul\libsmallc.a(libc_a-printf.o)
 .data          0x00020420        0x0 d:/fetel_worksoft/intelfpga_lite/23.1std/nios2eds/bin/gnu/h-x86_64-mingw32/bin/../lib/gcc/nios2-elf/12.3.1/../../../../../H-x86_64-mingw32/nios2-elf/lib/mno-hw-mul\libsmallc.a(libc_a-puts.o)
 .data          0x00020420        0x0 d:/fetel_worksoft/intelfpga_lite/23.1std/nios2eds/bin/gnu/h-x86_64-mingw32/bin/../lib/gcc/nios2-elf/12.3.1/../../../../../H-x86_64-mingw32/nios2-elf/lib/mno-hw-mul\libsmallc.a(libc_a-strlen.o)
 .data          0x00020420        0x0 d:/fetel_worksoft/intelfpga_lite/23.1std/nios2eds/bin/gnu/h-x86_64-mingw32/bin/../lib/gcc/nios2-elf/12.3.1/../../../../../H-x86_64-mingw32/nios2-elf/lib/mno-hw-mul\libsmallc.a(libc_a-impure.o)
 .data._impure_data
                0x00020420       0x54 d:/fetel_worksoft/intelfpga_lite/23.1std/nios2eds/bin/gnu/h-x86_64-mingw32/bin/../lib/gcc/nios2-elf/12.3.1/../../../../../H-x86_64-mingw32/nios2-elf/lib/mno-hw-mul\libsmallc.a(libc_a-impure.o)
                0x00020420                _impure_data
 .data          0x00020474        0x0 d:/fetel_worksoft/intelfpga_lite/23.1std/nios2eds/bin/gnu/h-x86_64-mingw32/bin/../lib/gcc/nios2-elf/12.3.1/../../../../../H-x86_64-mingw32/nios2-elf/lib/mno-hw-mul\libsmallc.a(libc_a-vfprintf.o)
 .data          0x00020474        0x0 d:/fetel_worksoft/intelfpga_lite/23.1std/nios2eds/bin/gnu/h-x86_64-mingw32/bin/../lib/gcc/nios2-elf/12.3.1/../../../../../H-x86_64-mingw32/nios2-elf/lib/mno-hw-mul\libsmallc.a(libc_a-fvwrite_small_dev.o)
 .data          0x00020474        0x0 d:/fetel_worksoft/intelfpga_lite/23.1std/nios2eds/bin/gnu/h-x86_64-mingw32/bin/../lib/gcc/nios2-elf/12.3.1/../../../../../H-x86_64-mingw32/nios2-elf/lib/mno-hw-mul\libsmallc.a(libc_a-writer.o)
 .data          0x00020474        0x0 d:/fetel_worksoft/intelfpga_lite/23.1std/nios2eds/bin/gnu/h-x86_64-mingw32/bin/../lib/gcc/nios2-elf/12.3.1/../../../../../H-x86_64-mingw32/nios2-elf/lib/mno-hw-mul\libsmallc.a(libc_a-int_errno.o)
 .data          0x00020474        0x0 d:/fetel_worksoft/intelfpga_lite/23.1std/nios2eds/bin/gnu/h-x86_64-mingw32/bin/../lib/gcc/nios2-elf/12.3.1/mno-hw-mul\libgcc.a(lib2-divmod.o)
 .data          0x00020474        0x0 d:/fetel_worksoft/intelfpga_lite/23.1std/nios2eds/bin/gnu/h-x86_64-mingw32/bin/../lib/gcc/nios2-elf/12.3.1/mno-hw-mul\libgcc.a(lib2-mul.o)
 .data          0x00020474        0x0 d:/FETEL_WorkDir/Y4S2_DMA_InternReport/software/DMA_NiosII_bsp/\libhal_bsp.a(alt_dcache_flush.o)
 .data          0x00020474        0x0 d:/FETEL_WorkDir/Y4S2_DMA_InternReport/software/DMA_NiosII_bsp/\libhal_bsp.a(alt_load.o)
 .data          0x00020474        0x0 d:/FETEL_WorkDir/Y4S2_DMA_InternReport/software/DMA_NiosII_bsp/\libhal_bsp.a(alt_main.o)
 .data          0x00020474        0x0 d:/FETEL_WorkDir/Y4S2_DMA_InternReport/software/DMA_NiosII_bsp/\libhal_bsp.a(alt_write.o)
 .data          0x00020474       0x2c d:/FETEL_WorkDir/Y4S2_DMA_InternReport/software/DMA_NiosII_bsp/\libhal_bsp.a(alt_sys_init.o)
 .data          0x000204a0        0x0 d:/FETEL_WorkDir/Y4S2_DMA_InternReport/software/DMA_NiosII_bsp/\libhal_bsp.a(altera_avalon_jtag_uart_fd.o)
 .data          0x000204a0        0x0 d:/FETEL_WorkDir/Y4S2_DMA_InternReport/software/DMA_NiosII_bsp/\libhal_bsp.a(altera_avalon_jtag_uart_read.o)
 .data          0x000204a0        0x0 d:/FETEL_WorkDir/Y4S2_DMA_InternReport/software/DMA_NiosII_bsp/\libhal_bsp.a(altera_avalon_jtag_uart_write.o)
 .data          0x000204a0        0x0 d:/FETEL_WorkDir/Y4S2_DMA_InternReport/software/DMA_NiosII_bsp/\libhal_bsp.a(alt_close.o)
 .data          0x000204a0        0x0 d:/FETEL_WorkDir/Y4S2_DMA_InternReport/software/DMA_NiosII_bsp/\libhal_bsp.a(alt_dcache_flush_all.o)
 .data          0x000204a0      0x1a8 d:/FETEL_WorkDir/Y4S2_DMA_InternReport/software/DMA_NiosII_bsp/\libhal_bsp.a(alt_dev.o)
                0x000204a0                alt_dev_null
                0x000204c8                alt_fd_list
 .data          0x00020648        0x0 d:/FETEL_WorkDir/Y4S2_DMA_InternReport/software/DMA_NiosII_bsp/\libhal_bsp.a(alt_dev_llist_insert.o)
 .data          0x00020648        0x0 d:/FETEL_WorkDir/Y4S2_DMA_InternReport/software/DMA_NiosII_bsp/\libhal_bsp.a(alt_do_ctors.o)
 .data          0x00020648        0x0 d:/FETEL_WorkDir/Y4S2_DMA_InternReport/software/DMA_NiosII_bsp/\libhal_bsp.a(alt_do_dtors.o)
 .data          0x00020648        0x0 d:/FETEL_WorkDir/Y4S2_DMA_InternReport/software/DMA_NiosII_bsp/\libhal_bsp.a(alt_errno.o)
 .data          0x00020648        0x0 d:/FETEL_WorkDir/Y4S2_DMA_InternReport/software/DMA_NiosII_bsp/\libhal_bsp.a(alt_icache_flush_all.o)
 .data          0x00020648        0x0 d:/FETEL_WorkDir/Y4S2_DMA_InternReport/software/DMA_NiosII_bsp/\libhal_bsp.a(alt_io_redirect.o)
 .data          0x00020648        0x0 d:/FETEL_WorkDir/Y4S2_DMA_InternReport/software/DMA_NiosII_bsp/\libhal_bsp.a(alt_open.o)
 .data          0x00020648        0x0 d:/FETEL_WorkDir/Y4S2_DMA_InternReport/software/DMA_NiosII_bsp/\libhal_bsp.a(alt_release_fd.o)
 .data          0x00020648        0x0 d:/FETEL_WorkDir/Y4S2_DMA_InternReport/software/DMA_NiosII_bsp/\libhal_bsp.a(altera_nios2_gen2_irq.o)
 .data          0x00020648        0x0 d:/FETEL_WorkDir/Y4S2_DMA_InternReport/software/DMA_NiosII_bsp/\libhal_bsp.a(alt_find_dev.o)
 .data          0x00020648        0x0 d:/FETEL_WorkDir/Y4S2_DMA_InternReport/software/DMA_NiosII_bsp/\libhal_bsp.a(alt_find_file.o)
 .data          0x00020648        0x0 d:/FETEL_WorkDir/Y4S2_DMA_InternReport/software/DMA_NiosII_bsp/\libhal_bsp.a(alt_get_fd.o)
 .data          0x00020648        0x0 d:/fetel_worksoft/intelfpga_lite/23.1std/nios2eds/bin/gnu/h-x86_64-mingw32/bin/../lib/gcc/nios2-elf/12.3.1/../../../../../H-x86_64-mingw32/nios2-elf/lib/mno-hw-mul\libsmallc.a(libc_a-atexit.o)
 .data          0x00020648        0x0 d:/fetel_worksoft/intelfpga_lite/23.1std/nios2eds/bin/gnu/h-x86_64-mingw32/bin/../lib/gcc/nios2-elf/12.3.1/../../../../../H-x86_64-mingw32/nios2-elf/lib/mno-hw-mul\libsmallc.a(libc_a-exit.o)
 .data          0x00020648        0x0 d:/fetel_worksoft/intelfpga_lite/23.1std/nios2eds/bin/gnu/h-x86_64-mingw32/bin/../lib/gcc/nios2-elf/12.3.1/../../../../../H-x86_64-mingw32/nios2-elf/lib/mno-hw-mul\libsmallc.a(libc_a-memcmp.o)
 .data          0x00020648        0x0 d:/fetel_worksoft/intelfpga_lite/23.1std/nios2eds/bin/gnu/h-x86_64-mingw32/bin/../lib/gcc/nios2-elf/12.3.1/../../../../../H-x86_64-mingw32/nios2-elf/lib/mno-hw-mul\libsmallc.a(libc_a-__atexit.o)
 .data          0x00020648        0x0 d:/fetel_worksoft/intelfpga_lite/23.1std/nios2eds/bin/gnu/h-x86_64-mingw32/bin/../lib/gcc/nios2-elf/12.3.1/../../../../../H-x86_64-mingw32/nios2-elf/lib/mno-hw-mul\libsmallc.a(libc_a-__call_atexit.o)
 .data          0x00020648        0x0 d:/FETEL_WorkDir/Y4S2_DMA_InternReport/software/DMA_NiosII_bsp/\libhal_bsp.a(alt_exit.o)
                0x00028648                        _gp = ABSOLUTE ((. + 0x8000))
                [!provide]                        PROVIDE (gp = _gp)
 *(.rwdata .rwdata.*)
 *(.sdata .sdata.* .gnu.linkonce.s.*)
 .sdata         0x00020648        0x4 obj/default/hello_world.o
                0x00020648                pdata1
 .sdata._impure_ptr
                0x0002064c        0x4 d:/fetel_worksoft/intelfpga_lite/23.1std/nios2eds/bin/gnu/h-x86_64-mingw32/bin/../lib/gcc/nios2-elf/12.3.1/../../../../../H-x86_64-mingw32/nios2-elf/lib/mno-hw-mul\libsmallc.a(libc_a-impure.o)
                0x0002064c                _impure_ptr
 .sdata         0x00020650       0x14 d:/FETEL_WorkDir/Y4S2_DMA_InternReport/software/DMA_NiosII_bsp/\libhal_bsp.a(alt_dev.o)
                0x00020650                alt_fs_list
                0x00020658                alt_dev_list
                0x00020660                alt_max_fd
 .sdata         0x00020664        0x4 d:/FETEL_WorkDir/Y4S2_DMA_InternReport/software/DMA_NiosII_bsp/\libhal_bsp.a(alt_errno.o)
                0x00020664                alt_errno
 *(.sdata2 .sdata2.* .gnu.linkonce.s2.*)
                0x00020668                        . = ALIGN (0x4)
                0x00020668                        _edata = ABSOLUTE (.)
                [!provide]                        PROVIDE (edata = ABSOLUTE (.))
                0x00020668                        PROVIDE (__ram_rwdata_end = ABSOLUTE (.))
                0x000024f0                        PROVIDE (__flash_rwdata_start = LOADADDR (.rwdata))

.bss            0x00020668       0xa4 load address 0x000027b8
                0x00020668                        __bss_start = ABSOLUTE (.)
                [!provide]                        PROVIDE (__sbss_start = ABSOLUTE (.))
                [!provide]                        PROVIDE (___sbss_start = ABSOLUTE (.))
 *(.dynsbss)
 *(.sbss .sbss.* .gnu.linkonce.sb.*)
 .sbss.errno    0x00020668        0x4 d:/fetel_worksoft/intelfpga_lite/23.1std/nios2eds/bin/gnu/h-x86_64-mingw32/bin/../lib/gcc/nios2-elf/12.3.1/../../../../../H-x86_64-mingw32/nios2-elf/lib/mno-hw-mul\libsmallc.a(libc_a-int_errno.o)
                0x00020668                errno
 .sbss          0x0002066c        0xc d:/FETEL_WorkDir/Y4S2_DMA_InternReport/software/DMA_NiosII_bsp/\libhal_bsp.a(alt_main.o)
                0x0002066c                alt_argc
                0x00020670                alt_argv
                0x00020674                alt_envp
 .sbss.__stdio_exit_handler
                0x00020678        0x4 d:/fetel_worksoft/intelfpga_lite/23.1std/nios2eds/bin/gnu/h-x86_64-mingw32/bin/../lib/gcc/nios2-elf/12.3.1/../../../../../H-x86_64-mingw32/nios2-elf/lib/mno-hw-mul\libsmallc.a(libc_a-exit.o)
                0x00020678                __stdio_exit_handler
 .sbss.__atexit
                0x0002067c        0x4 d:/fetel_worksoft/intelfpga_lite/23.1std/nios2eds/bin/gnu/h-x86_64-mingw32/bin/../lib/gcc/nios2-elf/12.3.1/../../../../../H-x86_64-mingw32/nios2-elf/lib/mno-hw-mul\libsmallc.a(libc_a-__call_atexit.o)
                0x0002067c                __atexit
 *(.sbss2 .sbss2.* .gnu.linkonce.sb2.*)
 *(.scommon)
                [!provide]                        PROVIDE (__sbss_end = ABSOLUTE (.))
                [!provide]                        PROVIDE (___sbss_end = ABSOLUTE (.))
 *(.dynbss)
 *(.bss .bss.* .gnu.linkonce.b.*)
 .bss           0x00020680        0x0 d:/FETEL_WorkDir/Y4S2_DMA_InternReport/software/DMA_NiosII_bsp//obj/HAL/src/crt0.o
 .bss           0x00020680        0x0 obj/default/hello_world.o
 .bss           0x00020680        0x0 d:/fetel_worksoft/intelfpga_lite/23.1std/nios2eds/bin/gnu/h-x86_64-mingw32/bin/../lib/gcc/nios2-elf/12.3.1/../../../../../H-x86_64-mingw32/nios2-elf/lib/mno-hw-mul\libsmallc.a(libc_a-printf.o)
 .bss           0x00020680        0x0 d:/fetel_worksoft/intelfpga_lite/23.1std/nios2eds/bin/gnu/h-x86_64-mingw32/bin/../lib/gcc/nios2-elf/12.3.1/../../../../../H-x86_64-mingw32/nios2-elf/lib/mno-hw-mul\libsmallc.a(libc_a-puts.o)
 .bss           0x00020680        0x0 d:/fetel_worksoft/intelfpga_lite/23.1std/nios2eds/bin/gnu/h-x86_64-mingw32/bin/../lib/gcc/nios2-elf/12.3.1/../../../../../H-x86_64-mingw32/nios2-elf/lib/mno-hw-mul\libsmallc.a(libc_a-strlen.o)
 .bss           0x00020680        0x0 d:/fetel_worksoft/intelfpga_lite/23.1std/nios2eds/bin/gnu/h-x86_64-mingw32/bin/../lib/gcc/nios2-elf/12.3.1/../../../../../H-x86_64-mingw32/nios2-elf/lib/mno-hw-mul\libsmallc.a(libc_a-impure.o)
 .bss           0x00020680        0x0 d:/fetel_worksoft/intelfpga_lite/23.1std/nios2eds/bin/gnu/h-x86_64-mingw32/bin/../lib/gcc/nios2-elf/12.3.1/../../../../../H-x86_64-mingw32/nios2-elf/lib/mno-hw-mul\libsmallc.a(libc_a-vfprintf.o)
 .bss           0x00020680        0x0 d:/fetel_worksoft/intelfpga_lite/23.1std/nios2eds/bin/gnu/h-x86_64-mingw32/bin/../lib/gcc/nios2-elf/12.3.1/../../../../../H-x86_64-mingw32/nios2-elf/lib/mno-hw-mul\libsmallc.a(libc_a-fvwrite_small_dev.o)
 .bss           0x00020680        0x0 d:/fetel_worksoft/intelfpga_lite/23.1std/nios2eds/bin/gnu/h-x86_64-mingw32/bin/../lib/gcc/nios2-elf/12.3.1/../../../../../H-x86_64-mingw32/nios2-elf/lib/mno-hw-mul\libsmallc.a(libc_a-writer.o)
 .bss           0x00020680        0x0 d:/fetel_worksoft/intelfpga_lite/23.1std/nios2eds/bin/gnu/h-x86_64-mingw32/bin/../lib/gcc/nios2-elf/12.3.1/../../../../../H-x86_64-mingw32/nios2-elf/lib/mno-hw-mul\libsmallc.a(libc_a-int_errno.o)
 .bss           0x00020680        0x0 d:/fetel_worksoft/intelfpga_lite/23.1std/nios2eds/bin/gnu/h-x86_64-mingw32/bin/../lib/gcc/nios2-elf/12.3.1/mno-hw-mul\libgcc.a(lib2-divmod.o)
 .bss           0x00020680        0x0 d:/fetel_worksoft/intelfpga_lite/23.1std/nios2eds/bin/gnu/h-x86_64-mingw32/bin/../lib/gcc/nios2-elf/12.3.1/mno-hw-mul\libgcc.a(lib2-mul.o)
 .bss           0x00020680        0x0 d:/FETEL_WorkDir/Y4S2_DMA_InternReport/software/DMA_NiosII_bsp/\libhal_bsp.a(alt_dcache_flush.o)
 .bss           0x00020680        0x0 d:/FETEL_WorkDir/Y4S2_DMA_InternReport/software/DMA_NiosII_bsp/\libhal_bsp.a(alt_load.o)
 .bss           0x00020680        0x0 d:/FETEL_WorkDir/Y4S2_DMA_InternReport/software/DMA_NiosII_bsp/\libhal_bsp.a(alt_main.o)
 .bss           0x00020680        0x0 d:/FETEL_WorkDir/Y4S2_DMA_InternReport/software/DMA_NiosII_bsp/\libhal_bsp.a(alt_write.o)
 .bss           0x00020680        0x0 d:/FETEL_WorkDir/Y4S2_DMA_InternReport/software/DMA_NiosII_bsp/\libhal_bsp.a(alt_sys_init.o)
 .bss           0x00020680        0x0 d:/FETEL_WorkDir/Y4S2_DMA_InternReport/software/DMA_NiosII_bsp/\libhal_bsp.a(altera_avalon_jtag_uart_fd.o)
 .bss           0x00020680        0x0 d:/FETEL_WorkDir/Y4S2_DMA_InternReport/software/DMA_NiosII_bsp/\libhal_bsp.a(altera_avalon_jtag_uart_read.o)
 .bss           0x00020680        0x0 d:/FETEL_WorkDir/Y4S2_DMA_InternReport/software/DMA_NiosII_bsp/\libhal_bsp.a(altera_avalon_jtag_uart_write.o)
 .bss           0x00020680        0x0 d:/FETEL_WorkDir/Y4S2_DMA_InternReport/software/DMA_NiosII_bsp/\libhal_bsp.a(alt_close.o)
 .bss           0x00020680        0x0 d:/FETEL_WorkDir/Y4S2_DMA_InternReport/software/DMA_NiosII_bsp/\libhal_bsp.a(alt_dcache_flush_all.o)
 .bss           0x00020680        0x0 d:/FETEL_WorkDir/Y4S2_DMA_InternReport/software/DMA_NiosII_bsp/\libhal_bsp.a(alt_dev.o)
 .bss           0x00020680        0x0 d:/FETEL_WorkDir/Y4S2_DMA_InternReport/software/DMA_NiosII_bsp/\libhal_bsp.a(alt_dev_llist_insert.o)
 .bss           0x00020680        0x0 d:/FETEL_WorkDir/Y4S2_DMA_InternReport/software/DMA_NiosII_bsp/\libhal_bsp.a(alt_do_ctors.o)
 .bss           0x00020680        0x0 d:/FETEL_WorkDir/Y4S2_DMA_InternReport/software/DMA_NiosII_bsp/\libhal_bsp.a(alt_do_dtors.o)
 .bss           0x00020680        0x0 d:/FETEL_WorkDir/Y4S2_DMA_InternReport/software/DMA_NiosII_bsp/\libhal_bsp.a(alt_errno.o)
 .bss           0x00020680        0x0 d:/FETEL_WorkDir/Y4S2_DMA_InternReport/software/DMA_NiosII_bsp/\libhal_bsp.a(alt_icache_flush_all.o)
 .bss           0x00020680        0x0 d:/FETEL_WorkDir/Y4S2_DMA_InternReport/software/DMA_NiosII_bsp/\libhal_bsp.a(alt_io_redirect.o)
 .bss           0x00020680        0x0 d:/FETEL_WorkDir/Y4S2_DMA_InternReport/software/DMA_NiosII_bsp/\libhal_bsp.a(alt_open.o)
 .bss           0x00020680        0x0 d:/FETEL_WorkDir/Y4S2_DMA_InternReport/software/DMA_NiosII_bsp/\libhal_bsp.a(alt_release_fd.o)
 .bss           0x00020680        0x0 d:/FETEL_WorkDir/Y4S2_DMA_InternReport/software/DMA_NiosII_bsp/\libhal_bsp.a(altera_nios2_gen2_irq.o)
 .bss           0x00020680        0x0 d:/FETEL_WorkDir/Y4S2_DMA_InternReport/software/DMA_NiosII_bsp/\libhal_bsp.a(alt_find_dev.o)
 .bss           0x00020680        0x0 d:/FETEL_WorkDir/Y4S2_DMA_InternReport/software/DMA_NiosII_bsp/\libhal_bsp.a(alt_find_file.o)
 .bss           0x00020680        0x0 d:/FETEL_WorkDir/Y4S2_DMA_InternReport/software/DMA_NiosII_bsp/\libhal_bsp.a(alt_get_fd.o)
 .bss           0x00020680        0x0 d:/fetel_worksoft/intelfpga_lite/23.1std/nios2eds/bin/gnu/h-x86_64-mingw32/bin/../lib/gcc/nios2-elf/12.3.1/../../../../../H-x86_64-mingw32/nios2-elf/lib/mno-hw-mul\libsmallc.a(libc_a-atexit.o)
 .bss           0x00020680        0x0 d:/fetel_worksoft/intelfpga_lite/23.1std/nios2eds/bin/gnu/h-x86_64-mingw32/bin/../lib/gcc/nios2-elf/12.3.1/../../../../../H-x86_64-mingw32/nios2-elf/lib/mno-hw-mul\libsmallc.a(libc_a-exit.o)
 .bss           0x00020680        0x0 d:/fetel_worksoft/intelfpga_lite/23.1std/nios2eds/bin/gnu/h-x86_64-mingw32/bin/../lib/gcc/nios2-elf/12.3.1/../../../../../H-x86_64-mingw32/nios2-elf/lib/mno-hw-mul\libsmallc.a(libc_a-memcmp.o)
 .bss           0x00020680        0x0 d:/fetel_worksoft/intelfpga_lite/23.1std/nios2eds/bin/gnu/h-x86_64-mingw32/bin/../lib/gcc/nios2-elf/12.3.1/../../../../../H-x86_64-mingw32/nios2-elf/lib/mno-hw-mul\libsmallc.a(libc_a-__atexit.o)
 .bss.__atexit0
                0x00020680       0x8c d:/fetel_worksoft/intelfpga_lite/23.1std/nios2eds/bin/gnu/h-x86_64-mingw32/bin/../lib/gcc/nios2-elf/12.3.1/../../../../../H-x86_64-mingw32/nios2-elf/lib/mno-hw-mul\libsmallc.a(libc_a-__atexit.o)
                0x00020680                __atexit0
 .bss           0x0002070c        0x0 d:/fetel_worksoft/intelfpga_lite/23.1std/nios2eds/bin/gnu/h-x86_64-mingw32/bin/../lib/gcc/nios2-elf/12.3.1/../../../../../H-x86_64-mingw32/nios2-elf/lib/mno-hw-mul\libsmallc.a(libc_a-__call_atexit.o)
 .bss           0x0002070c        0x0 d:/FETEL_WorkDir/Y4S2_DMA_InternReport/software/DMA_NiosII_bsp/\libhal_bsp.a(alt_exit.o)
 *(COMMON)
                0x0002070c                        . = ALIGN (0x4)
                0x0002070c                        __bss_end = ABSOLUTE (.)

.onchip_memory2_0
                0x000027b8        0x0
                [!provide]                        PROVIDE (_alt_partition_onchip_memory2_0_start = ABSOLUTE (.))
 *(.onchip_memory2_0 .onchip_memory2_0. onchip_memory2_0.*)
                0x000027b8                        . = ALIGN (0x4)
                [!provide]                        PROVIDE (_alt_partition_onchip_memory2_0_end = ABSOLUTE (.))
                [!provide]                        PROVIDE (_alt_partition_onchip_memory2_0_load_addr = LOADADDR (.onchip_memory2_0))

.onchip_memory2_1
                0x0002070c        0x0 load address 0x000027b8
                [!provide]                        PROVIDE (_alt_partition_onchip_memory2_1_start = ABSOLUTE (.))
 *(.onchip_memory2_1 .onchip_memory2_1. onchip_memory2_1.*)
                0x0002070c                        . = ALIGN (0x4)
                [!provide]                        PROVIDE (_alt_partition_onchip_memory2_1_end = ABSOLUTE (.))
                0x0002070c                        _end = ABSOLUTE (.)
                0x0002070c                        end = ABSOLUTE (.)
                0x0002070c                        __alt_stack_base = ABSOLUTE (.)
                [!provide]                        PROVIDE (_alt_partition_onchip_memory2_1_load_addr = LOADADDR (.onchip_memory2_1))

.stab
 *(.stab)

.stabstr
 *(.stabstr)

.stab.excl
 *(.stab.excl)

.stab.exclstr
 *(.stab.exclstr)

.stab.index
 *(.stab.index)

.stab.indexstr
 *(.stab.indexstr)

.comment        0x00000000       0x2d
 *(.comment)
 .comment       0x00000000       0x2d obj/default/hello_world.o
                                 0x2e (size before relaxing)
 .comment       0x0000002d       0x2e d:/fetel_worksoft/intelfpga_lite/23.1std/nios2eds/bin/gnu/h-x86_64-mingw32/bin/../lib/gcc/nios2-elf/12.3.1/../../../../../H-x86_64-mingw32/nios2-elf/lib/mno-hw-mul\libsmallc.a(libc_a-printf.o)
 .comment       0x0000002d       0x2e d:/fetel_worksoft/intelfpga_lite/23.1std/nios2eds/bin/gnu/h-x86_64-mingw32/bin/../lib/gcc/nios2-elf/12.3.1/../../../../../H-x86_64-mingw32/nios2-elf/lib/mno-hw-mul\libsmallc.a(libc_a-puts.o)
 .comment       0x0000002d       0x2e d:/fetel_worksoft/intelfpga_lite/23.1std/nios2eds/bin/gnu/h-x86_64-mingw32/bin/../lib/gcc/nios2-elf/12.3.1/../../../../../H-x86_64-mingw32/nios2-elf/lib/mno-hw-mul\libsmallc.a(libc_a-strlen.o)
 .comment       0x0000002d       0x2e d:/fetel_worksoft/intelfpga_lite/23.1std/nios2eds/bin/gnu/h-x86_64-mingw32/bin/../lib/gcc/nios2-elf/12.3.1/../../../../../H-x86_64-mingw32/nios2-elf/lib/mno-hw-mul\libsmallc.a(libc_a-impure.o)
 .comment       0x0000002d       0x2e d:/fetel_worksoft/intelfpga_lite/23.1std/nios2eds/bin/gnu/h-x86_64-mingw32/bin/../lib/gcc/nios2-elf/12.3.1/../../../../../H-x86_64-mingw32/nios2-elf/lib/mno-hw-mul\libsmallc.a(libc_a-vfprintf.o)
 .comment       0x0000002d       0x2e d:/fetel_worksoft/intelfpga_lite/23.1std/nios2eds/bin/gnu/h-x86_64-mingw32/bin/../lib/gcc/nios2-elf/12.3.1/../../../../../H-x86_64-mingw32/nios2-elf/lib/mno-hw-mul\libsmallc.a(libc_a-fvwrite_small_dev.o)
 .comment       0x0000002d       0x2e d:/fetel_worksoft/intelfpga_lite/23.1std/nios2eds/bin/gnu/h-x86_64-mingw32/bin/../lib/gcc/nios2-elf/12.3.1/../../../../../H-x86_64-mingw32/nios2-elf/lib/mno-hw-mul\libsmallc.a(libc_a-writer.o)
 .comment       0x0000002d       0x2e d:/fetel_worksoft/intelfpga_lite/23.1std/nios2eds/bin/gnu/h-x86_64-mingw32/bin/../lib/gcc/nios2-elf/12.3.1/../../../../../H-x86_64-mingw32/nios2-elf/lib/mno-hw-mul\libsmallc.a(libc_a-int_errno.o)
 .comment       0x0000002d       0x2e d:/fetel_worksoft/intelfpga_lite/23.1std/nios2eds/bin/gnu/h-x86_64-mingw32/bin/../lib/gcc/nios2-elf/12.3.1/mno-hw-mul\libgcc.a(lib2-divmod.o)
 .comment       0x0000002d       0x2e d:/fetel_worksoft/intelfpga_lite/23.1std/nios2eds/bin/gnu/h-x86_64-mingw32/bin/../lib/gcc/nios2-elf/12.3.1/mno-hw-mul\libgcc.a(lib2-mul.o)
 .comment       0x0000002d       0x2e d:/FETEL_WorkDir/Y4S2_DMA_InternReport/software/DMA_NiosII_bsp/\libhal_bsp.a(alt_dcache_flush.o)
 .comment       0x0000002d       0x2e d:/FETEL_WorkDir/Y4S2_DMA_InternReport/software/DMA_NiosII_bsp/\libhal_bsp.a(alt_load.o)
 .comment       0x0000002d       0x2e d:/FETEL_WorkDir/Y4S2_DMA_InternReport/software/DMA_NiosII_bsp/\libhal_bsp.a(alt_main.o)
 .comment       0x0000002d       0x2e d:/FETEL_WorkDir/Y4S2_DMA_InternReport/software/DMA_NiosII_bsp/\libhal_bsp.a(alt_write.o)
 .comment       0x0000002d       0x2e d:/FETEL_WorkDir/Y4S2_DMA_InternReport/software/DMA_NiosII_bsp/\libhal_bsp.a(alt_sys_init.o)
 .comment       0x0000002d       0x2e d:/FETEL_WorkDir/Y4S2_DMA_InternReport/software/DMA_NiosII_bsp/\libhal_bsp.a(altera_avalon_jtag_uart_fd.o)
 .comment       0x0000002d       0x2e d:/FETEL_WorkDir/Y4S2_DMA_InternReport/software/DMA_NiosII_bsp/\libhal_bsp.a(altera_avalon_jtag_uart_read.o)
 .comment       0x0000002d       0x2e d:/FETEL_WorkDir/Y4S2_DMA_InternReport/software/DMA_NiosII_bsp/\libhal_bsp.a(altera_avalon_jtag_uart_write.o)
 .comment       0x0000002d       0x2e d:/FETEL_WorkDir/Y4S2_DMA_InternReport/software/DMA_NiosII_bsp/\libhal_bsp.a(alt_close.o)
 .comment       0x0000002d       0x2e d:/FETEL_WorkDir/Y4S2_DMA_InternReport/software/DMA_NiosII_bsp/\libhal_bsp.a(alt_dcache_flush_all.o)
 .comment       0x0000002d       0x2e d:/FETEL_WorkDir/Y4S2_DMA_InternReport/software/DMA_NiosII_bsp/\libhal_bsp.a(alt_dev.o)
 .comment       0x0000002d       0x2e d:/FETEL_WorkDir/Y4S2_DMA_InternReport/software/DMA_NiosII_bsp/\libhal_bsp.a(alt_dev_llist_insert.o)
 .comment       0x0000002d       0x2e d:/FETEL_WorkDir/Y4S2_DMA_InternReport/software/DMA_NiosII_bsp/\libhal_bsp.a(alt_do_ctors.o)
 .comment       0x0000002d       0x2e d:/FETEL_WorkDir/Y4S2_DMA_InternReport/software/DMA_NiosII_bsp/\libhal_bsp.a(alt_do_dtors.o)
 .comment       0x0000002d       0x2e d:/FETEL_WorkDir/Y4S2_DMA_InternReport/software/DMA_NiosII_bsp/\libhal_bsp.a(alt_errno.o)
 .comment       0x0000002d       0x2e d:/FETEL_WorkDir/Y4S2_DMA_InternReport/software/DMA_NiosII_bsp/\libhal_bsp.a(alt_icache_flush_all.o)
 .comment       0x0000002d       0x2e d:/FETEL_WorkDir/Y4S2_DMA_InternReport/software/DMA_NiosII_bsp/\libhal_bsp.a(alt_io_redirect.o)
 .comment       0x0000002d       0x2e d:/FETEL_WorkDir/Y4S2_DMA_InternReport/software/DMA_NiosII_bsp/\libhal_bsp.a(alt_open.o)
 .comment       0x0000002d       0x2e d:/FETEL_WorkDir/Y4S2_DMA_InternReport/software/DMA_NiosII_bsp/\libhal_bsp.a(alt_release_fd.o)
 .comment       0x0000002d       0x2e d:/FETEL_WorkDir/Y4S2_DMA_InternReport/software/DMA_NiosII_bsp/\libhal_bsp.a(altera_nios2_gen2_irq.o)
 .comment       0x0000002d       0x2e d:/FETEL_WorkDir/Y4S2_DMA_InternReport/software/DMA_NiosII_bsp/\libhal_bsp.a(alt_find_dev.o)
 .comment       0x0000002d       0x2e d:/FETEL_WorkDir/Y4S2_DMA_InternReport/software/DMA_NiosII_bsp/\libhal_bsp.a(alt_find_file.o)
 .comment       0x0000002d       0x2e d:/FETEL_WorkDir/Y4S2_DMA_InternReport/software/DMA_NiosII_bsp/\libhal_bsp.a(alt_get_fd.o)
 .comment       0x0000002d       0x2e d:/fetel_worksoft/intelfpga_lite/23.1std/nios2eds/bin/gnu/h-x86_64-mingw32/bin/../lib/gcc/nios2-elf/12.3.1/../../../../../H-x86_64-mingw32/nios2-elf/lib/mno-hw-mul\libsmallc.a(libc_a-atexit.o)
 .comment       0x0000002d       0x2e d:/fetel_worksoft/intelfpga_lite/23.1std/nios2eds/bin/gnu/h-x86_64-mingw32/bin/../lib/gcc/nios2-elf/12.3.1/../../../../../H-x86_64-mingw32/nios2-elf/lib/mno-hw-mul\libsmallc.a(libc_a-exit.o)
 .comment       0x0000002d       0x2e d:/fetel_worksoft/intelfpga_lite/23.1std/nios2eds/bin/gnu/h-x86_64-mingw32/bin/../lib/gcc/nios2-elf/12.3.1/../../../../../H-x86_64-mingw32/nios2-elf/lib/mno-hw-mul\libsmallc.a(libc_a-memcmp.o)
 .comment       0x0000002d       0x2e d:/fetel_worksoft/intelfpga_lite/23.1std/nios2eds/bin/gnu/h-x86_64-mingw32/bin/../lib/gcc/nios2-elf/12.3.1/../../../../../H-x86_64-mingw32/nios2-elf/lib/mno-hw-mul\libsmallc.a(libc_a-__atexit.o)
 .comment       0x0000002d       0x2e d:/fetel_worksoft/intelfpga_lite/23.1std/nios2eds/bin/gnu/h-x86_64-mingw32/bin/../lib/gcc/nios2-elf/12.3.1/../../../../../H-x86_64-mingw32/nios2-elf/lib/mno-hw-mul\libsmallc.a(libc_a-__call_atexit.o)
 .comment       0x0000002d       0x2e d:/FETEL_WorkDir/Y4S2_DMA_InternReport/software/DMA_NiosII_bsp/\libhal_bsp.a(alt_exit.o)

.debug
 *(.debug)

.line
 *(.line)

.debug_srcinfo
 *(.debug_srcinfo)

.debug_sfnames
 *(.debug_sfnames)

.debug_aranges  0x00000000      0x530
 *(.debug_aranges)
 .debug_aranges
                0x00000000       0x28 d:/FETEL_WorkDir/Y4S2_DMA_InternReport/software/DMA_NiosII_bsp//obj/HAL/src/crt0.o
 .debug_aranges
                0x00000028       0x20 obj/default/hello_world.o
 .debug_aranges
                0x00000048       0x28 d:/fetel_worksoft/intelfpga_lite/23.1std/nios2eds/bin/gnu/h-x86_64-mingw32/bin/../lib/gcc/nios2-elf/12.3.1/../../../../../H-x86_64-mingw32/nios2-elf/lib/mno-hw-mul\libsmallc.a(libc_a-printf.o)
 .debug_aranges
                0x00000070       0x28 d:/fetel_worksoft/intelfpga_lite/23.1std/nios2eds/bin/gnu/h-x86_64-mingw32/bin/../lib/gcc/nios2-elf/12.3.1/../../../../../H-x86_64-mingw32/nios2-elf/lib/mno-hw-mul\libsmallc.a(libc_a-puts.o)
 .debug_aranges
                0x00000098       0x20 d:/fetel_worksoft/intelfpga_lite/23.1std/nios2eds/bin/gnu/h-x86_64-mingw32/bin/../lib/gcc/nios2-elf/12.3.1/../../../../../H-x86_64-mingw32/nios2-elf/lib/mno-hw-mul\libsmallc.a(libc_a-strlen.o)
 .debug_aranges
                0x000000b8       0x18 d:/fetel_worksoft/intelfpga_lite/23.1std/nios2eds/bin/gnu/h-x86_64-mingw32/bin/../lib/gcc/nios2-elf/12.3.1/../../../../../H-x86_64-mingw32/nios2-elf/lib/mno-hw-mul\libsmallc.a(libc_a-impure.o)
 .debug_aranges
                0x000000d0       0x30 d:/fetel_worksoft/intelfpga_lite/23.1std/nios2eds/bin/gnu/h-x86_64-mingw32/bin/../lib/gcc/nios2-elf/12.3.1/../../../../../H-x86_64-mingw32/nios2-elf/lib/mno-hw-mul\libsmallc.a(libc_a-vfprintf.o)
 .debug_aranges
                0x00000100       0x20 d:/fetel_worksoft/intelfpga_lite/23.1std/nios2eds/bin/gnu/h-x86_64-mingw32/bin/../lib/gcc/nios2-elf/12.3.1/../../../../../H-x86_64-mingw32/nios2-elf/lib/mno-hw-mul\libsmallc.a(libc_a-fvwrite_small_dev.o)
 .debug_aranges
                0x00000120       0x20 d:/fetel_worksoft/intelfpga_lite/23.1std/nios2eds/bin/gnu/h-x86_64-mingw32/bin/../lib/gcc/nios2-elf/12.3.1/../../../../../H-x86_64-mingw32/nios2-elf/lib/mno-hw-mul\libsmallc.a(libc_a-writer.o)
 .debug_aranges
                0x00000140       0x18 d:/fetel_worksoft/intelfpga_lite/23.1std/nios2eds/bin/gnu/h-x86_64-mingw32/bin/../lib/gcc/nios2-elf/12.3.1/../../../../../H-x86_64-mingw32/nios2-elf/lib/mno-hw-mul\libsmallc.a(libc_a-int_errno.o)
 .debug_aranges
                0x00000158       0x20 d:/fetel_worksoft/intelfpga_lite/23.1std/nios2eds/bin/gnu/h-x86_64-mingw32/bin/../lib/gcc/nios2-elf/12.3.1/mno-hw-mul\libgcc.a(lib2-divmod.o)
 .debug_aranges
                0x00000178       0x20 d:/fetel_worksoft/intelfpga_lite/23.1std/nios2eds/bin/gnu/h-x86_64-mingw32/bin/../lib/gcc/nios2-elf/12.3.1/mno-hw-mul\libgcc.a(lib2-mul.o)
 .debug_aranges
                0x00000198       0x20 d:/FETEL_WorkDir/Y4S2_DMA_InternReport/software/DMA_NiosII_bsp/\libhal_bsp.a(alt_dcache_flush.o)
 .debug_aranges
                0x000001b8       0x20 d:/FETEL_WorkDir/Y4S2_DMA_InternReport/software/DMA_NiosII_bsp/\libhal_bsp.a(alt_load.o)
 .debug_aranges
                0x000001d8       0x20 d:/FETEL_WorkDir/Y4S2_DMA_InternReport/software/DMA_NiosII_bsp/\libhal_bsp.a(alt_main.o)
 .debug_aranges
                0x000001f8       0x20 d:/FETEL_WorkDir/Y4S2_DMA_InternReport/software/DMA_NiosII_bsp/\libhal_bsp.a(alt_write.o)
 .debug_aranges
                0x00000218       0x20 d:/FETEL_WorkDir/Y4S2_DMA_InternReport/software/DMA_NiosII_bsp/\libhal_bsp.a(alt_sys_init.o)
 .debug_aranges
                0x00000238       0x20 d:/FETEL_WorkDir/Y4S2_DMA_InternReport/software/DMA_NiosII_bsp/\libhal_bsp.a(altera_avalon_jtag_uart_fd.o)
 .debug_aranges
                0x00000258       0x20 d:/FETEL_WorkDir/Y4S2_DMA_InternReport/software/DMA_NiosII_bsp/\libhal_bsp.a(altera_avalon_jtag_uart_read.o)
 .debug_aranges
                0x00000278       0x20 d:/FETEL_WorkDir/Y4S2_DMA_InternReport/software/DMA_NiosII_bsp/\libhal_bsp.a(altera_avalon_jtag_uart_write.o)
 .debug_aranges
                0x00000298       0x20 d:/FETEL_WorkDir/Y4S2_DMA_InternReport/software/DMA_NiosII_bsp/\libhal_bsp.a(alt_close.o)
 .debug_aranges
                0x000002b8       0x20 d:/FETEL_WorkDir/Y4S2_DMA_InternReport/software/DMA_NiosII_bsp/\libhal_bsp.a(alt_dcache_flush_all.o)
 .debug_aranges
                0x000002d8       0x20 d:/FETEL_WorkDir/Y4S2_DMA_InternReport/software/DMA_NiosII_bsp/\libhal_bsp.a(alt_dev.o)
 .debug_aranges
                0x000002f8       0x20 d:/FETEL_WorkDir/Y4S2_DMA_InternReport/software/DMA_NiosII_bsp/\libhal_bsp.a(alt_dev_llist_insert.o)
 .debug_aranges
                0x00000318       0x20 d:/FETEL_WorkDir/Y4S2_DMA_InternReport/software/DMA_NiosII_bsp/\libhal_bsp.a(alt_do_ctors.o)
 .debug_aranges
                0x00000338       0x20 d:/FETEL_WorkDir/Y4S2_DMA_InternReport/software/DMA_NiosII_bsp/\libhal_bsp.a(alt_do_dtors.o)
 .debug_aranges
                0x00000358       0x18 d:/FETEL_WorkDir/Y4S2_DMA_InternReport/software/DMA_NiosII_bsp/\libhal_bsp.a(alt_errno.o)
 .debug_aranges
                0x00000370       0x20 d:/FETEL_WorkDir/Y4S2_DMA_InternReport/software/DMA_NiosII_bsp/\libhal_bsp.a(alt_icache_flush_all.o)
 .debug_aranges
                0x00000390       0x20 d:/FETEL_WorkDir/Y4S2_DMA_InternReport/software/DMA_NiosII_bsp/\libhal_bsp.a(alt_io_redirect.o)
 .debug_aranges
                0x000003b0       0x20 d:/FETEL_WorkDir/Y4S2_DMA_InternReport/software/DMA_NiosII_bsp/\libhal_bsp.a(alt_open.o)
 .debug_aranges
                0x000003d0       0x20 d:/FETEL_WorkDir/Y4S2_DMA_InternReport/software/DMA_NiosII_bsp/\libhal_bsp.a(alt_release_fd.o)
 .debug_aranges
                0x000003f0       0x20 d:/FETEL_WorkDir/Y4S2_DMA_InternReport/software/DMA_NiosII_bsp/\libhal_bsp.a(altera_nios2_gen2_irq.o)
 .debug_aranges
                0x00000410       0x20 d:/FETEL_WorkDir/Y4S2_DMA_InternReport/software/DMA_NiosII_bsp/\libhal_bsp.a(alt_find_dev.o)
 .debug_aranges
                0x00000430       0x20 d:/FETEL_WorkDir/Y4S2_DMA_InternReport/software/DMA_NiosII_bsp/\libhal_bsp.a(alt_find_file.o)
 .debug_aranges
                0x00000450       0x20 d:/FETEL_WorkDir/Y4S2_DMA_InternReport/software/DMA_NiosII_bsp/\libhal_bsp.a(alt_get_fd.o)
 .debug_aranges
                0x00000470       0x20 d:/fetel_worksoft/intelfpga_lite/23.1std/nios2eds/bin/gnu/h-x86_64-mingw32/bin/../lib/gcc/nios2-elf/12.3.1/../../../../../H-x86_64-mingw32/nios2-elf/lib/mno-hw-mul\libsmallc.a(libc_a-atexit.o)
 .debug_aranges
                0x00000490       0x20 d:/fetel_worksoft/intelfpga_lite/23.1std/nios2eds/bin/gnu/h-x86_64-mingw32/bin/../lib/gcc/nios2-elf/12.3.1/../../../../../H-x86_64-mingw32/nios2-elf/lib/mno-hw-mul\libsmallc.a(libc_a-exit.o)
 .debug_aranges
                0x000004b0       0x20 d:/fetel_worksoft/intelfpga_lite/23.1std/nios2eds/bin/gnu/h-x86_64-mingw32/bin/../lib/gcc/nios2-elf/12.3.1/../../../../../H-x86_64-mingw32/nios2-elf/lib/mno-hw-mul\libsmallc.a(libc_a-memcmp.o)
 .debug_aranges
                0x000004d0       0x20 d:/fetel_worksoft/intelfpga_lite/23.1std/nios2eds/bin/gnu/h-x86_64-mingw32/bin/../lib/gcc/nios2-elf/12.3.1/../../../../../H-x86_64-mingw32/nios2-elf/lib/mno-hw-mul\libsmallc.a(libc_a-__atexit.o)
 .debug_aranges
                0x000004f0       0x20 d:/fetel_worksoft/intelfpga_lite/23.1std/nios2eds/bin/gnu/h-x86_64-mingw32/bin/../lib/gcc/nios2-elf/12.3.1/../../../../../H-x86_64-mingw32/nios2-elf/lib/mno-hw-mul\libsmallc.a(libc_a-__call_atexit.o)
 .debug_aranges
                0x00000510       0x20 d:/FETEL_WorkDir/Y4S2_DMA_InternReport/software/DMA_NiosII_bsp/\libhal_bsp.a(alt_exit.o)

.debug_pubnames
 *(.debug_pubnames)

.debug_info     0x00000000     0x717a
 *(.debug_info .gnu.linkonce.wi.*)
 .debug_info    0x00000000       0x3f d:/FETEL_WorkDir/Y4S2_DMA_InternReport/software/DMA_NiosII_bsp//obj/HAL/src/crt0.o
 .debug_info    0x0000003f      0x2f4 obj/default/hello_world.o
 .debug_info    0x00000333      0x666 d:/fetel_worksoft/intelfpga_lite/23.1std/nios2eds/bin/gnu/h-x86_64-mingw32/bin/../lib/gcc/nios2-elf/12.3.1/../../../../../H-x86_64-mingw32/nios2-elf/lib/mno-hw-mul\libsmallc.a(libc_a-printf.o)
 .debug_info    0x00000999      0x5ec d:/fetel_worksoft/intelfpga_lite/23.1std/nios2eds/bin/gnu/h-x86_64-mingw32/bin/../lib/gcc/nios2-elf/12.3.1/../../../../../H-x86_64-mingw32/nios2-elf/lib/mno-hw-mul\libsmallc.a(libc_a-puts.o)
 .debug_info    0x00000f85       0xd1 d:/fetel_worksoft/intelfpga_lite/23.1std/nios2eds/bin/gnu/h-x86_64-mingw32/bin/../lib/gcc/nios2-elf/12.3.1/../../../../../H-x86_64-mingw32/nios2-elf/lib/mno-hw-mul\libsmallc.a(libc_a-strlen.o)
 .debug_info    0x00001056      0x4eb d:/fetel_worksoft/intelfpga_lite/23.1std/nios2eds/bin/gnu/h-x86_64-mingw32/bin/../lib/gcc/nios2-elf/12.3.1/../../../../../H-x86_64-mingw32/nios2-elf/lib/mno-hw-mul\libsmallc.a(libc_a-impure.o)
 .debug_info    0x00001541      0xd7f d:/fetel_worksoft/intelfpga_lite/23.1std/nios2eds/bin/gnu/h-x86_64-mingw32/bin/../lib/gcc/nios2-elf/12.3.1/../../../../../H-x86_64-mingw32/nios2-elf/lib/mno-hw-mul\libsmallc.a(libc_a-vfprintf.o)
 .debug_info    0x000022c0      0x5c4 d:/fetel_worksoft/intelfpga_lite/23.1std/nios2eds/bin/gnu/h-x86_64-mingw32/bin/../lib/gcc/nios2-elf/12.3.1/../../../../../H-x86_64-mingw32/nios2-elf/lib/mno-hw-mul\libsmallc.a(libc_a-fvwrite_small_dev.o)
 .debug_info    0x00002884      0x5a4 d:/fetel_worksoft/intelfpga_lite/23.1std/nios2eds/bin/gnu/h-x86_64-mingw32/bin/../lib/gcc/nios2-elf/12.3.1/../../../../../H-x86_64-mingw32/nios2-elf/lib/mno-hw-mul\libsmallc.a(libc_a-writer.o)
 .debug_info    0x00002e28       0x85 d:/fetel_worksoft/intelfpga_lite/23.1std/nios2eds/bin/gnu/h-x86_64-mingw32/bin/../lib/gcc/nios2-elf/12.3.1/../../../../../H-x86_64-mingw32/nios2-elf/lib/mno-hw-mul\libsmallc.a(libc_a-int_errno.o)
 .debug_info    0x00002ead      0x347 d:/fetel_worksoft/intelfpga_lite/23.1std/nios2eds/bin/gnu/h-x86_64-mingw32/bin/../lib/gcc/nios2-elf/12.3.1/mno-hw-mul\libgcc.a(lib2-divmod.o)
 .debug_info    0x000031f4       0xc4 d:/fetel_worksoft/intelfpga_lite/23.1std/nios2eds/bin/gnu/h-x86_64-mingw32/bin/../lib/gcc/nios2-elf/12.3.1/mno-hw-mul\libgcc.a(lib2-mul.o)
 .debug_info    0x000032b8       0xba d:/FETEL_WorkDir/Y4S2_DMA_InternReport/software/DMA_NiosII_bsp/\libhal_bsp.a(alt_dcache_flush.o)
 .debug_info    0x00003372      0x144 d:/FETEL_WorkDir/Y4S2_DMA_InternReport/software/DMA_NiosII_bsp/\libhal_bsp.a(alt_load.o)
 .debug_info    0x000034b6      0x19d d:/FETEL_WorkDir/Y4S2_DMA_InternReport/software/DMA_NiosII_bsp/\libhal_bsp.a(alt_main.o)
 .debug_info    0x00003653      0x54a d:/FETEL_WorkDir/Y4S2_DMA_InternReport/software/DMA_NiosII_bsp/\libhal_bsp.a(alt_write.o)
 .debug_info    0x00003b9d      0x40f d:/FETEL_WorkDir/Y4S2_DMA_InternReport/software/DMA_NiosII_bsp/\libhal_bsp.a(alt_sys_init.o)
 .debug_info    0x00003fac      0x3c9 d:/FETEL_WorkDir/Y4S2_DMA_InternReport/software/DMA_NiosII_bsp/\libhal_bsp.a(altera_avalon_jtag_uart_fd.o)
 .debug_info    0x00004375      0x144 d:/FETEL_WorkDir/Y4S2_DMA_InternReport/software/DMA_NiosII_bsp/\libhal_bsp.a(altera_avalon_jtag_uart_read.o)
 .debug_info    0x000044b9      0x12b d:/FETEL_WorkDir/Y4S2_DMA_InternReport/software/DMA_NiosII_bsp/\libhal_bsp.a(altera_avalon_jtag_uart_write.o)
 .debug_info    0x000045e4      0x32f d:/FETEL_WorkDir/Y4S2_DMA_InternReport/software/DMA_NiosII_bsp/\libhal_bsp.a(alt_close.o)
 .debug_info    0x00004913       0x8d d:/FETEL_WorkDir/Y4S2_DMA_InternReport/software/DMA_NiosII_bsp/\libhal_bsp.a(alt_dcache_flush_all.o)
 .debug_info    0x000049a0      0x567 d:/FETEL_WorkDir/Y4S2_DMA_InternReport/software/DMA_NiosII_bsp/\libhal_bsp.a(alt_dev.o)
 .debug_info    0x00004f07      0x1a8 d:/FETEL_WorkDir/Y4S2_DMA_InternReport/software/DMA_NiosII_bsp/\libhal_bsp.a(alt_dev_llist_insert.o)
 .debug_info    0x000050af       0x83 d:/FETEL_WorkDir/Y4S2_DMA_InternReport/software/DMA_NiosII_bsp/\libhal_bsp.a(alt_do_ctors.o)
 .debug_info    0x00005132       0x83 d:/FETEL_WorkDir/Y4S2_DMA_InternReport/software/DMA_NiosII_bsp/\libhal_bsp.a(alt_do_dtors.o)
 .debug_info    0x000051b5       0xa8 d:/FETEL_WorkDir/Y4S2_DMA_InternReport/software/DMA_NiosII_bsp/\libhal_bsp.a(alt_errno.o)
 .debug_info    0x0000525d       0x8d d:/FETEL_WorkDir/Y4S2_DMA_InternReport/software/DMA_NiosII_bsp/\libhal_bsp.a(alt_icache_flush_all.o)
 .debug_info    0x000052ea      0x561 d:/FETEL_WorkDir/Y4S2_DMA_InternReport/software/DMA_NiosII_bsp/\libhal_bsp.a(alt_io_redirect.o)
 .debug_info    0x0000584b      0x415 d:/FETEL_WorkDir/Y4S2_DMA_InternReport/software/DMA_NiosII_bsp/\libhal_bsp.a(alt_open.o)
 .debug_info    0x00005c60      0x2ac d:/FETEL_WorkDir/Y4S2_DMA_InternReport/software/DMA_NiosII_bsp/\libhal_bsp.a(alt_release_fd.o)
 .debug_info    0x00005f0c       0x8d d:/FETEL_WorkDir/Y4S2_DMA_InternReport/software/DMA_NiosII_bsp/\libhal_bsp.a(altera_nios2_gen2_irq.o)
 .debug_info    0x00005f99      0x323 d:/FETEL_WorkDir/Y4S2_DMA_InternReport/software/DMA_NiosII_bsp/\libhal_bsp.a(alt_find_dev.o)
 .debug_info    0x000062bc      0x324 d:/FETEL_WorkDir/Y4S2_DMA_InternReport/software/DMA_NiosII_bsp/\libhal_bsp.a(alt_find_file.o)
 .debug_info    0x000065e0      0x309 d:/FETEL_WorkDir/Y4S2_DMA_InternReport/software/DMA_NiosII_bsp/\libhal_bsp.a(alt_get_fd.o)
 .debug_info    0x000068e9      0x118 d:/fetel_worksoft/intelfpga_lite/23.1std/nios2eds/bin/gnu/h-x86_64-mingw32/bin/../lib/gcc/nios2-elf/12.3.1/../../../../../H-x86_64-mingw32/nios2-elf/lib/mno-hw-mul\libsmallc.a(libc_a-atexit.o)
 .debug_info    0x00006a01      0x115 d:/fetel_worksoft/intelfpga_lite/23.1std/nios2eds/bin/gnu/h-x86_64-mingw32/bin/../lib/gcc/nios2-elf/12.3.1/../../../../../H-x86_64-mingw32/nios2-elf/lib/mno-hw-mul\libsmallc.a(libc_a-exit.o)
 .debug_info    0x00006b16       0xf9 d:/fetel_worksoft/intelfpga_lite/23.1std/nios2eds/bin/gnu/h-x86_64-mingw32/bin/../lib/gcc/nios2-elf/12.3.1/../../../../../H-x86_64-mingw32/nios2-elf/lib/mno-hw-mul\libsmallc.a(libc_a-memcmp.o)
 .debug_info    0x00006c0f      0x255 d:/fetel_worksoft/intelfpga_lite/23.1std/nios2eds/bin/gnu/h-x86_64-mingw32/bin/../lib/gcc/nios2-elf/12.3.1/../../../../../H-x86_64-mingw32/nios2-elf/lib/mno-hw-mul\libsmallc.a(libc_a-__atexit.o)
 .debug_info    0x00006e64      0x234 d:/fetel_worksoft/intelfpga_lite/23.1std/nios2eds/bin/gnu/h-x86_64-mingw32/bin/../lib/gcc/nios2-elf/12.3.1/../../../../../H-x86_64-mingw32/nios2-elf/lib/mno-hw-mul\libsmallc.a(libc_a-__call_atexit.o)
 .debug_info    0x00007098       0xe2 d:/FETEL_WorkDir/Y4S2_DMA_InternReport/software/DMA_NiosII_bsp/\libhal_bsp.a(alt_exit.o)

.debug_abbrev   0x00000000     0x2a4a
 *(.debug_abbrev)
 .debug_abbrev  0x00000000       0x1f d:/FETEL_WorkDir/Y4S2_DMA_InternReport/software/DMA_NiosII_bsp//obj/HAL/src/crt0.o
 .debug_abbrev  0x0000001f      0x1aa obj/default/hello_world.o
 .debug_abbrev  0x000001c9      0x1ec d:/fetel_worksoft/intelfpga_lite/23.1std/nios2eds/bin/gnu/h-x86_64-mingw32/bin/../lib/gcc/nios2-elf/12.3.1/../../../../../H-x86_64-mingw32/nios2-elf/lib/mno-hw-mul\libsmallc.a(libc_a-printf.o)
 .debug_abbrev  0x000003b5      0x1db d:/fetel_worksoft/intelfpga_lite/23.1std/nios2eds/bin/gnu/h-x86_64-mingw32/bin/../lib/gcc/nios2-elf/12.3.1/../../../../../H-x86_64-mingw32/nios2-elf/lib/mno-hw-mul\libsmallc.a(libc_a-puts.o)
 .debug_abbrev  0x00000590       0x8c d:/fetel_worksoft/intelfpga_lite/23.1std/nios2eds/bin/gnu/h-x86_64-mingw32/bin/../lib/gcc/nios2-elf/12.3.1/../../../../../H-x86_64-mingw32/nios2-elf/lib/mno-hw-mul\libsmallc.a(libc_a-strlen.o)
 .debug_abbrev  0x0000061c      0x142 d:/fetel_worksoft/intelfpga_lite/23.1std/nios2eds/bin/gnu/h-x86_64-mingw32/bin/../lib/gcc/nios2-elf/12.3.1/../../../../../H-x86_64-mingw32/nios2-elf/lib/mno-hw-mul\libsmallc.a(libc_a-impure.o)
 .debug_abbrev  0x0000075e      0x2d9 d:/fetel_worksoft/intelfpga_lite/23.1std/nios2eds/bin/gnu/h-x86_64-mingw32/bin/../lib/gcc/nios2-elf/12.3.1/../../../../../H-x86_64-mingw32/nios2-elf/lib/mno-hw-mul\libsmallc.a(libc_a-vfprintf.o)
 .debug_abbrev  0x00000a37      0x1c9 d:/fetel_worksoft/intelfpga_lite/23.1std/nios2eds/bin/gnu/h-x86_64-mingw32/bin/../lib/gcc/nios2-elf/12.3.1/../../../../../H-x86_64-mingw32/nios2-elf/lib/mno-hw-mul\libsmallc.a(libc_a-fvwrite_small_dev.o)
 .debug_abbrev  0x00000c00      0x1ae d:/fetel_worksoft/intelfpga_lite/23.1std/nios2eds/bin/gnu/h-x86_64-mingw32/bin/../lib/gcc/nios2-elf/12.3.1/../../../../../H-x86_64-mingw32/nios2-elf/lib/mno-hw-mul\libsmallc.a(libc_a-writer.o)
 .debug_abbrev  0x00000dae       0x39 d:/fetel_worksoft/intelfpga_lite/23.1std/nios2eds/bin/gnu/h-x86_64-mingw32/bin/../lib/gcc/nios2-elf/12.3.1/../../../../../H-x86_64-mingw32/nios2-elf/lib/mno-hw-mul\libsmallc.a(libc_a-int_errno.o)
 .debug_abbrev  0x00000de7      0x10c d:/fetel_worksoft/intelfpga_lite/23.1std/nios2eds/bin/gnu/h-x86_64-mingw32/bin/../lib/gcc/nios2-elf/12.3.1/mno-hw-mul\libgcc.a(lib2-divmod.o)
 .debug_abbrev  0x00000ef3       0x80 d:/fetel_worksoft/intelfpga_lite/23.1std/nios2eds/bin/gnu/h-x86_64-mingw32/bin/../lib/gcc/nios2-elf/12.3.1/mno-hw-mul\libgcc.a(lib2-mul.o)
 .debug_abbrev  0x00000f73       0x7b d:/FETEL_WorkDir/Y4S2_DMA_InternReport/software/DMA_NiosII_bsp/\libhal_bsp.a(alt_dcache_flush.o)
 .debug_abbrev  0x00000fee       0xc2 d:/FETEL_WorkDir/Y4S2_DMA_InternReport/software/DMA_NiosII_bsp/\libhal_bsp.a(alt_load.o)
 .debug_abbrev  0x000010b0       0xfb d:/FETEL_WorkDir/Y4S2_DMA_InternReport/software/DMA_NiosII_bsp/\libhal_bsp.a(alt_main.o)
 .debug_abbrev  0x000011ab      0x149 d:/FETEL_WorkDir/Y4S2_DMA_InternReport/software/DMA_NiosII_bsp/\libhal_bsp.a(alt_write.o)
 .debug_abbrev  0x000012f4      0x196 d:/FETEL_WorkDir/Y4S2_DMA_InternReport/software/DMA_NiosII_bsp/\libhal_bsp.a(alt_sys_init.o)
 .debug_abbrev  0x0000148a      0x128 d:/FETEL_WorkDir/Y4S2_DMA_InternReport/software/DMA_NiosII_bsp/\libhal_bsp.a(altera_avalon_jtag_uart_fd.o)
 .debug_abbrev  0x000015b2       0xd2 d:/FETEL_WorkDir/Y4S2_DMA_InternReport/software/DMA_NiosII_bsp/\libhal_bsp.a(altera_avalon_jtag_uart_read.o)
 .debug_abbrev  0x00001684       0xd0 d:/FETEL_WorkDir/Y4S2_DMA_InternReport/software/DMA_NiosII_bsp/\libhal_bsp.a(altera_avalon_jtag_uart_write.o)
 .debug_abbrev  0x00001754      0x147 d:/FETEL_WorkDir/Y4S2_DMA_InternReport/software/DMA_NiosII_bsp/\libhal_bsp.a(alt_close.o)
 .debug_abbrev  0x0000189b       0x43 d:/FETEL_WorkDir/Y4S2_DMA_InternReport/software/DMA_NiosII_bsp/\libhal_bsp.a(alt_dcache_flush_all.o)
 .debug_abbrev  0x000018de      0x11b d:/FETEL_WorkDir/Y4S2_DMA_InternReport/software/DMA_NiosII_bsp/\libhal_bsp.a(alt_dev.o)
 .debug_abbrev  0x000019f9      0x12b d:/FETEL_WorkDir/Y4S2_DMA_InternReport/software/DMA_NiosII_bsp/\libhal_bsp.a(alt_dev_llist_insert.o)
 .debug_abbrev  0x00001b24       0x83 d:/FETEL_WorkDir/Y4S2_DMA_InternReport/software/DMA_NiosII_bsp/\libhal_bsp.a(alt_do_ctors.o)
 .debug_abbrev  0x00001ba7       0x83 d:/FETEL_WorkDir/Y4S2_DMA_InternReport/software/DMA_NiosII_bsp/\libhal_bsp.a(alt_do_dtors.o)
 .debug_abbrev  0x00001c2a       0x70 d:/FETEL_WorkDir/Y4S2_DMA_InternReport/software/DMA_NiosII_bsp/\libhal_bsp.a(alt_errno.o)
 .debug_abbrev  0x00001c9a       0x43 d:/FETEL_WorkDir/Y4S2_DMA_InternReport/software/DMA_NiosII_bsp/\libhal_bsp.a(alt_icache_flush_all.o)
 .debug_abbrev  0x00001cdd      0x157 d:/FETEL_WorkDir/Y4S2_DMA_InternReport/software/DMA_NiosII_bsp/\libhal_bsp.a(alt_io_redirect.o)
 .debug_abbrev  0x00001e34      0x191 d:/FETEL_WorkDir/Y4S2_DMA_InternReport/software/DMA_NiosII_bsp/\libhal_bsp.a(alt_open.o)
 .debug_abbrev  0x00001fc5       0xea d:/FETEL_WorkDir/Y4S2_DMA_InternReport/software/DMA_NiosII_bsp/\libhal_bsp.a(alt_release_fd.o)
 .debug_abbrev  0x000020af       0x43 d:/FETEL_WorkDir/Y4S2_DMA_InternReport/software/DMA_NiosII_bsp/\libhal_bsp.a(altera_nios2_gen2_irq.o)
 .debug_abbrev  0x000020f2      0x10c d:/FETEL_WorkDir/Y4S2_DMA_InternReport/software/DMA_NiosII_bsp/\libhal_bsp.a(alt_find_dev.o)
 .debug_abbrev  0x000021fe      0x11d d:/FETEL_WorkDir/Y4S2_DMA_InternReport/software/DMA_NiosII_bsp/\libhal_bsp.a(alt_find_file.o)
 .debug_abbrev  0x0000231b      0x124 d:/FETEL_WorkDir/Y4S2_DMA_InternReport/software/DMA_NiosII_bsp/\libhal_bsp.a(alt_get_fd.o)
 .debug_abbrev  0x0000243f       0xc1 d:/fetel_worksoft/intelfpga_lite/23.1std/nios2eds/bin/gnu/h-x86_64-mingw32/bin/../lib/gcc/nios2-elf/12.3.1/../../../../../H-x86_64-mingw32/nios2-elf/lib/mno-hw-mul\libsmallc.a(libc_a-atexit.o)
 .debug_abbrev  0x00002500       0xde d:/fetel_worksoft/intelfpga_lite/23.1std/nios2eds/bin/gnu/h-x86_64-mingw32/bin/../lib/gcc/nios2-elf/12.3.1/../../../../../H-x86_64-mingw32/nios2-elf/lib/mno-hw-mul\libsmallc.a(libc_a-exit.o)
 .debug_abbrev  0x000025de       0xa1 d:/fetel_worksoft/intelfpga_lite/23.1std/nios2eds/bin/gnu/h-x86_64-mingw32/bin/../lib/gcc/nios2-elf/12.3.1/../../../../../H-x86_64-mingw32/nios2-elf/lib/mno-hw-mul\libsmallc.a(libc_a-memcmp.o)
 .debug_abbrev  0x0000267f      0x1a7 d:/fetel_worksoft/intelfpga_lite/23.1std/nios2eds/bin/gnu/h-x86_64-mingw32/bin/../lib/gcc/nios2-elf/12.3.1/../../../../../H-x86_64-mingw32/nios2-elf/lib/mno-hw-mul\libsmallc.a(libc_a-__atexit.o)
 .debug_abbrev  0x00002826      0x179 d:/fetel_worksoft/intelfpga_lite/23.1std/nios2eds/bin/gnu/h-x86_64-mingw32/bin/../lib/gcc/nios2-elf/12.3.1/../../../../../H-x86_64-mingw32/nios2-elf/lib/mno-hw-mul\libsmallc.a(libc_a-__call_atexit.o)
 .debug_abbrev  0x0000299f       0xab d:/FETEL_WorkDir/Y4S2_DMA_InternReport/software/DMA_NiosII_bsp/\libhal_bsp.a(alt_exit.o)

.debug_line     0x00000000     0x21f9
 *(.debug_line)
 .debug_line    0x00000000       0x66 d:/FETEL_WorkDir/Y4S2_DMA_InternReport/software/DMA_NiosII_bsp//obj/HAL/src/crt0.o
 .debug_line    0x00000066      0x17a obj/default/hello_world.o
 .debug_line    0x000001e0       0xd4 d:/fetel_worksoft/intelfpga_lite/23.1std/nios2eds/bin/gnu/h-x86_64-mingw32/bin/../lib/gcc/nios2-elf/12.3.1/../../../../../H-x86_64-mingw32/nios2-elf/lib/mno-hw-mul\libsmallc.a(libc_a-printf.o)
 .debug_line    0x000002b4       0xc2 d:/fetel_worksoft/intelfpga_lite/23.1std/nios2eds/bin/gnu/h-x86_64-mingw32/bin/../lib/gcc/nios2-elf/12.3.1/../../../../../H-x86_64-mingw32/nios2-elf/lib/mno-hw-mul\libsmallc.a(libc_a-puts.o)
 .debug_line    0x00000376       0x7c d:/fetel_worksoft/intelfpga_lite/23.1std/nios2eds/bin/gnu/h-x86_64-mingw32/bin/../lib/gcc/nios2-elf/12.3.1/../../../../../H-x86_64-mingw32/nios2-elf/lib/mno-hw-mul\libsmallc.a(libc_a-strlen.o)
 .debug_line    0x000003f2       0x4c d:/fetel_worksoft/intelfpga_lite/23.1std/nios2eds/bin/gnu/h-x86_64-mingw32/bin/../lib/gcc/nios2-elf/12.3.1/../../../../../H-x86_64-mingw32/nios2-elf/lib/mno-hw-mul\libsmallc.a(libc_a-impure.o)
 .debug_line    0x0000043e      0x581 d:/fetel_worksoft/intelfpga_lite/23.1std/nios2eds/bin/gnu/h-x86_64-mingw32/bin/../lib/gcc/nios2-elf/12.3.1/../../../../../H-x86_64-mingw32/nios2-elf/lib/mno-hw-mul\libsmallc.a(libc_a-vfprintf.o)
 .debug_line    0x000009bf       0xd7 d:/fetel_worksoft/intelfpga_lite/23.1std/nios2eds/bin/gnu/h-x86_64-mingw32/bin/../lib/gcc/nios2-elf/12.3.1/../../../../../H-x86_64-mingw32/nios2-elf/lib/mno-hw-mul\libsmallc.a(libc_a-fvwrite_small_dev.o)
 .debug_line    0x00000a96       0xae d:/fetel_worksoft/intelfpga_lite/23.1std/nios2eds/bin/gnu/h-x86_64-mingw32/bin/../lib/gcc/nios2-elf/12.3.1/../../../../../H-x86_64-mingw32/nios2-elf/lib/mno-hw-mul\libsmallc.a(libc_a-writer.o)
 .debug_line    0x00000b44       0x3a d:/fetel_worksoft/intelfpga_lite/23.1std/nios2eds/bin/gnu/h-x86_64-mingw32/bin/../lib/gcc/nios2-elf/12.3.1/../../../../../H-x86_64-mingw32/nios2-elf/lib/mno-hw-mul\libsmallc.a(libc_a-int_errno.o)
 .debug_line    0x00000b7e      0x2e3 d:/fetel_worksoft/intelfpga_lite/23.1std/nios2eds/bin/gnu/h-x86_64-mingw32/bin/../lib/gcc/nios2-elf/12.3.1/mno-hw-mul\libgcc.a(lib2-divmod.o)
 .debug_line    0x00000e61       0x88 d:/fetel_worksoft/intelfpga_lite/23.1std/nios2eds/bin/gnu/h-x86_64-mingw32/bin/../lib/gcc/nios2-elf/12.3.1/mno-hw-mul\libgcc.a(lib2-mul.o)
 .debug_line    0x00000ee9       0x58 d:/FETEL_WorkDir/Y4S2_DMA_InternReport/software/DMA_NiosII_bsp/\libhal_bsp.a(alt_dcache_flush.o)
 .debug_line    0x00000f41       0x8f d:/FETEL_WorkDir/Y4S2_DMA_InternReport/software/DMA_NiosII_bsp/\libhal_bsp.a(alt_load.o)
 .debug_line    0x00000fd0       0x99 d:/FETEL_WorkDir/Y4S2_DMA_InternReport/software/DMA_NiosII_bsp/\libhal_bsp.a(alt_main.o)
 .debug_line    0x00001069      0x139 d:/FETEL_WorkDir/Y4S2_DMA_InternReport/software/DMA_NiosII_bsp/\libhal_bsp.a(alt_write.o)
 .debug_line    0x000011a2       0xa8 d:/FETEL_WorkDir/Y4S2_DMA_InternReport/software/DMA_NiosII_bsp/\libhal_bsp.a(alt_sys_init.o)
 .debug_line    0x0000124a       0x8a d:/FETEL_WorkDir/Y4S2_DMA_InternReport/software/DMA_NiosII_bsp/\libhal_bsp.a(altera_avalon_jtag_uart_fd.o)
 .debug_line    0x000012d4       0xa4 d:/FETEL_WorkDir/Y4S2_DMA_InternReport/software/DMA_NiosII_bsp/\libhal_bsp.a(altera_avalon_jtag_uart_read.o)
 .debug_line    0x00001378       0x7e d:/FETEL_WorkDir/Y4S2_DMA_InternReport/software/DMA_NiosII_bsp/\libhal_bsp.a(altera_avalon_jtag_uart_write.o)
 .debug_line    0x000013f6      0x117 d:/FETEL_WorkDir/Y4S2_DMA_InternReport/software/DMA_NiosII_bsp/\libhal_bsp.a(alt_close.o)
 .debug_line    0x0000150d       0x4e d:/FETEL_WorkDir/Y4S2_DMA_InternReport/software/DMA_NiosII_bsp/\libhal_bsp.a(alt_dcache_flush_all.o)
 .debug_line    0x0000155b       0xa2 d:/FETEL_WorkDir/Y4S2_DMA_InternReport/software/DMA_NiosII_bsp/\libhal_bsp.a(alt_dev.o)
 .debug_line    0x000015fd       0xca d:/FETEL_WorkDir/Y4S2_DMA_InternReport/software/DMA_NiosII_bsp/\libhal_bsp.a(alt_dev_llist_insert.o)
 .debug_line    0x000016c7       0x69 d:/FETEL_WorkDir/Y4S2_DMA_InternReport/software/DMA_NiosII_bsp/\libhal_bsp.a(alt_do_ctors.o)
 .debug_line    0x00001730       0x69 d:/FETEL_WorkDir/Y4S2_DMA_InternReport/software/DMA_NiosII_bsp/\libhal_bsp.a(alt_do_dtors.o)
 .debug_line    0x00001799       0x4c d:/FETEL_WorkDir/Y4S2_DMA_InternReport/software/DMA_NiosII_bsp/\libhal_bsp.a(alt_errno.o)
 .debug_line    0x000017e5       0x4c d:/FETEL_WorkDir/Y4S2_DMA_InternReport/software/DMA_NiosII_bsp/\libhal_bsp.a(alt_icache_flush_all.o)
 .debug_line    0x00001831       0xd2 d:/FETEL_WorkDir/Y4S2_DMA_InternReport/software/DMA_NiosII_bsp/\libhal_bsp.a(alt_io_redirect.o)
 .debug_line    0x00001903      0x159 d:/FETEL_WorkDir/Y4S2_DMA_InternReport/software/DMA_NiosII_bsp/\libhal_bsp.a(alt_open.o)
 .debug_line    0x00001a5c       0x77 d:/FETEL_WorkDir/Y4S2_DMA_InternReport/software/DMA_NiosII_bsp/\libhal_bsp.a(alt_release_fd.o)
 .debug_line    0x00001ad3       0x51 d:/FETEL_WorkDir/Y4S2_DMA_InternReport/software/DMA_NiosII_bsp/\libhal_bsp.a(altera_nios2_gen2_irq.o)
 .debug_line    0x00001b24       0xa1 d:/FETEL_WorkDir/Y4S2_DMA_InternReport/software/DMA_NiosII_bsp/\libhal_bsp.a(alt_find_dev.o)
 .debug_line    0x00001bc5       0xd7 d:/FETEL_WorkDir/Y4S2_DMA_InternReport/software/DMA_NiosII_bsp/\libhal_bsp.a(alt_find_file.o)
 .debug_line    0x00001c9c       0xb3 d:/FETEL_WorkDir/Y4S2_DMA_InternReport/software/DMA_NiosII_bsp/\libhal_bsp.a(alt_get_fd.o)
 .debug_line    0x00001d4f       0x65 d:/fetel_worksoft/intelfpga_lite/23.1std/nios2eds/bin/gnu/h-x86_64-mingw32/bin/../lib/gcc/nios2-elf/12.3.1/../../../../../H-x86_64-mingw32/nios2-elf/lib/mno-hw-mul\libsmallc.a(libc_a-atexit.o)
 .debug_line    0x00001db4       0x80 d:/fetel_worksoft/intelfpga_lite/23.1std/nios2eds/bin/gnu/h-x86_64-mingw32/bin/../lib/gcc/nios2-elf/12.3.1/../../../../../H-x86_64-mingw32/nios2-elf/lib/mno-hw-mul\libsmallc.a(libc_a-exit.o)
 .debug_line    0x00001e34       0x8f d:/fetel_worksoft/intelfpga_lite/23.1std/nios2eds/bin/gnu/h-x86_64-mingw32/bin/../lib/gcc/nios2-elf/12.3.1/../../../../../H-x86_64-mingw32/nios2-elf/lib/mno-hw-mul\libsmallc.a(libc_a-memcmp.o)
 .debug_line    0x00001ec3      0x163 d:/fetel_worksoft/intelfpga_lite/23.1std/nios2eds/bin/gnu/h-x86_64-mingw32/bin/../lib/gcc/nios2-elf/12.3.1/../../../../../H-x86_64-mingw32/nios2-elf/lib/mno-hw-mul\libsmallc.a(libc_a-__atexit.o)
 .debug_line    0x00002026      0x159 d:/fetel_worksoft/intelfpga_lite/23.1std/nios2eds/bin/gnu/h-x86_64-mingw32/bin/../lib/gcc/nios2-elf/12.3.1/../../../../../H-x86_64-mingw32/nios2-elf/lib/mno-hw-mul\libsmallc.a(libc_a-__call_atexit.o)
 .debug_line    0x0000217f       0x7a d:/FETEL_WorkDir/Y4S2_DMA_InternReport/software/DMA_NiosII_bsp/\libhal_bsp.a(alt_exit.o)

.debug_frame    0x00000000      0xa90
 *(.debug_frame)
 .debug_frame   0x00000000      0x120 obj/default/hello_world.o
 .debug_frame   0x00000120       0x48 d:/fetel_worksoft/intelfpga_lite/23.1std/nios2eds/bin/gnu/h-x86_64-mingw32/bin/../lib/gcc/nios2-elf/12.3.1/../../../../../H-x86_64-mingw32/nios2-elf/lib/mno-hw-mul\libsmallc.a(libc_a-printf.o)
 .debug_frame   0x00000168       0x48 d:/fetel_worksoft/intelfpga_lite/23.1std/nios2eds/bin/gnu/h-x86_64-mingw32/bin/../lib/gcc/nios2-elf/12.3.1/../../../../../H-x86_64-mingw32/nios2-elf/lib/mno-hw-mul\libsmallc.a(libc_a-puts.o)
 .debug_frame   0x000001b0       0x20 d:/fetel_worksoft/intelfpga_lite/23.1std/nios2eds/bin/gnu/h-x86_64-mingw32/bin/../lib/gcc/nios2-elf/12.3.1/../../../../../H-x86_64-mingw32/nios2-elf/lib/mno-hw-mul\libsmallc.a(libc_a-strlen.o)
 .debug_frame   0x000001d0       0x90 d:/fetel_worksoft/intelfpga_lite/23.1std/nios2eds/bin/gnu/h-x86_64-mingw32/bin/../lib/gcc/nios2-elf/12.3.1/../../../../../H-x86_64-mingw32/nios2-elf/lib/mno-hw-mul\libsmallc.a(libc_a-vfprintf.o)
 .debug_frame   0x00000260       0x3c d:/fetel_worksoft/intelfpga_lite/23.1std/nios2eds/bin/gnu/h-x86_64-mingw32/bin/../lib/gcc/nios2-elf/12.3.1/../../../../../H-x86_64-mingw32/nios2-elf/lib/mno-hw-mul\libsmallc.a(libc_a-fvwrite_small_dev.o)
 .debug_frame   0x0000029c       0x30 d:/fetel_worksoft/intelfpga_lite/23.1std/nios2eds/bin/gnu/h-x86_64-mingw32/bin/../lib/gcc/nios2-elf/12.3.1/../../../../../H-x86_64-mingw32/nios2-elf/lib/mno-hw-mul\libsmallc.a(libc_a-writer.o)
 .debug_frame   0x000002cc       0x50 d:/fetel_worksoft/intelfpga_lite/23.1std/nios2eds/bin/gnu/h-x86_64-mingw32/bin/../lib/gcc/nios2-elf/12.3.1/mno-hw-mul\libgcc.a(lib2-divmod.o)
 .debug_frame   0x0000031c       0x20 d:/fetel_worksoft/intelfpga_lite/23.1std/nios2eds/bin/gnu/h-x86_64-mingw32/bin/../lib/gcc/nios2-elf/12.3.1/mno-hw-mul\libgcc.a(lib2-mul.o)
 .debug_frame   0x0000033c       0x34 d:/FETEL_WorkDir/Y4S2_DMA_InternReport/software/DMA_NiosII_bsp/\libhal_bsp.a(alt_dcache_flush.o)
 .debug_frame   0x00000370       0x5c d:/FETEL_WorkDir/Y4S2_DMA_InternReport/software/DMA_NiosII_bsp/\libhal_bsp.a(alt_load.o)
 .debug_frame   0x000003cc       0x2c d:/FETEL_WorkDir/Y4S2_DMA_InternReport/software/DMA_NiosII_bsp/\libhal_bsp.a(alt_main.o)
 .debug_frame   0x000003f8       0x60 d:/FETEL_WorkDir/Y4S2_DMA_InternReport/software/DMA_NiosII_bsp/\libhal_bsp.a(alt_write.o)
 .debug_frame   0x00000458       0x88 d:/FETEL_WorkDir/Y4S2_DMA_InternReport/software/DMA_NiosII_bsp/\libhal_bsp.a(alt_sys_init.o)
 .debug_frame   0x000004e0       0x60 d:/FETEL_WorkDir/Y4S2_DMA_InternReport/software/DMA_NiosII_bsp/\libhal_bsp.a(altera_avalon_jtag_uart_fd.o)
 .debug_frame   0x00000540       0x34 d:/FETEL_WorkDir/Y4S2_DMA_InternReport/software/DMA_NiosII_bsp/\libhal_bsp.a(altera_avalon_jtag_uart_read.o)
 .debug_frame   0x00000574       0x34 d:/FETEL_WorkDir/Y4S2_DMA_InternReport/software/DMA_NiosII_bsp/\libhal_bsp.a(altera_avalon_jtag_uart_write.o)
 .debug_frame   0x000005a8       0x60 d:/FETEL_WorkDir/Y4S2_DMA_InternReport/software/DMA_NiosII_bsp/\libhal_bsp.a(alt_close.o)
 .debug_frame   0x00000608       0x34 d:/FETEL_WorkDir/Y4S2_DMA_InternReport/software/DMA_NiosII_bsp/\libhal_bsp.a(alt_dcache_flush_all.o)
 .debug_frame   0x0000063c       0x34 d:/FETEL_WorkDir/Y4S2_DMA_InternReport/software/DMA_NiosII_bsp/\libhal_bsp.a(alt_dev.o)
 .debug_frame   0x00000670       0x60 d:/FETEL_WorkDir/Y4S2_DMA_InternReport/software/DMA_NiosII_bsp/\libhal_bsp.a(alt_dev_llist_insert.o)
 .debug_frame   0x000006d0       0x38 d:/FETEL_WorkDir/Y4S2_DMA_InternReport/software/DMA_NiosII_bsp/\libhal_bsp.a(alt_do_ctors.o)
 .debug_frame   0x00000708       0x38 d:/FETEL_WorkDir/Y4S2_DMA_InternReport/software/DMA_NiosII_bsp/\libhal_bsp.a(alt_do_dtors.o)
 .debug_frame   0x00000740       0x34 d:/FETEL_WorkDir/Y4S2_DMA_InternReport/software/DMA_NiosII_bsp/\libhal_bsp.a(alt_icache_flush_all.o)
 .debug_frame   0x00000774       0x60 d:/FETEL_WorkDir/Y4S2_DMA_InternReport/software/DMA_NiosII_bsp/\libhal_bsp.a(alt_io_redirect.o)
 .debug_frame   0x000007d4       0x84 d:/FETEL_WorkDir/Y4S2_DMA_InternReport/software/DMA_NiosII_bsp/\libhal_bsp.a(alt_open.o)
 .debug_frame   0x00000858       0x34 d:/FETEL_WorkDir/Y4S2_DMA_InternReport/software/DMA_NiosII_bsp/\libhal_bsp.a(alt_release_fd.o)
 .debug_frame   0x0000088c       0x34 d:/FETEL_WorkDir/Y4S2_DMA_InternReport/software/DMA_NiosII_bsp/\libhal_bsp.a(altera_nios2_gen2_irq.o)
 .debug_frame   0x000008c0       0x38 d:/FETEL_WorkDir/Y4S2_DMA_InternReport/software/DMA_NiosII_bsp/\libhal_bsp.a(alt_find_dev.o)
 .debug_frame   0x000008f8       0x38 d:/FETEL_WorkDir/Y4S2_DMA_InternReport/software/DMA_NiosII_bsp/\libhal_bsp.a(alt_find_file.o)
 .debug_frame   0x00000930       0x34 d:/FETEL_WorkDir/Y4S2_DMA_InternReport/software/DMA_NiosII_bsp/\libhal_bsp.a(alt_get_fd.o)
 .debug_frame   0x00000964       0x20 d:/fetel_worksoft/intelfpga_lite/23.1std/nios2eds/bin/gnu/h-x86_64-mingw32/bin/../lib/gcc/nios2-elf/12.3.1/../../../../../H-x86_64-mingw32/nios2-elf/lib/mno-hw-mul\libsmallc.a(libc_a-atexit.o)
 .debug_frame   0x00000984       0x28 d:/fetel_worksoft/intelfpga_lite/23.1std/nios2eds/bin/gnu/h-x86_64-mingw32/bin/../lib/gcc/nios2-elf/12.3.1/../../../../../H-x86_64-mingw32/nios2-elf/lib/mno-hw-mul\libsmallc.a(libc_a-exit.o)
 .debug_frame   0x000009ac       0x20 d:/fetel_worksoft/intelfpga_lite/23.1std/nios2eds/bin/gnu/h-x86_64-mingw32/bin/../lib/gcc/nios2-elf/12.3.1/../../../../../H-x86_64-mingw32/nios2-elf/lib/mno-hw-mul\libsmallc.a(libc_a-memcmp.o)
 .debug_frame   0x000009cc       0x44 d:/fetel_worksoft/intelfpga_lite/23.1std/nios2eds/bin/gnu/h-x86_64-mingw32/bin/../lib/gcc/nios2-elf/12.3.1/../../../../../H-x86_64-mingw32/nios2-elf/lib/mno-hw-mul\libsmallc.a(libc_a-__atexit.o)
 .debug_frame   0x00000a10       0x54 d:/fetel_worksoft/intelfpga_lite/23.1std/nios2eds/bin/gnu/h-x86_64-mingw32/bin/../lib/gcc/nios2-elf/12.3.1/../../../../../H-x86_64-mingw32/nios2-elf/lib/mno-hw-mul\libsmallc.a(libc_a-__call_atexit.o)
 .debug_frame   0x00000a64       0x2c d:/FETEL_WorkDir/Y4S2_DMA_InternReport/software/DMA_NiosII_bsp/\libhal_bsp.a(alt_exit.o)

.debug_str      0x00000000      0xfe6
 *(.debug_str)
 .debug_str     0x00000000       0x65 d:/FETEL_WorkDir/Y4S2_DMA_InternReport/software/DMA_NiosII_bsp//obj/HAL/src/crt0.o
                                 0x6c (size before relaxing)
 .debug_str     0x00000065      0x1b5 obj/default/hello_world.o
                                0x1f9 (size before relaxing)
 .debug_str     0x0000021a      0x332 d:/fetel_worksoft/intelfpga_lite/23.1std/nios2eds/bin/gnu/h-x86_64-mingw32/bin/../lib/gcc/nios2-elf/12.3.1/../../../../../H-x86_64-mingw32/nios2-elf/lib/mno-hw-mul\libsmallc.a(libc_a-printf.o)
                                0x402 (size before relaxing)
 .debug_str     0x0000054c       0x14 d:/fetel_worksoft/intelfpga_lite/23.1std/nios2eds/bin/gnu/h-x86_64-mingw32/bin/../lib/gcc/nios2-elf/12.3.1/../../../../../H-x86_64-mingw32/nios2-elf/lib/mno-hw-mul\libsmallc.a(libc_a-puts.o)
                                0x3b3 (size before relaxing)
 .debug_str     0x00000560       0x14 d:/fetel_worksoft/intelfpga_lite/23.1std/nios2eds/bin/gnu/h-x86_64-mingw32/bin/../lib/gcc/nios2-elf/12.3.1/../../../../../H-x86_64-mingw32/nios2-elf/lib/mno-hw-mul\libsmallc.a(libc_a-strlen.o)
                                0x114 (size before relaxing)
 .debug_str     0x00000560        0xd d:/fetel_worksoft/intelfpga_lite/23.1std/nios2eds/bin/gnu/h-x86_64-mingw32/bin/../lib/gcc/nios2-elf/12.3.1/../../../../../H-x86_64-mingw32/nios2-elf/lib/mno-hw-mul\libsmallc.a(libc_a-impure.o)
                                0x390 (size before relaxing)
 .debug_str     0x0000056d      0x2a1 d:/fetel_worksoft/intelfpga_lite/23.1std/nios2eds/bin/gnu/h-x86_64-mingw32/bin/../lib/gcc/nios2-elf/12.3.1/../../../../../H-x86_64-mingw32/nios2-elf/lib/mno-hw-mul\libsmallc.a(libc_a-vfprintf.o)
                                0x749 (size before relaxing)
 .debug_str     0x0000080e       0x25 d:/fetel_worksoft/intelfpga_lite/23.1std/nios2eds/bin/gnu/h-x86_64-mingw32/bin/../lib/gcc/nios2-elf/12.3.1/../../../../../H-x86_64-mingw32/nios2-elf/lib/mno-hw-mul\libsmallc.a(libc_a-fvwrite_small_dev.o)
                                0x3bd (size before relaxing)
 .debug_str     0x00000833       0x25 d:/fetel_worksoft/intelfpga_lite/23.1std/nios2eds/bin/gnu/h-x86_64-mingw32/bin/../lib/gcc/nios2-elf/12.3.1/../../../../../H-x86_64-mingw32/nios2-elf/lib/mno-hw-mul\libsmallc.a(libc_a-writer.o)
                                0x39c (size before relaxing)
 .debug_str     0x00000833      0x106 d:/fetel_worksoft/intelfpga_lite/23.1std/nios2eds/bin/gnu/h-x86_64-mingw32/bin/../lib/gcc/nios2-elf/12.3.1/../../../../../H-x86_64-mingw32/nios2-elf/lib/mno-hw-mul\libsmallc.a(libc_a-int_errno.o)
 .debug_str     0x00000833       0xcd d:/fetel_worksoft/intelfpga_lite/23.1std/nios2eds/bin/gnu/h-x86_64-mingw32/bin/../lib/gcc/nios2-elf/12.3.1/mno-hw-mul\libgcc.a(lib2-divmod.o)
                                0x122 (size before relaxing)
 .debug_str     0x00000900       0xe6 d:/fetel_worksoft/intelfpga_lite/23.1std/nios2eds/bin/gnu/h-x86_64-mingw32/bin/../lib/gcc/nios2-elf/12.3.1/mno-hw-mul\libgcc.a(lib2-mul.o)
 .debug_str     0x00000900      0x107 d:/FETEL_WorkDir/Y4S2_DMA_InternReport/software/DMA_NiosII_bsp/\libhal_bsp.a(alt_dcache_flush.o)
 .debug_str     0x00000900      0x100 d:/FETEL_WorkDir/Y4S2_DMA_InternReport/software/DMA_NiosII_bsp/\libhal_bsp.a(alt_load.o)
                                0x1f0 (size before relaxing)
 .debug_str     0x00000a00       0x75 d:/FETEL_WorkDir/Y4S2_DMA_InternReport/software/DMA_NiosII_bsp/\libhal_bsp.a(alt_main.o)
                                0x175 (size before relaxing)
 .debug_str     0x00000a75      0x194 d:/FETEL_WorkDir/Y4S2_DMA_InternReport/software/DMA_NiosII_bsp/\libhal_bsp.a(alt_write.o)
                                0x2fd (size before relaxing)
 .debug_str     0x00000c09      0x13f d:/FETEL_WorkDir/Y4S2_DMA_InternReport/software/DMA_NiosII_bsp/\libhal_bsp.a(alt_sys_init.o)
                                0x2da (size before relaxing)
 .debug_str     0x00000d48       0x42 d:/FETEL_WorkDir/Y4S2_DMA_InternReport/software/DMA_NiosII_bsp/\libhal_bsp.a(altera_avalon_jtag_uart_fd.o)
                                0x287 (size before relaxing)
 .debug_str     0x00000d8a       0x42 d:/FETEL_WorkDir/Y4S2_DMA_InternReport/software/DMA_NiosII_bsp/\libhal_bsp.a(altera_avalon_jtag_uart_read.o)
                                0x167 (size before relaxing)
 .debug_str     0x00000d8a      0x15c d:/FETEL_WorkDir/Y4S2_DMA_InternReport/software/DMA_NiosII_bsp/\libhal_bsp.a(altera_avalon_jtag_uart_write.o)
 .debug_str     0x00000d8a       0x16 d:/FETEL_WorkDir/Y4S2_DMA_InternReport/software/DMA_NiosII_bsp/\libhal_bsp.a(alt_close.o)
                                0x1c0 (size before relaxing)
 .debug_str     0x00000da0       0xfd d:/FETEL_WorkDir/Y4S2_DMA_InternReport/software/DMA_NiosII_bsp/\libhal_bsp.a(alt_dcache_flush_all.o)
 .debug_str     0x00000da0       0x3e d:/FETEL_WorkDir/Y4S2_DMA_InternReport/software/DMA_NiosII_bsp/\libhal_bsp.a(alt_dev.o)
                                0x319 (size before relaxing)
 .debug_str     0x00000dde       0x17 d:/FETEL_WorkDir/Y4S2_DMA_InternReport/software/DMA_NiosII_bsp/\libhal_bsp.a(alt_dev_llist_insert.o)
                                0x174 (size before relaxing)
 .debug_str     0x00000df5       0x27 d:/FETEL_WorkDir/Y4S2_DMA_InternReport/software/DMA_NiosII_bsp/\libhal_bsp.a(alt_do_ctors.o)
                                 0x89 (size before relaxing)
 .debug_str     0x00000e1c       0x2b d:/FETEL_WorkDir/Y4S2_DMA_InternReport/software/DMA_NiosII_bsp/\libhal_bsp.a(alt_do_dtors.o)
                                 0x88 (size before relaxing)
 .debug_str     0x00000e47        0x8 d:/FETEL_WorkDir/Y4S2_DMA_InternReport/software/DMA_NiosII_bsp/\libhal_bsp.a(alt_errno.o)
                                 0xfa (size before relaxing)
 .debug_str     0x00000e4f       0xfd d:/FETEL_WorkDir/Y4S2_DMA_InternReport/software/DMA_NiosII_bsp/\libhal_bsp.a(alt_icache_flush_all.o)
 .debug_str     0x00000e4f       0x2c d:/FETEL_WorkDir/Y4S2_DMA_InternReport/software/DMA_NiosII_bsp/\libhal_bsp.a(alt_io_redirect.o)
                                0x324 (size before relaxing)
 .debug_str     0x00000e7b       0x42 d:/FETEL_WorkDir/Y4S2_DMA_InternReport/software/DMA_NiosII_bsp/\libhal_bsp.a(alt_open.o)
                                0x234 (size before relaxing)
 .debug_str     0x00000ebd      0x17d d:/FETEL_WorkDir/Y4S2_DMA_InternReport/software/DMA_NiosII_bsp/\libhal_bsp.a(alt_release_fd.o)
 .debug_str     0x00000ebd      0x103 d:/FETEL_WorkDir/Y4S2_DMA_InternReport/software/DMA_NiosII_bsp/\libhal_bsp.a(altera_nios2_gen2_irq.o)
 .debug_str     0x00000ebd        0x7 d:/FETEL_WorkDir/Y4S2_DMA_InternReport/software/DMA_NiosII_bsp/\libhal_bsp.a(alt_find_dev.o)
                                0x1a4 (size before relaxing)
 .debug_str     0x00000ec4      0x1b1 d:/FETEL_WorkDir/Y4S2_DMA_InternReport/software/DMA_NiosII_bsp/\libhal_bsp.a(alt_find_file.o)
 .debug_str     0x00000ec4       0x10 d:/FETEL_WorkDir/Y4S2_DMA_InternReport/software/DMA_NiosII_bsp/\libhal_bsp.a(alt_get_fd.o)
                                0x1c1 (size before relaxing)
 .debug_str     0x00000ed4       0x44 d:/fetel_worksoft/intelfpga_lite/23.1std/nios2eds/bin/gnu/h-x86_64-mingw32/bin/../lib/gcc/nios2-elf/12.3.1/../../../../../H-x86_64-mingw32/nios2-elf/lib/mno-hw-mul\libsmallc.a(libc_a-atexit.o)
                                0x14b (size before relaxing)
 .debug_str     0x00000f18       0x26 d:/fetel_worksoft/intelfpga_lite/23.1std/nios2eds/bin/gnu/h-x86_64-mingw32/bin/../lib/gcc/nios2-elf/12.3.1/../../../../../H-x86_64-mingw32/nios2-elf/lib/mno-hw-mul\libsmallc.a(libc_a-exit.o)
                                0x136 (size before relaxing)
 .debug_str     0x00000f3e      0x10e d:/fetel_worksoft/intelfpga_lite/23.1std/nios2eds/bin/gnu/h-x86_64-mingw32/bin/../lib/gcc/nios2-elf/12.3.1/../../../../../H-x86_64-mingw32/nios2-elf/lib/mno-hw-mul\libsmallc.a(libc_a-memcmp.o)
 .debug_str     0x00000f3e       0x6a d:/fetel_worksoft/intelfpga_lite/23.1std/nios2eds/bin/gnu/h-x86_64-mingw32/bin/../lib/gcc/nios2-elf/12.3.1/../../../../../H-x86_64-mingw32/nios2-elf/lib/mno-hw-mul\libsmallc.a(libc_a-__atexit.o)
                                0x1e3 (size before relaxing)
 .debug_str     0x00000fa8       0x27 d:/fetel_worksoft/intelfpga_lite/23.1std/nios2eds/bin/gnu/h-x86_64-mingw32/bin/../lib/gcc/nios2-elf/12.3.1/../../../../../H-x86_64-mingw32/nios2-elf/lib/mno-hw-mul\libsmallc.a(libc_a-__call_atexit.o)
                                0x1b0 (size before relaxing)
 .debug_str     0x00000fcf       0x17 d:/FETEL_WorkDir/Y4S2_DMA_InternReport/software/DMA_NiosII_bsp/\libhal_bsp.a(alt_exit.o)
                                0x105 (size before relaxing)

.debug_loc
 *(.debug_loc)

.debug_macinfo
 *(.debug_macinfo)

.debug_weaknames
 *(.debug_weaknames)

.debug_funcnames
 *(.debug_funcnames)

.debug_typenames
 *(.debug_typenames)

.debug_varnames
 *(.debug_varnames)

.debug_alt_sim_info
                0x00000000       0x10
 *(.debug_alt_sim_info)
 .debug_alt_sim_info
                0x00000000       0x10 d:/FETEL_WorkDir/Y4S2_DMA_InternReport/software/DMA_NiosII_bsp//obj/HAL/src/crt0.o
                0x00040000                        __alt_data_end = 0x40000
                0x00040000                        PROVIDE (__alt_stack_pointer = __alt_data_end)
                [!provide]                        PROVIDE (__alt_stack_limit = __alt_stack_base)
                [!provide]                        PROVIDE (__alt_heap_start = end)
                [!provide]                        PROVIDE (__alt_heap_limit = 0x40000)
OUTPUT(DMA_NiosII.elf elf32-littlenios2)
LOAD linker stubs

.debug_ranges   0x00000000       0x20
 .debug_ranges  0x00000000       0x20 d:/FETEL_WorkDir/Y4S2_DMA_InternReport/software/DMA_NiosII_bsp//obj/HAL/src/crt0.o

.debug_line_str
                0x00000000      0xdae
 .debug_line_str
                0x00000000      0x158 obj/default/hello_world.o
                                0x1af (size before relaxing)
 .debug_line_str
                0x00000158      0x23c d:/fetel_worksoft/intelfpga_lite/23.1std/nios2eds/bin/gnu/h-x86_64-mingw32/bin/../lib/gcc/nios2-elf/12.3.1/../../../../../H-x86_64-mingw32/nios2-elf/lib/mno-hw-mul\libsmallc.a(libc_a-printf.o)
                                0x2e1 (size before relaxing)
 .debug_line_str
                0x00000394       0x3f d:/fetel_worksoft/intelfpga_lite/23.1std/nios2eds/bin/gnu/h-x86_64-mingw32/bin/../lib/gcc/nios2-elf/12.3.1/../../../../../H-x86_64-mingw32/nios2-elf/lib/mno-hw-mul\libsmallc.a(libc_a-puts.o)
                                0x2d3 (size before relaxing)
 .debug_line_str
                0x000003d3       0x69 d:/fetel_worksoft/intelfpga_lite/23.1std/nios2eds/bin/gnu/h-x86_64-mingw32/bin/../lib/gcc/nios2-elf/12.3.1/../../../../../H-x86_64-mingw32/nios2-elf/lib/mno-hw-mul\libsmallc.a(libc_a-strlen.o)
                                0x259 (size before relaxing)
 .debug_line_str
                0x0000043c       0x67 d:/fetel_worksoft/intelfpga_lite/23.1std/nios2eds/bin/gnu/h-x86_64-mingw32/bin/../lib/gcc/nios2-elf/12.3.1/../../../../../H-x86_64-mingw32/nios2-elf/lib/mno-hw-mul\libsmallc.a(libc_a-impure.o)
                                0x25a (size before relaxing)
 .debug_line_str
                0x000004a3       0x91 d:/fetel_worksoft/intelfpga_lite/23.1std/nios2eds/bin/gnu/h-x86_64-mingw32/bin/../lib/gcc/nios2-elf/12.3.1/../../../../../H-x86_64-mingw32/nios2-elf/lib/mno-hw-mul\libsmallc.a(libc_a-vfprintf.o)
                                0x33e (size before relaxing)
 .debug_line_str
                0x00000534       0x43 d:/fetel_worksoft/intelfpga_lite/23.1std/nios2eds/bin/gnu/h-x86_64-mingw32/bin/../lib/gcc/nios2-elf/12.3.1/../../../../../H-x86_64-mingw32/nios2-elf/lib/mno-hw-mul\libsmallc.a(libc_a-fvwrite_small_dev.o)
                                0x2e7 (size before relaxing)
 .debug_line_str
                0x00000577       0x41 d:/fetel_worksoft/intelfpga_lite/23.1std/nios2eds/bin/gnu/h-x86_64-mingw32/bin/../lib/gcc/nios2-elf/12.3.1/../../../../../H-x86_64-mingw32/nios2-elf/lib/mno-hw-mul\libsmallc.a(libc_a-writer.o)
                                0x2cf (size before relaxing)
 .debug_line_str
                0x000005b8       0x3b d:/fetel_worksoft/intelfpga_lite/23.1std/nios2eds/bin/gnu/h-x86_64-mingw32/bin/../lib/gcc/nios2-elf/12.3.1/../../../../../H-x86_64-mingw32/nios2-elf/lib/mno-hw-mul\libsmallc.a(libc_a-int_errno.o)
                                0x186 (size before relaxing)
 .debug_line_str
                0x000005f3       0xf2 d:/fetel_worksoft/intelfpga_lite/23.1std/nios2eds/bin/gnu/h-x86_64-mingw32/bin/../lib/gcc/nios2-elf/12.3.1/mno-hw-mul\libgcc.a(lib2-divmod.o)
                                0x187 (size before relaxing)
 .debug_line_str
                0x000006e5       0x3a d:/fetel_worksoft/intelfpga_lite/23.1std/nios2eds/bin/gnu/h-x86_64-mingw32/bin/../lib/gcc/nios2-elf/12.3.1/mno-hw-mul\libgcc.a(lib2-mul.o)
                                0x17e (size before relaxing)
 .debug_line_str
                0x0000071f       0x6c d:/FETEL_WorkDir/Y4S2_DMA_InternReport/software/DMA_NiosII_bsp/\libhal_bsp.a(alt_dcache_flush.o)
                                 0xdd (size before relaxing)
 .debug_line_str
                0x0000078b       0x2c d:/FETEL_WorkDir/Y4S2_DMA_InternReport/software/DMA_NiosII_bsp/\libhal_bsp.a(alt_load.o)
                                 0xea (size before relaxing)
 .debug_line_str
                0x000007b7       0xbf d:/FETEL_WorkDir/Y4S2_DMA_InternReport/software/DMA_NiosII_bsp/\libhal_bsp.a(alt_main.o)
                                0x1cf (size before relaxing)
 .debug_line_str